../Core/Src/NRF24.c:42:22:DelayMicro	16	static
../Core/Src/NRF24.c:56:9:NRF24_ReadReg	32	static
../Core/Src/NRF24.c:84:6:NRF24_WriteReg	16	static
../Core/Src/NRF24.c:102:6:NRF24_ToggleFeatures	16	static
../Core/Src/NRF24.c:124:6:NRF24_Read_Buf	16	static
../Core/Src/NRF24.c:140:6:NRF24_Write_Buf	16	static
../Core/Src/NRF24.c:160:6:NRF24_FlushRX	16	static
../Core/Src/NRF24.c:178:6:NRF24_FlushTX	16	static
../Core/Src/NRF24.c:196:6:NRF24L01_RX_Mode	16	static
../Core/Src/NRF24.c:223:6:NRF24L01_TX_Mode	16	static
../Core/Src/NRF24.c:241:6:NRF24_Transmit	16	static
../Core/Src/NRF24.c:263:6:NRF24L01_Send	24	static
../Core/Src/NRF24.c:298:6:NRF24L01_Receive	8	static
../Core/Src/NRF24.c:313:6:NRF24L01_IT	16	static
../Core/Src/NRF24.c:347:6:NRF24_ini	8	static
