Archive member included to satisfy reference by file (symbol)

/home/seradya/toolchains/gcc-arm-none-eabi-10.3-2021.10/bin/../lib/gcc/arm-none-eabi/10.3.1/../../../../arm-none-eabi/lib/thumb/v7-m/nofp/libc_nano.a(lib_a-exit.o)
                              /home/seradya/toolchains/gcc-arm-none-eabi-10.3-2021.10/bin/../lib/gcc/arm-none-eabi/10.3.1/../../../../arm-none-eabi/lib/thumb/v7-m/nofp/crt0.o (exit)
/home/seradya/toolchains/gcc-arm-none-eabi-10.3-2021.10/bin/../lib/gcc/arm-none-eabi/10.3.1/../../../../arm-none-eabi/lib/thumb/v7-m/nofp/libc_nano.a(lib_a-impure.o)
                              /home/seradya/toolchains/gcc-arm-none-eabi-10.3-2021.10/bin/../lib/gcc/arm-none-eabi/10.3.1/../../../../arm-none-eabi/lib/thumb/v7-m/nofp/libc_nano.a(lib_a-exit.o) (_global_impure_ptr)
/home/seradya/toolchains/gcc-arm-none-eabi-10.3-2021.10/bin/../lib/gcc/arm-none-eabi/10.3.1/../../../../arm-none-eabi/lib/thumb/v7-m/nofp/libc_nano.a(lib_a-init.o)
                              /home/seradya/toolchains/gcc-arm-none-eabi-10.3-2021.10/bin/../lib/gcc/arm-none-eabi/10.3.1/../../../../arm-none-eabi/lib/thumb/v7-m/nofp/crt0.o (__libc_init_array)
/home/seradya/toolchains/gcc-arm-none-eabi-10.3-2021.10/bin/../lib/gcc/arm-none-eabi/10.3.1/../../../../arm-none-eabi/lib/thumb/v7-m/nofp/libc_nano.a(lib_a-memcpy-stub.o)
                              build/ssd1306.o (memcpy)
/home/seradya/toolchains/gcc-arm-none-eabi-10.3-2021.10/bin/../lib/gcc/arm-none-eabi/10.3.1/../../../../arm-none-eabi/lib/thumb/v7-m/nofp/libc_nano.a(lib_a-memmove.o)
                              build/ssd1306_tests.o (memmove)
/home/seradya/toolchains/gcc-arm-none-eabi-10.3-2021.10/bin/../lib/gcc/arm-none-eabi/10.3.1/../../../../arm-none-eabi/lib/thumb/v7-m/nofp/libc_nano.a(lib_a-memset.o)
                              /home/seradya/toolchains/gcc-arm-none-eabi-10.3-2021.10/bin/../lib/gcc/arm-none-eabi/10.3.1/../../../../arm-none-eabi/lib/thumb/v7-m/nofp/crt0.o (memset)
/home/seradya/toolchains/gcc-arm-none-eabi-10.3-2021.10/bin/../lib/gcc/arm-none-eabi/10.3.1/../../../../arm-none-eabi/lib/thumb/v7-m/nofp/libc_nano.a(lib_a-snprintf.o)
                              build/ssd1306_tests.o (snprintf)
/home/seradya/toolchains/gcc-arm-none-eabi-10.3-2021.10/bin/../lib/gcc/arm-none-eabi/10.3.1/../../../../arm-none-eabi/lib/thumb/v7-m/nofp/libc_nano.a(lib_a-sprintf.o)
                              build/display.o (sprintf)
/home/seradya/toolchains/gcc-arm-none-eabi-10.3-2021.10/bin/../lib/gcc/arm-none-eabi/10.3.1/../../../../arm-none-eabi/lib/thumb/v7-m/nofp/libc_nano.a(lib_a-nano-svfprintf.o)
                              /home/seradya/toolchains/gcc-arm-none-eabi-10.3-2021.10/bin/../lib/gcc/arm-none-eabi/10.3.1/../../../../arm-none-eabi/lib/thumb/v7-m/nofp/libc_nano.a(lib_a-snprintf.o) (_svfprintf_r)
/home/seradya/toolchains/gcc-arm-none-eabi-10.3-2021.10/bin/../lib/gcc/arm-none-eabi/10.3.1/../../../../arm-none-eabi/lib/thumb/v7-m/nofp/libc_nano.a(lib_a-nano-vfprintf_i.o)
                              /home/seradya/toolchains/gcc-arm-none-eabi-10.3-2021.10/bin/../lib/gcc/arm-none-eabi/10.3.1/../../../../arm-none-eabi/lib/thumb/v7-m/nofp/libc_nano.a(lib_a-nano-svfprintf.o) (_printf_i)
/home/seradya/toolchains/gcc-arm-none-eabi-10.3-2021.10/bin/../lib/gcc/arm-none-eabi/10.3.1/../../../../arm-none-eabi/lib/thumb/v7-m/nofp/libc_nano.a(lib_a-memchr-stub.o)
                              /home/seradya/toolchains/gcc-arm-none-eabi-10.3-2021.10/bin/../lib/gcc/arm-none-eabi/10.3.1/../../../../arm-none-eabi/lib/thumb/v7-m/nofp/libc_nano.a(lib_a-nano-svfprintf.o) (memchr)
/home/seradya/toolchains/gcc-arm-none-eabi-10.3-2021.10/bin/../lib/gcc/arm-none-eabi/10.3.1/../../../../arm-none-eabi/lib/thumb/v7-m/nofp/libc_nano.a(lib_a-nano-freer.o)
                              /home/seradya/toolchains/gcc-arm-none-eabi-10.3-2021.10/bin/../lib/gcc/arm-none-eabi/10.3.1/../../../../arm-none-eabi/lib/thumb/v7-m/nofp/libc_nano.a(lib_a-nano-svfprintf.o) (_free_r)
/home/seradya/toolchains/gcc-arm-none-eabi-10.3-2021.10/bin/../lib/gcc/arm-none-eabi/10.3.1/../../../../arm-none-eabi/lib/thumb/v7-m/nofp/libc_nano.a(lib_a-nano-mallocr.o)
                              /home/seradya/toolchains/gcc-arm-none-eabi-10.3-2021.10/bin/../lib/gcc/arm-none-eabi/10.3.1/../../../../arm-none-eabi/lib/thumb/v7-m/nofp/libc_nano.a(lib_a-nano-svfprintf.o) (_malloc_r)
/home/seradya/toolchains/gcc-arm-none-eabi-10.3-2021.10/bin/../lib/gcc/arm-none-eabi/10.3.1/../../../../arm-none-eabi/lib/thumb/v7-m/nofp/libc_nano.a(lib_a-nano-reallocr.o)
                              /home/seradya/toolchains/gcc-arm-none-eabi-10.3-2021.10/bin/../lib/gcc/arm-none-eabi/10.3.1/../../../../arm-none-eabi/lib/thumb/v7-m/nofp/libc_nano.a(lib_a-nano-svfprintf.o) (_realloc_r)
/home/seradya/toolchains/gcc-arm-none-eabi-10.3-2021.10/bin/../lib/gcc/arm-none-eabi/10.3.1/../../../../arm-none-eabi/lib/thumb/v7-m/nofp/libc_nano.a(lib_a-sbrkr.o)
[...]
Memory Configuration

Name             Origin             Length             Attributes
RAM              0x0000000020000000 0x0000000000005000 xrw
FLASH            0x0000000008000000 0x0000000000010000 xr
*default*        0x0000000000000000 0xffffffffffffffff

Linker script and memory map

LOAD /home/seradya/toolchains/gcc-arm-none-eabi-10.3-2021.10/bin/../lib/gcc/arm-none-eabi/10.3.1/thumb/v7-m/nofp/crti.o
LOAD /home/seradya/toolchains/gcc-arm-none-eabi-10.3-2021.10/bin/../lib/gcc/arm-none-eabi/10.3.1/thumb/v7-m/nofp/crtbegin.o
LOAD /home/seradya/toolchains/gcc-arm-none-eabi-10.3-2021.10/bin/../lib/gcc/arm-none-eabi/10.3.1/../../../../arm-none-eabi/lib/thumb/v7-m/nofp/crt0.o
LOAD build/main.o
LOAD build/gpio.o
LOAD build/dma.o
LOAD build/spi.o
LOAD build/tim.o
LOAD build/display.o
LOAD build/encoder.o
LOAD build/NRF24.o
LOAD build/ssd1306.o
LOAD build/ssd1306_fonts.o
LOAD build/ssd1306_tests.o
LOAD build/stm32f1xx_it.o
LOAD build/stm32f1xx_hal_msp.o
LOAD build/stm32f1xx_hal_gpio_ex.o
LOAD build/stm32f1xx_hal_spi.o
LOAD build/stm32f1xx_hal.o
LOAD build/stm32f1xx_hal_rcc.o
LOAD build/stm32f1xx_hal_rcc_ex.o
LOAD build/stm32f1xx_hal_gpio.o
LOAD build/stm32f1xx_hal_dma.o
LOAD build/stm32f1xx_hal_cortex.o
LOAD build/stm32f1xx_hal_pwr.o
LOAD build/stm32f1xx_hal_flash.o
LOAD build/stm32f1xx_hal_flash_ex.o
LOAD build/stm32f1xx_hal_exti.o
LOAD build/stm32f1xx_hal_tim.o
LOAD build/stm32f1xx_hal_tim_ex.o
LOAD build/system_stm32f1xx.o
LOAD build/startup_stm32f103xb.o
LOAD /home/seradya/toolchains/gcc-arm-none-eabi-10.3-2021.10/bin/../lib/gcc/arm-none-eabi/10.3.1/../../../../arm-none-eabi/lib/thumb/v7-m/nofp/libc_nano.a
LOAD /home/seradya/toolchains/gcc-arm-none-eabi-10.3-2021.10/bin/../lib/gcc/arm-none-eabi/10.3.1/../../../../arm-none-eabi/lib/thumb/v7-m/nofp/libm.a
LOAD /home/seradya/toolchains/gcc-arm-none-eabi-10.3-2021.10/bin/../lib/gcc/arm-none-eabi/10.3.1/../../../../arm-none-eabi/lib/thumb/v7-m/nofp/libnosys.a
START GROUP
LOAD /home/seradya/toolchains/gcc-arm-none-eabi-10.3-2021.10/bin/../lib/gcc/arm-none-eabi/10.3.1/thumb/v7-m/nofp/libgcc.a
LOAD /home/seradya/toolchains/gcc-arm-none-eabi-10.3-2021.10/bin/../lib/gcc/arm-none-eabi/10.3.1/../../../../arm-none-eabi/lib/thumb/v7-m/nofp/libc_nano.a
END GROUP
START GROUP
LOAD /home/seradya/toolchains/gcc-arm-none-eabi-10.3-2021.10/bin/../lib/gcc/arm-none-eabi/10.3.1/thumb/v7-m/nofp/libgcc.a
LOAD /home/seradya/toolchains/gcc-arm-none-eabi-10.3-2021.10/bin/../lib/gcc/arm-none-eabi/10.3.1/../../../../arm-none-eabi/lib/thumb/v7-m/nofp/libc_nano.a
END GROUP
LOAD /home/seradya/toolchains/gcc-arm-none-eabi-10.3-2021.10/bin/../lib/gcc/arm-none-eabi/10.3.1/thumb/v7-m/nofp/crtend.o
LOAD /home/seradya/toolchains/gcc-arm-none-eabi-10.3-2021.10/bin/../lib/gcc/arm-none-eabi/10.3.1/thumb/v7-m/nofp/crtn.o
                0x0000000020005000                _estack = (ORIGIN (RAM) + LENGTH (RAM))
                0x0000000000000200                _Min_Heap_Size = 0x200
                0x0000000000000400                _Min_Stack_Size = 0x400

.isr_vector     0x0000000008000000      0x10c
                0x0000000008000000                . = ALIGN (0x4)
 *(.isr_vector)
 .isr_vector    0x0000000008000000      0x10c build/startup_stm32f103xb.o
                0x0000000008000000                g_pfnVectors
                0x000000000800010c                . = ALIGN (0x4)

.text           0x0000000008000110     0x45fc
                0x0000000008000110                . = ALIGN (0x4)
 *(.text)
 .text          0x0000000008000110       0x40 /home/seradya/toolchains/gcc-arm-none-eabi-10.3-2021.10/bin/../lib/gcc/arm-none-eabi/10.3.1/thumb/v7-m/nofp/crtbegin.o
 .text          0x0000000008000150      0x378 /home/seradya/toolchains/gcc-arm-none-eabi-10.3-2021.10/bin/../lib/gcc/arm-none-eabi/10.3.1/thumb/v7-m/nofp/libgcc.a(_arm_addsubdf3.o)
                0x0000000008000150                __aeabi_drsub
                0x0000000008000158                __aeabi_dsub
                0x0000000008000158                __subdf3
                0x000000000800015c                __adddf3
                0x000000000800015c                __aeabi_dadd
                0x00000000080003d4                __aeabi_ui2d
                0x00000000080003d4                __floatunsidf
                0x00000000080003f4                __floatsidf
                0x00000000080003f4                __aeabi_i2d
                0x0000000008000418                __extendsfdf2
                0x0000000008000418                __aeabi_f2d
                0x000000000800045c                __aeabi_ul2d
                0x000000000800045c                __floatundidf
                0x000000000800046c                __floatdidf
                0x000000000800046c                __aeabi_l2d
 .text          0x00000000080004c8      0x424 /home/seradya/toolchains/gcc-arm-none-eabi-10.3-2021.10/bin/../lib/gcc/arm-none-eabi/10.3.1/thumb/v7-m/nofp/libgcc.a(_arm_muldivdf3.o)
                0x00000000080004c8                __aeabi_dmul
                0x00000000080004c8                __muldf3
                0x000000000800071c                __aeabi_ddiv
                0x000000000800071c                __divdf3
 .text          0x00000000080008ec       0xa0 /home/seradya/toolchains/gcc-arm-none-eabi-10.3-2021.10/bin/../lib/gcc/arm-none-eabi/10.3.1/thumb/v7-m/nofp/libgcc.a(_arm_truncdfsf2.o)
                0x00000000080008ec                __aeabi_d2f
                0x00000000080008ec                __truncdfsf2
 *(.text*)
 .text.SystemClock_Config
                0x000000000800098c       0x54 build/main.o
                0x000000000800098c                SystemClock_Config
 .text.main     0x00000000080009e0       0x80 build/main.o
                0x00000000080009e0                main
 .text.HAL_GPIO_EXTI_Callback
                0x0000000008000a60       0x78 build/main.o
                0x0000000008000a60                HAL_GPIO_EXTI_Callback
 .text.HAL_SPI_TxCpltCallback
                0x0000000008000ad8       0x24 build/main.o
                0x0000000008000ad8                HAL_SPI_TxCpltCallback
 .text.HAL_TIM_PeriodElapsedCallback
                0x0000000008000afc       0x84 build/main.o
                0x0000000008000afc                HAL_TIM_PeriodElapsedCallback
 .text.Error_Handler
                0x0000000008000b80        0x2 build/main.o
                0x0000000008000b80                Error_Handler
 *fill*         0x0000000008000b82        0x2 
 .text.MX_GPIO_Init
                0x0000000008000b84      0x140 build/gpio.o
                0x0000000008000b84                MX_GPIO_Init
 .text.MX_DMA_Init
                0x0000000008000cc4       0x34 build/dma.o
                0x0000000008000cc4                MX_DMA_Init
 .text.MX_SPI1_Init
                0x0000000008000cf8       0x44 build/spi.o
                0x0000000008000cf8                MX_SPI1_Init
 .text.MX_SPI2_Init
                0x0000000008000d3c       0x48 build/spi.o
                0x0000000008000d3c                MX_SPI2_Init
 .text.HAL_SPI_MspInit
                0x0000000008000d84       0xf8 build/spi.o
                0x0000000008000d84                HAL_SPI_MspInit
 .text.MX_TIM2_Init
                0x0000000008000e7c       0x6c build/tim.o
                0x0000000008000e7c                MX_TIM2_Init
 .text.MX_TIM3_Init
                0x0000000008000ee8       0x64 build/tim.o
                0x0000000008000ee8                MX_TIM3_Init
 .text.MX_TIM4_Init
                0x0000000008000f4c       0x80 build/tim.o
                0x0000000008000f4c                MX_TIM4_Init
 .text.HAL_TIM_Base_MspInit
                0x0000000008000fcc       0x90 build/tim.o
                0x0000000008000fcc                HAL_TIM_Base_MspInit
 .text.HAL_TIM_Encoder_MspInit
                0x000000000800105c       0x70 build/tim.o
                0x000000000800105c                HAL_TIM_Encoder_MspInit
 .text.HAL_TIM_MspPostInit
                0x00000000080010cc       0x64 build/tim.o
                0x00000000080010cc                HAL_TIM_MspPostInit
 .text.MX_TIM1_Init
                0x0000000008001130       0xec build/tim.o
                0x0000000008001130                MX_TIM1_Init
 .text.Display_Init
                0x000000000800121c        0x8 build/display.o
                0x000000000800121c                Display_Init
 *fill*         0x0000000008001224        0x4 
 .text.Main_Screen
                0x0000000008001228      0x140 build/display.o
                0x0000000008001228                Main_Screen
 .text.Encoder_Init
                0x0000000008001368       0x34 build/encoder.o
                0x0000000008001368                Encoder_Init
 .text.NRF24_ReadReg
                0x000000000800139c       0x70 build/NRF24.o
                0x000000000800139c                NRF24_ReadReg
 .text.NRF24_WriteReg
                0x000000000800140c       0x5c build/NRF24.o
                0x000000000800140c                NRF24_WriteReg
 .text.NRF24_ToggleFeatures
                0x0000000008001468       0x6c build/NRF24.o
                0x0000000008001468                NRF24_ToggleFeatures
 .text.NRF24_Read_Buf
                0x00000000080014d4       0x50 build/NRF24.o
                0x00000000080014d4                NRF24_Read_Buf
 .text.NRF24_Write_Buf
                0x0000000008001524       0x70 build/NRF24.o
                0x0000000008001524                NRF24_Write_Buf
 .text.NRF24_FlushRX
                0x0000000008001594       0x58 build/NRF24.o
                0x0000000008001594                NRF24_FlushRX
 .text.NRF24_FlushTX
                0x00000000080015ec       0x58 build/NRF24.o
                0x00000000080015ec                NRF24_FlushTX
 .text.NRF24L01_RX_Mode
                0x0000000008001644       0x50 build/NRF24.o
                0x0000000008001644                NRF24L01_RX_Mode
 .text.NRF24L01_TX_Mode
                0x0000000008001694       0x28 build/NRF24.o
                0x0000000008001694                NRF24L01_TX_Mode
 .text.NRF24_Transmit
                0x00000000080016bc       0x80 build/NRF24.o
                0x00000000080016bc                NRF24_Transmit
 .text.NRF24L01_Send
                0x000000000800173c       0x7c build/NRF24.o
                0x000000000800173c                NRF24L01_Send
 .text.NRF24L01_Receive
                0x00000000080017b8       0x34 build/NRF24.o
                0x00000000080017b8                NRF24L01_Receive
 .text.NRF24L01_IT
                0x00000000080017ec       0x98 build/NRF24.o
                0x00000000080017ec                NRF24L01_IT
 .text.NRF24_ini
                0x0000000008001884       0xcc build/NRF24.o
                0x0000000008001884                NRF24_ini
 .text.ssd1306_Reset
                0x0000000008001950       0x3c build/ssd1306.o
                0x0000000008001950                ssd1306_Reset
 .text.ssd1306_WriteCommand
                0x000000000800198c       0x4c build/ssd1306.o
                0x000000000800198c                ssd1306_WriteCommand
 .text.ssd1306_WriteData_DMA
                0x00000000080019d8       0x34 build/ssd1306.o
                0x00000000080019d8                ssd1306_WriteData_DMA
 .text.ssd1306_Fill
                0x0000000008001a0c       0x20 build/ssd1306.o
                0x0000000008001a0c                ssd1306_Fill
 .text.ssd1306_UpdateScreen
                0x0000000008001a2c       0x24 build/ssd1306.o
                0x0000000008001a2c                ssd1306_UpdateScreen
 .text.ssd1306_DrawPixel
                0x0000000008001a50       0x44 build/ssd1306.o
                0x0000000008001a50                ssd1306_DrawPixel
 .text.ssd1306_WriteChar
                0x0000000008001a94       0xb0 build/ssd1306.o
                0x0000000008001a94                ssd1306_WriteChar
 .text.ssd1306_WriteString
                0x0000000008001b44       0x2e build/ssd1306.o
                0x0000000008001b44                ssd1306_WriteString
 *fill*         0x0000000008001b72        0x2 
 .text.ssd1306_SetCursor
                0x0000000008001b74        0xc build/ssd1306.o
                0x0000000008001b74                ssd1306_SetCursor
 .text.ssd1306_Line
                0x0000000008001b80       0x8e build/ssd1306.o
                0x0000000008001b80                ssd1306_Line
 .text.ssd1306_SetContrast
                0x0000000008001c0e       0x12 build/ssd1306.o
                0x0000000008001c0e                ssd1306_SetContrast
 .text.ssd1306_SetDisplayOn
                0x0000000008001c20       0x20 build/ssd1306.o
                0x0000000008001c20                ssd1306_SetDisplayOn
 .text.ssd1306_Init
                0x0000000008001c40       0xcc build/ssd1306.o
                0x0000000008001c40                ssd1306_Init
 .text.NMI_Handler
                0x0000000008001d0c        0x2 build/stm32f1xx_it.o
                0x0000000008001d0c                NMI_Handler
 .text.HardFault_Handler
                0x0000000008001d0e        0x2 build/stm32f1xx_it.o
                0x0000000008001d0e                HardFault_Handler
 .text.MemManage_Handler
                0x0000000008001d10        0x2 build/stm32f1xx_it.o
                0x0000000008001d10                MemManage_Handler
 .text.BusFault_Handler
                0x0000000008001d12        0x2 build/stm32f1xx_it.o
                0x0000000008001d12                BusFault_Handler
 .text.UsageFault_Handler
                0x0000000008001d14        0x2 build/stm32f1xx_it.o
                0x0000000008001d14                UsageFault_Handler
 .text.SVC_Handler
                0x0000000008001d16        0x2 build/stm32f1xx_it.o
                0x0000000008001d16                SVC_Handler
 .text.DebugMon_Handler
                0x0000000008001d18        0x2 build/stm32f1xx_it.o
                0x0000000008001d18                DebugMon_Handler
 .text.PendSV_Handler
                0x0000000008001d1a        0x2 build/stm32f1xx_it.o
                0x0000000008001d1a                PendSV_Handler
 .text.SysTick_Handler
                0x0000000008001d1c        0x8 build/stm32f1xx_it.o
                0x0000000008001d1c                SysTick_Handler
 .text.EXTI2_IRQHandler
                0x0000000008001d24        0xa build/stm32f1xx_it.o
                0x0000000008001d24                EXTI2_IRQHandler
 *fill*         0x0000000008001d2e        0x2 
 .text.DMA1_Channel5_IRQHandler
                0x0000000008001d30       0x10 build/stm32f1xx_it.o
                0x0000000008001d30                DMA1_Channel5_IRQHandler
 .text.EXTI9_5_IRQHandler
                0x0000000008001d40        0xa build/stm32f1xx_it.o
                0x0000000008001d40                EXTI9_5_IRQHandler
 *fill*         0x0000000008001d4a        0x2 
 .text.TIM2_IRQHandler
                0x0000000008001d4c       0x10 build/stm32f1xx_it.o
                0x0000000008001d4c                TIM2_IRQHandler
 .text.TIM4_IRQHandler
                0x0000000008001d5c       0x10 build/stm32f1xx_it.o
                0x0000000008001d5c                TIM4_IRQHandler
 .text.HAL_MspInit
                0x0000000008001d6c       0x44 build/stm32f1xx_hal_msp.o
                0x0000000008001d6c                HAL_MspInit
 .text.SPI_WaitFlagStateUntilTimeout
                0x0000000008001db0       0xd4 build/stm32f1xx_hal_spi.o
 .text.SPI_EndRxTxTransaction
                0x0000000008001e84       0x24 build/stm32f1xx_hal_spi.o
 .text.SPI_EndRxTransaction
                0x0000000008001ea8       0x74 build/stm32f1xx_hal_spi.o
 .text.HAL_SPI_Init
                0x0000000008001f1c       0xb6 build/stm32f1xx_hal_spi.o
                0x0000000008001f1c                HAL_SPI_Init
 .text.HAL_SPI_Transmit
                0x0000000008001fd2      0x1b8 build/stm32f1xx_hal_spi.o
                0x0000000008001fd2                HAL_SPI_Transmit
 .text.HAL_SPI_TransmitReceive
                0x000000000800218a      0x244 build/stm32f1xx_hal_spi.o
                0x000000000800218a                HAL_SPI_TransmitReceive
 .text.HAL_SPI_Receive
                0x00000000080023ce      0x17e build/stm32f1xx_hal_spi.o
                0x00000000080023ce                HAL_SPI_Receive
 .text.HAL_SPI_Transmit_DMA
                0x000000000800254c       0xd8 build/stm32f1xx_hal_spi.o
                0x000000000800254c                HAL_SPI_Transmit_DMA
 .text.HAL_SPI_TxHalfCpltCallback
                0x0000000008002624        0x2 build/stm32f1xx_hal_spi.o
                0x0000000008002624                HAL_SPI_TxHalfCpltCallback
 .text.SPI_DMAHalfTransmitCplt
                0x0000000008002626        0xa build/stm32f1xx_hal_spi.o
 .text.HAL_SPI_ErrorCallback
                0x0000000008002630        0x2 build/stm32f1xx_hal_spi.o
                0x0000000008002630                HAL_SPI_ErrorCallback
 .text.SPI_DMAError
                0x0000000008002632       0x22 build/stm32f1xx_hal_spi.o
 .text.SPI_DMATransmitCplt
                0x0000000008002654       0x70 build/stm32f1xx_hal_spi.o
 .text.HAL_InitTick
                0x00000000080026c4       0x4c build/stm32f1xx_hal.o
                0x00000000080026c4                HAL_InitTick
 .text.HAL_Init
                0x0000000008002710       0x24 build/stm32f1xx_hal.o
                0x0000000008002710                HAL_Init
 .text.HAL_IncTick
                0x0000000008002734       0x18 build/stm32f1xx_hal.o
                0x0000000008002734                HAL_IncTick
 .text.HAL_GetTick
                0x000000000800274c        0xc build/stm32f1xx_hal.o
                0x000000000800274c                HAL_GetTick
 .text.HAL_Delay
                0x0000000008002758       0x28 build/stm32f1xx_hal.o
                0x0000000008002758                HAL_Delay
 .text.RCC_Delay
                0x0000000008002780       0x2c build/stm32f1xx_hal_rcc.o
 .text.HAL_RCC_OscConfig
                0x00000000080027ac      0x410 build/stm32f1xx_hal_rcc.o
                0x00000000080027ac                HAL_RCC_OscConfig
 .text.HAL_RCC_GetSysClockFreq
                0x0000000008002bbc       0x60 build/stm32f1xx_hal_rcc.o
                0x0000000008002bbc                HAL_RCC_GetSysClockFreq
 .text.HAL_RCC_ClockConfig
                0x0000000008002c1c      0x16c build/stm32f1xx_hal_rcc.o
                0x0000000008002c1c                HAL_RCC_ClockConfig
 .text.HAL_GPIO_Init
                0x0000000008002d88      0x224 build/stm32f1xx_hal_gpio.o
                0x0000000008002d88                HAL_GPIO_Init
 .text.HAL_GPIO_WritePin
                0x0000000008002fac        0xc build/stm32f1xx_hal_gpio.o
                0x0000000008002fac                HAL_GPIO_WritePin
 .text.HAL_GPIO_EXTI_IRQHandler
                0x0000000008002fb8       0x1c build/stm32f1xx_hal_gpio.o
                0x0000000008002fb8                HAL_GPIO_EXTI_IRQHandler
 .text.DMA_SetConfig
                0x0000000008002fd4       0x2c build/stm32f1xx_hal_dma.o
 .text.HAL_DMA_Init
                0x0000000008003000       0x6c build/stm32f1xx_hal_dma.o
                0x0000000008003000                HAL_DMA_Init
 .text.HAL_DMA_Start_IT
                0x000000000800306c       0x76 build/stm32f1xx_hal_dma.o
                0x000000000800306c                HAL_DMA_Start_IT
 *fill*         0x00000000080030e2        0x2 
 .text.HAL_DMA_IRQHandler
                0x00000000080030e4      0x144 build/stm32f1xx_hal_dma.o
                0x00000000080030e4                HAL_DMA_IRQHandler
 .text.HAL_NVIC_SetPriorityGrouping
                0x0000000008003228       0x24 build/stm32f1xx_hal_cortex.o
                0x0000000008003228                HAL_NVIC_SetPriorityGrouping
 .text.HAL_NVIC_SetPriority
                0x000000000800324c       0x70 build/stm32f1xx_hal_cortex.o
                0x000000000800324c                HAL_NVIC_SetPriority
 .text.HAL_NVIC_EnableIRQ
                0x00000000080032bc       0x1c build/stm32f1xx_hal_cortex.o
                0x00000000080032bc                HAL_NVIC_EnableIRQ
 .text.HAL_SYSTICK_Config
                0x00000000080032d8       0x28 build/stm32f1xx_hal_cortex.o
                0x00000000080032d8                HAL_SYSTICK_Config
 .text.TIM_OC1_SetConfig
                0x0000000008003300       0x5c build/stm32f1xx_hal_tim.o
 .text.TIM_OC3_SetConfig
                0x000000000800335c       0x64 build/stm32f1xx_hal_tim.o
 .text.TIM_OC4_SetConfig
                0x00000000080033c0       0x48 build/stm32f1xx_hal_tim.o
 .text.TIM_TI1_ConfigInputStage
                0x0000000008003408       0x24 build/stm32f1xx_hal_tim.o
 .text.TIM_TI2_ConfigInputStage
                0x000000000800342c       0x26 build/stm32f1xx_hal_tim.o
 .text.TIM_ITRx_SetConfig
                0x0000000008003452       0x10 build/stm32f1xx_hal_tim.o
 *fill*         0x0000000008003462        0x2 
 .text.HAL_TIM_Base_Start_IT
                0x0000000008003464       0x68 build/stm32f1xx_hal_tim.o
                0x0000000008003464                HAL_TIM_Base_Start_IT
 .text.HAL_TIM_Base_Stop_IT
                0x00000000080034cc       0x32 build/stm32f1xx_hal_tim.o
                0x00000000080034cc                HAL_TIM_Base_Stop_IT
 .text.HAL_TIM_PWM_MspInit
                0x00000000080034fe        0x2 build/stm32f1xx_hal_tim.o
                0x00000000080034fe                HAL_TIM_PWM_MspInit
 .text.HAL_TIM_OC_DelayElapsedCallback
                0x0000000008003500        0x2 build/stm32f1xx_hal_tim.o
                0x0000000008003500                HAL_TIM_OC_DelayElapsedCallback
 .text.HAL_TIM_IC_CaptureCallback
                0x0000000008003502        0x2 build/stm32f1xx_hal_tim.o
                0x0000000008003502                HAL_TIM_IC_CaptureCallback
 .text.HAL_TIM_PWM_PulseFinishedCallback
                0x0000000008003504        0x2 build/stm32f1xx_hal_tim.o
                0x0000000008003504                HAL_TIM_PWM_PulseFinishedCallback
 .text.HAL_TIM_TriggerCallback
                0x0000000008003506        0x2 build/stm32f1xx_hal_tim.o
                0x0000000008003506                HAL_TIM_TriggerCallback
 .text.HAL_TIM_IRQHandler
                0x0000000008003508      0x17a build/stm32f1xx_hal_tim.o
                0x0000000008003508                HAL_TIM_IRQHandler
 *fill*         0x0000000008003682        0x2 
 .text.TIM_Base_SetConfig
                0x0000000008003684       0x74 build/stm32f1xx_hal_tim.o
                0x0000000008003684                TIM_Base_SetConfig
 .text.HAL_TIM_Base_Init
                0x00000000080036f8       0x58 build/stm32f1xx_hal_tim.o
                0x00000000080036f8                HAL_TIM_Base_Init
 .text.HAL_TIM_PWM_Init
                0x0000000008003750       0x58 build/stm32f1xx_hal_tim.o
                0x0000000008003750                HAL_TIM_PWM_Init
 .text.HAL_TIM_Encoder_Init
                0x00000000080037a8       0xb8 build/stm32f1xx_hal_tim.o
                0x00000000080037a8                HAL_TIM_Encoder_Init
 .text.TIM_OC2_SetConfig
                0x0000000008003860       0x64 build/stm32f1xx_hal_tim.o
                0x0000000008003860                TIM_OC2_SetConfig
 .text.HAL_TIM_PWM_ConfigChannel
                0x00000000080038c4       0xdc build/stm32f1xx_hal_tim.o
                0x00000000080038c4                HAL_TIM_PWM_ConfigChannel
 .text.TIM_ETR_SetConfig
                0x00000000080039a0       0x18 build/stm32f1xx_hal_tim.o
                0x00000000080039a0                TIM_ETR_SetConfig
 .text.HAL_TIM_ConfigClockSource
                0x00000000080039b8       0xfe build/stm32f1xx_hal_tim.o
                0x00000000080039b8                HAL_TIM_ConfigClockSource
 .text.TIM_CCxChannelCmd
                0x0000000008003ab6       0x1e build/stm32f1xx_hal_tim.o
                0x0000000008003ab6                TIM_CCxChannelCmd
 .text.HAL_TIM_PWM_Start
                0x0000000008003ad4       0xdc build/stm32f1xx_hal_tim.o
                0x0000000008003ad4                HAL_TIM_PWM_Start
 .text.HAL_TIM_Encoder_Start
                0x0000000008003bb0       0xcc build/stm32f1xx_hal_tim.o
                0x0000000008003bb0                HAL_TIM_Encoder_Start
 .text.HAL_TIMEx_MasterConfigSynchronization
                0x0000000008003c7c       0x6c build/stm32f1xx_hal_tim_ex.o
                0x0000000008003c7c                HAL_TIMEx_MasterConfigSynchronization
 .text.HAL_TIMEx_ConfigBreakDeadTime
                0x0000000008003ce8       0x52 build/stm32f1xx_hal_tim_ex.o
                0x0000000008003ce8                HAL_TIMEx_ConfigBreakDeadTime
 .text.HAL_TIMEx_CommutCallback
                0x0000000008003d3a        0x2 build/stm32f1xx_hal_tim_ex.o
                0x0000000008003d3a                HAL_TIMEx_CommutCallback
 .text.HAL_TIMEx_BreakCallback
                0x0000000008003d3c        0x2 build/stm32f1xx_hal_tim_ex.o
                0x0000000008003d3c                HAL_TIMEx_BreakCallback
 .text.SystemInit
                0x0000000008003d3e        0x2 build/system_stm32f1xx.o
                0x0000000008003d3e                SystemInit
 .text.Reset_Handler
                0x0000000008003d40       0x48 build/startup_stm32f103xb.o
                0x0000000008003d40                Reset_Handler
 .text.Default_Handler
                0x0000000008003d88        0x2 build/startup_stm32f103xb.o
                0x0000000008003d88                RTC_Alarm_IRQHandler
                0x0000000008003d88                TIM1_CC_IRQHandler
                0x0000000008003d88                PVD_IRQHandler
                0x0000000008003d88                EXTI3_IRQHandler
                0x0000000008003d88                EXTI0_IRQHandler
                0x0000000008003d88                I2C2_EV_IRQHandler
                0x0000000008003d88                ADC1_2_IRQHandler
                0x0000000008003d88                SPI1_IRQHandler
                0x0000000008003d88                TAMPER_IRQHandler
                0x0000000008003d88                DMA1_Channel4_IRQHandler
                0x0000000008003d88                USART3_IRQHandler
                0x0000000008003d88                RTC_IRQHandler
                0x0000000008003d88                DMA1_Channel7_IRQHandler
                0x0000000008003d88                CAN1_RX1_IRQHandler
                0x0000000008003d88                I2C1_EV_IRQHandler
                0x0000000008003d88                DMA1_Channel6_IRQHandler
                0x0000000008003d88                TIM3_IRQHandler
                0x0000000008003d88                RCC_IRQHandler
                0x0000000008003d88                TIM1_TRG_COM_IRQHandler
                0x0000000008003d88                DMA1_Channel1_IRQHandler
                0x0000000008003d88                Default_Handler
                0x0000000008003d88                EXTI15_10_IRQHandler
                0x0000000008003d88                SPI2_IRQHandler
                0x0000000008003d88                EXTI4_IRQHandler
                0x0000000008003d88                USB_LP_CAN1_RX0_IRQHandler
                0x0000000008003d88                USB_HP_CAN1_TX_IRQHandler
                0x0000000008003d88                DMA1_Channel3_IRQHandler
                0x0000000008003d88                TIM1_UP_IRQHandler
                0x0000000008003d88                WWDG_IRQHandler
                0x0000000008003d88                TIM1_BRK_IRQHandler
                0x0000000008003d88                EXTI1_IRQHandler
                0x0000000008003d88                USART2_IRQHandler
                0x0000000008003d88                I2C2_ER_IRQHandler
                0x0000000008003d88                DMA1_Channel2_IRQHandler
                0x0000000008003d88                CAN1_SCE_IRQHandler
                0x0000000008003d88                FLASH_IRQHandler
                0x0000000008003d88                USART1_IRQHandler
                0x0000000008003d88                I2C1_ER_IRQHandler
                0x0000000008003d88                USBWakeUp_IRQHandler
 *fill*         0x0000000008003d8a        0x2 
 .text.__libc_init_array
                0x0000000008003d8c       0x48 /home/seradya/toolchains/gcc-arm-none-eabi-10.3-2021.10/bin/../lib/gcc/arm-none-eabi/10.3.1/../../../../arm-none-eabi/lib/thumb/v7-m/nofp/libc_nano.a(lib_a-init.o)
                0x0000000008003d8c                __libc_init_array
 .text.memcpy   0x0000000008003dd4       0x1c /home/seradya/toolchains/gcc-arm-none-eabi-10.3-2021.10/bin/../lib/gcc/arm-none-eabi/10.3.1/../../../../arm-none-eabi/lib/thumb/v7-m/nofp/libc_nano.a(lib_a-memcpy-stub.o)
                0x0000000008003dd4                memcpy
 .text.memmove  0x0000000008003df0       0x34 /home/seradya/toolchains/gcc-arm-none-eabi-10.3-2021.10/bin/../lib/gcc/arm-none-eabi/10.3.1/../../../../arm-none-eabi/lib/thumb/v7-m/nofp/libc_nano.a(lib_a-memmove.o)
                0x0000000008003df0                memmove
 .text.memset   0x0000000008003e24       0x10 /home/seradya/toolchains/gcc-arm-none-eabi-10.3-2021.10/bin/../lib/gcc/arm-none-eabi/10.3.1/../../../../arm-none-eabi/lib/thumb/v7-m/nofp/libc_nano.a(lib_a-memset.o)
                0x0000000008003e24                memset
 .text.sprintf  0x0000000008003e34       0x40 /home/seradya/toolchains/gcc-arm-none-eabi-10.3-2021.10/bin/../lib/gcc/arm-none-eabi/10.3.1/../../../../arm-none-eabi/lib/thumb/v7-m/nofp/libc_nano.a(lib_a-sprintf.o)
                0x0000000008003e34                sprintf
                0x0000000008003e34                siprintf
 .text.__ssputs_r
                0x0000000008003e74       0xb6 /home/seradya/toolchains/gcc-arm-none-eabi-10.3-2021.10/bin/../lib/gcc/arm-none-eabi/10.3.1/../../../../arm-none-eabi/lib/thumb/v7-m/nofp/libc_nano.a(lib_a-nano-svfprintf.o)
                0x0000000008003e74                __ssputs_r
 *fill*         0x0000000008003f2a        0x2 
 .text._svfprintf_r
                0x0000000008003f2c      0x200 /home/seradya/toolchains/gcc-arm-none-eabi-10.3-2021.10/bin/../lib/gcc/arm-none-eabi/10.3.1/../../../../arm-none-eabi/lib/thumb/v7-m/nofp/libc_nano.a(lib_a-nano-svfprintf.o)
                0x0000000008003f2c                _svfprintf_r
                0x0000000008003f2c                _svfiprintf_r
 .text._printf_common
                0x000000000800412c       0xde /home/seradya/toolchains/gcc-arm-none-eabi-10.3-2021.10/bin/../lib/gcc/arm-none-eabi/10.3.1/../../../../arm-none-eabi/lib/thumb/v7-m/nofp/libc_nano.a(lib_a-nano-vfprintf_i.o)
                0x000000000800412c                _printf_common
 *fill*         0x000000000800420a        0x2 
 .text._printf_i
                0x000000000800420c      0x24c /home/seradya/toolchains/gcc-arm-none-eabi-10.3-2021.10/bin/../lib/gcc/arm-none-eabi/10.3.1/../../../../arm-none-eabi/lib/thumb/v7-m/nofp/libc_nano.a(lib_a-nano-vfprintf_i.o)
                0x000000000800420c                _printf_i
 .text.memchr   0x0000000008004458       0x1c /home/seradya/toolchains/gcc-arm-none-eabi-10.3-2021.10/bin/../lib/gcc/arm-none-eabi/10.3.1/../../../../arm-none-eabi/lib/thumb/v7-m/nofp/libc_nano.a(lib_a-memchr-stub.o)
                0x0000000008004458                memchr
 .text._free_r  0x0000000008004474       0x90 /home/seradya/toolchains/gcc-arm-none-eabi-10.3-2021.10/bin/../lib/gcc/arm-none-eabi/10.3.1/../../../../arm-none-eabi/lib/thumb/v7-m/nofp/libc_nano.a(lib_a-nano-freer.o)
                0x0000000008004474                _free_r
 .text.sbrk_aligned
                0x0000000008004504       0x40 /home/seradya/toolchains/gcc-arm-none-eabi-10.3-2021.10/bin/../lib/gcc/arm-none-eabi/10.3.1/../../../../arm-none-eabi/lib/thumb/v7-m/nofp/libc_nano.a(lib_a-nano-mallocr.o)
 .text._malloc_r
                0x0000000008004544       0xe8 /home/seradya/toolchains/gcc-arm-none-eabi-10.3-2021.10/bin/../lib/gcc/arm-none-eabi/10.3.1/../../../../arm-none-eabi/lib/thumb/v7-m/nofp/libc_nano.a(lib_a-nano-mallocr.o)
                0x0000000008004544                _malloc_r
 .text._realloc_r
                0x000000000800462c       0x5e /home/seradya/toolchains/gcc-arm-none-eabi-10.3-2021.10/bin/../lib/gcc/arm-none-eabi/10.3.1/../../../../arm-none-eabi/lib/thumb/v7-m/nofp/libc_nano.a(lib_a-nano-reallocr.o)
                0x000000000800462c                _realloc_r
 *fill*         0x000000000800468a        0x2 
 .text._sbrk_r  0x000000000800468c       0x20 /home/seradya/toolchains/gcc-arm-none-eabi-10.3-2021.10/bin/../lib/gcc/arm-none-eabi/10.3.1/../../../../arm-none-eabi/lib/thumb/v7-m/nofp/libc_nano.a(lib_a-sbrkr.o)
                0x000000000800468c                _sbrk_r
 .text.__malloc_lock
                0x00000000080046ac        0xc /home/seradya/toolchains/gcc-arm-none-eabi-10.3-2021.10/bin/../lib/gcc/arm-none-eabi/10.3.1/../../../../arm-none-eabi/lib/thumb/v7-m/nofp/libc_nano.a(lib_a-mlock.o)
                0x00000000080046ac                __malloc_lock
 .text.__malloc_unlock
                0x00000000080046b8        0xc /home/seradya/toolchains/gcc-arm-none-eabi-10.3-2021.10/bin/../lib/gcc/arm-none-eabi/10.3.1/../../../../arm-none-eabi/lib/thumb/v7-m/nofp/libc_nano.a(lib_a-mlock.o)
                0x00000000080046b8                __malloc_unlock
 .text._malloc_usable_size_r
                0x00000000080046c4       0x10 /home/seradya/toolchains/gcc-arm-none-eabi-10.3-2021.10/bin/../lib/gcc/arm-none-eabi/10.3.1/../../../../arm-none-eabi/lib/thumb/v7-m/nofp/libc_nano.a(lib_a-nano-msizer.o)
                0x00000000080046c4                _malloc_usable_size_r
 .text.__retarget_lock_acquire_recursive
                0x00000000080046d4        0x2 /home/seradya/toolchains/gcc-arm-none-eabi-10.3-2021.10/bin/../lib/gcc/arm-none-eabi/10.3.1/../../../../arm-none-eabi/lib/thumb/v7-m/nofp/libc_nano.a(lib_a-lock.o)
                0x00000000080046d4                __retarget_lock_acquire_recursive
 .text.__retarget_lock_release_recursive
                0x00000000080046d6        0x2 /home/seradya/toolchains/gcc-arm-none-eabi-10.3-2021.10/bin/../lib/gcc/arm-none-eabi/10.3.1/../../../../arm-none-eabi/lib/thumb/v7-m/nofp/libc_nano.a(lib_a-lock.o)
                0x00000000080046d6                __retarget_lock_release_recursive
 .text._sbrk    0x00000000080046d8       0x1c /home/seradya/toolchains/gcc-arm-none-eabi-10.3-2021.10/bin/../lib/gcc/arm-none-eabi/10.3.1/../../../../arm-none-eabi/lib/thumb/v7-m/nofp/libnosys.a(sbrk.o)
                0x00000000080046d8                _sbrk
 *(.glue_7)
 .glue_7        0x00000000080046f4        0x0 linker stubs
 *(.glue_7t)
 .glue_7t       0x00000000080046f4        0x0 linker stubs
 *(.eh_frame)
 .eh_frame      0x00000000080046f4        0x0 /home/seradya/toolchains/gcc-arm-none-eabi-10.3-2021.10/bin/../lib/gcc/arm-none-eabi/10.3.1/thumb/v7-m/nofp/crtbegin.o
 *(.init)
 .init          0x00000000080046f4        0x4 /home/seradya/toolchains/gcc-arm-none-eabi-10.3-2021.10/bin/../lib/gcc/arm-none-eabi/10.3.1/thumb/v7-m/nofp/crti.o
                0x00000000080046f4                _init
 .init          0x00000000080046f8        0x8 /home/seradya/toolchains/gcc-arm-none-eabi-10.3-2021.10/bin/../lib/gcc/arm-none-eabi/10.3.1/thumb/v7-m/nofp/crtn.o
 *(.fini)
 .fini          0x0000000008004700        0x4 /home/seradya/toolchains/gcc-arm-none-eabi-10.3-2021.10/bin/../lib/gcc/arm-none-eabi/10.3.1/thumb/v7-m/nofp/crti.o
                0x0000000008004700                _fini
 .fini          0x0000000008004704        0x8 /home/seradya/toolchains/gcc-arm-none-eabi-10.3-2021.10/bin/../lib/gcc/arm-none-eabi/10.3.1/thumb/v7-m/nofp/crtn.o
                0x000000000800470c                . = ALIGN (0x4)
                0x000000000800470c                _etext = .

.vfp11_veneer   0x000000000800470c        0x0
 .vfp11_veneer  0x000000000800470c        0x0 linker stubs

.v4_bx          0x000000000800470c        0x0
 .v4_bx         0x000000000800470c        0x0 linker stubs

.iplt           0x000000000800470c        0x0
 .iplt          0x000000000800470c        0x0 /home/seradya/toolchains/gcc-arm-none-eabi-10.3-2021.10/bin/../lib/gcc/arm-none-eabi/10.3.1/thumb/v7-m/nofp/crtbegin.o

.rodata         0x000000000800470c      0xdd0
                0x000000000800470c                . = ALIGN (0x4)
 *(.rodata)
 *(.rodata*)
 .rodata.Main_Screen.str1.4
                0x000000000800470c       0x1a build/display.o
                                         0x22 (size before relaxing)
 *fill*         0x0000000008004726        0x2 
 .rodata.Font11x18
                0x0000000008004728      0xd5c build/ssd1306_fonts.o
 .rodata.aPLLMULFactorTable.1
                0x0000000008005484       0x10 build/stm32f1xx_hal_rcc.o
 .rodata.aPredivFactorTable.0
                0x0000000008005494        0x2 build/stm32f1xx_hal_rcc.o
 *fill*         0x0000000008005496        0x2 
 .rodata.AHBPrescTable
                0x0000000008005498       0x10 build/system_stm32f1xx.o
                0x0000000008005498                AHBPrescTable
 .rodata._svfprintf_r.str1.1
                0x00000000080054a8       0x11 /home/seradya/toolchains/gcc-arm-none-eabi-10.3-2021.10/bin/../lib/gcc/arm-none-eabi/10.3.1/../../../../arm-none-eabi/lib/thumb/v7-m/nofp/libc_nano.a(lib_a-nano-svfprintf.o)
 .rodata._printf_i.str1.1
                0x00000000080054b9       0x22 /home/seradya/toolchains/gcc-arm-none-eabi-10.3-2021.10/bin/../lib/gcc/arm-none-eabi/10.3.1/../../../../arm-none-eabi/lib/thumb/v7-m/nofp/libc_nano.a(lib_a-nano-vfprintf_i.o)
                0x00000000080054dc                . = ALIGN (0x4)
 *fill*         0x00000000080054db        0x1 

.rel.dyn        0x00000000080054dc        0x0
 .rel.iplt      0x00000000080054dc        0x0 /home/seradya/toolchains/gcc-arm-none-eabi-10.3-2021.10/bin/../lib/gcc/arm-none-eabi/10.3.1/thumb/v7-m/nofp/crtbegin.o

.ARM.extab
 *(.ARM.extab* .gnu.linkonce.armextab.*)

.ARM            0x00000000080054dc        0x0
                0x00000000080054dc                __exidx_start = .
 *(.ARM.exidx*)
                0x00000000080054dc                __exidx_end = .

.preinit_array  0x00000000080054dc        0x0
                0x00000000080054dc                PROVIDE (__preinit_array_start = .)
 *(.preinit_array*)
                0x00000000080054dc                PROVIDE (__preinit_array_end = .)

.init_array     0x00000000080054dc        0x4
                0x00000000080054dc                PROVIDE (__init_array_start = .)
 *(SORT_BY_NAME(.init_array.*))
 *(.init_array*)
 .init_array    0x00000000080054dc        0x4 /home/seradya/toolchains/gcc-arm-none-eabi-10.3-2021.10/bin/../lib/gcc/arm-none-eabi/10.3.1/thumb/v7-m/nofp/crtbegin.o
                0x00000000080054e0                PROVIDE (__init_array_end = .)

.fini_array     0x00000000080054e0        0x4
                [!provide]                        PROVIDE (__fini_array_start = .)
 *(SORT_BY_NAME(.fini_array.*))
 *(.fini_array*)
 .fini_array    0x00000000080054e0        0x4 /home/seradya/toolchains/gcc-arm-none-eabi-10.3-2021.10/bin/../lib/gcc/arm-none-eabi/10.3.1/thumb/v7-m/nofp/crtbegin.o
                [!provide]                        PROVIDE (__fini_array_end = .)
                0x00000000080054e4                _sidata = LOADADDR (.data)

.data           0x0000000020000000       0x80 load address 0x00000000080054e4
                0x0000000020000000                . = ALIGN (0x4)
                0x0000000020000000                _sdata = .
 *(.data)
 *(.data*)
 .data.i        0x0000000020000000        0x2 build/display.o
                0x0000000020000000                i
 *fill*         0x0000000020000002        0x2 
 .data.TX_ADDRESS
                0x0000000020000004        0x3 build/NRF24.o
                0x0000000020000004                TX_ADDRESS
 *fill*         0x0000000020000007        0x1 
 .data.Font_11x18
                0x0000000020000008        0x8 build/ssd1306_fonts.o
                0x0000000020000008                Font_11x18
 .data.uwTickFreq
                0x0000000020000010        0x1 build/stm32f1xx_hal.o
                0x0000000020000010                uwTickFreq
 *fill*         0x0000000020000011        0x3 
 .data.uwTickPrio
                0x0000000020000014        0x4 build/stm32f1xx_hal.o
                0x0000000020000014                uwTickPrio
 .data.SystemCoreClock
                0x0000000020000018        0x4 build/system_stm32f1xx.o
                0x0000000020000018                SystemCoreClock
 .data._impure_ptr
                0x000000002000001c        0x4 /home/seradya/toolchains/gcc-arm-none-eabi-10.3-2021.10/bin/../lib/gcc/arm-none-eabi/10.3.1/../../../../arm-none-eabi/lib/thumb/v7-m/nofp/libc_nano.a(lib_a-impure.o)
                0x000000002000001c                _impure_ptr
 .data.impure_data
                0x0000000020000020       0x60 /home/seradya/toolchains/gcc-arm-none-eabi-10.3-2021.10/bin/../lib/gcc/arm-none-eabi/10.3.1/../../../../arm-none-eabi/lib/thumb/v7-m/nofp/libc_nano.a(lib_a-impure.o)
                0x0000000020000080                . = ALIGN (0x4)
                0x0000000020000080                _edata = .

.igot.plt       0x0000000020000080        0x0 load address 0x0000000008005564
 .igot.plt      0x0000000020000080        0x0 /home/seradya/toolchains/gcc-arm-none-eabi-10.3-2021.10/bin/../lib/gcc/arm-none-eabi/10.3.1/thumb/v7-m/nofp/crtbegin.o
                0x0000000020000080                . = ALIGN (0x4)

.bss            0x0000000020000080      0x680 load address 0x0000000008005564
                0x0000000020000080                _sbss = .
                0x0000000020000080                __bss_start__ = _sbss
 *(.bss)
 .bss           0x0000000020000080       0x1c /home/seradya/toolchains/gcc-arm-none-eabi-10.3-2021.10/bin/../lib/gcc/arm-none-eabi/10.3.1/thumb/v7-m/nofp/crtbegin.o
 *(.bss*)
 .bss.buf1      0x000000002000009c        0x5 build/main.o
                0x000000002000009c                buf1
 .bss.long_press
                0x00000000200000a1        0x1 build/main.o
                0x00000000200000a1                long_press
 *fill*         0x00000000200000a2        0x2 
 .bss.pressure  0x00000000200000a4       0x10 build/main.o
                0x00000000200000a4                pressure
 .bss.short_press
                0x00000000200000b4        0x1 build/main.o
                0x00000000200000b4                short_press
 .bss.sound_time
                0x00000000200000b5        0x1 build/main.o
                0x00000000200000b5                sound_time
 *fill*         0x00000000200000b6        0x2 
 .bss.hdma_spi2_tx
                0x00000000200000b8       0x44 build/spi.o
                0x00000000200000b8                hdma_spi2_tx
 .bss.hspi1     0x00000000200000fc       0x58 build/spi.o
                0x00000000200000fc                hspi1
 .bss.hspi2     0x0000000020000154       0x58 build/spi.o
                0x0000000020000154                hspi2
 .bss.htim1     0x00000000200001ac       0x48 build/tim.o
                0x00000000200001ac                htim1
 .bss.htim2     0x00000000200001f4       0x48 build/tim.o
                0x00000000200001f4                htim2
 .bss.htim3     0x000000002000023c       0x48 build/tim.o
                0x000000002000023c                htim3
 .bss.htim4     0x0000000020000284       0x48 build/tim.o
                0x0000000020000284                htim4
 .bss.retr_cnt_full
                0x00000000200002cc        0x2 build/display.o
                0x00000000200002cc                retr_cnt_full
 *fill*         0x00000000200002ce        0x2 
 .bss.cnt1      0x00000000200002d0        0x4 build/encoder.o
 .bss.cnt2      0x00000000200002d4        0x4 build/encoder.o
 .bss.RX_BUF    0x00000000200002d8        0x5 build/NRF24.o
                0x00000000200002d8                RX_BUF
 *fill*         0x00000000200002dd        0x3 
 .bss.SSD1306   0x00000000200002e0        0x6 build/ssd1306.o
 *fill*         0x00000000200002e6        0x2 
 .bss.SSD1306_Buffer
                0x00000000200002e8      0x400 build/ssd1306.o
 .bss.uwTick    0x00000000200006e8        0x4 build/stm32f1xx_hal.o
                0x00000000200006e8                uwTick
 .bss.__malloc_free_list
                0x00000000200006ec        0x4 /home/seradya/toolchains/gcc-arm-none-eabi-10.3-2021.10/bin/../lib/gcc/arm-none-eabi/10.3.1/../../../../arm-none-eabi/lib/thumb/v7-m/nofp/libc_nano.a(lib_a-nano-mallocr.o)
                0x00000000200006ec                __malloc_free_list
 .bss.__malloc_sbrk_start
                0x00000000200006f0        0x4 /home/seradya/toolchains/gcc-arm-none-eabi-10.3-2021.10/bin/../lib/gcc/arm-none-eabi/10.3.1/../../../../arm-none-eabi/lib/thumb/v7-m/nofp/libc_nano.a(lib_a-nano-mallocr.o)
                0x00000000200006f0                __malloc_sbrk_start
 .bss.errno     0x00000000200006f4        0x4 /home/seradya/toolchains/gcc-arm-none-eabi-10.3-2021.10/bin/../lib/gcc/arm-none-eabi/10.3.1/../../../../arm-none-eabi/lib/thumb/v7-m/nofp/libc_nano.a(lib_a-reent.o)
                0x00000000200006f4                errno
 .bss.__lock___malloc_recursive_mutex
                0x00000000200006f8        0x1 /home/seradya/toolchains/gcc-arm-none-eabi-10.3-2021.10/bin/../lib/gcc/arm-none-eabi/10.3.1/../../../../arm-none-eabi/lib/thumb/v7-m/nofp/libc_nano.a(lib_a-lock.o)
                0x00000000200006f8                __lock___malloc_recursive_mutex
 *fill*         0x00000000200006f9        0x3 
 .bss.heap_end.0
                0x00000000200006fc        0x4 /home/seradya/toolchains/gcc-arm-none-eabi-10.3-2021.10/bin/../lib/gcc/arm-none-eabi/10.3.1/../../../../arm-none-eabi/lib/thumb/v7-m/nofp/libnosys.a(sbrk.o)
 *(COMMON)
                0x0000000020000700                . = ALIGN (0x4)
                0x0000000020000700                _ebss = .
                0x0000000020000700                __bss_end__ = _ebss

._user_heap_stack
                0x0000000020000700      0x600 load address 0x0000000008005564
                0x0000000020000700                . = ALIGN (0x8)
                0x0000000020000700                PROVIDE (end = .)
                [!provide]                        PROVIDE (_end = .)
                0x0000000020000900                . = (. + _Min_Heap_Size)
 *fill*         0x0000000020000700      0x200 
                0x0000000020000d00                . = (. + _Min_Stack_Size)
 *fill*         0x0000000020000900      0x400 
                0x0000000020000d00                . = ALIGN (0x8)

/DISCARD/
 libc.a(*)
 libm.a(*)
 libgcc.a(*)

.ARM.attributes
                0x0000000000000000       0x29
 *(.ARM.attributes)
 .ARM.attributes
                0x0000000000000000       0x1d /home/seradya/toolchains/gcc-arm-none-eabi-10.3-2021.10/bin/../lib/gcc/arm-none-eabi/10.3.1/thumb/v7-m/nofp/crti.o
 .ARM.attributes
                0x000000000000001d       0x2d /home/seradya/toolchains/gcc-arm-none-eabi-10.3-2021.10/bin/../lib/gcc/arm-none-eabi/10.3.1/thumb/v7-m/nofp/crtbegin.o
 .ARM.attributes
                0x000000000000004a       0x2d build/main.o
 .ARM.attributes
                0x0000000000000077       0x2d build/gpio.o
 .ARM.attributes
                0x00000000000000a4       0x2d build/dma.o
 .ARM.attributes
                0x00000000000000d1       0x2d build/spi.o
 .ARM.attributes
                0x00000000000000fe       0x2d build/tim.o
 .ARM.attributes
                0x000000000000012b       0x2d build/display.o
 .ARM.attributes
                0x0000000000000158       0x2d build/encoder.o
 .ARM.attributes
                0x0000000000000185       0x2d build/NRF24.o
 .ARM.attributes
                0x00000000000001b2       0x2d build/ssd1306.o
 .ARM.attributes
                0x00000000000001df       0x2d build/ssd1306_fonts.o
 .ARM.attributes
                0x000000000000020c       0x2d build/stm32f1xx_it.o
 .ARM.attributes
                0x0000000000000239       0x2d build/stm32f1xx_hal_msp.o
 .ARM.attributes
                0x0000000000000266       0x2d build/stm32f1xx_hal_spi.o
 .ARM.attributes
                0x0000000000000293       0x2d build/stm32f1xx_hal.o
 .ARM.attributes
                0x00000000000002c0       0x2d build/stm32f1xx_hal_rcc.o
 .ARM.attributes
                0x00000000000002ed       0x2d build/stm32f1xx_hal_gpio.o
 .ARM.attributes
                0x000000000000031a       0x2d build/stm32f1xx_hal_dma.o
 .ARM.attributes
                0x0000000000000347       0x2d build/stm32f1xx_hal_cortex.o
 .ARM.attributes
                0x0000000000000374       0x2d build/stm32f1xx_hal_tim.o
 .ARM.attributes
                0x00000000000003a1       0x2d build/stm32f1xx_hal_tim_ex.o
 .ARM.attributes
                0x00000000000003ce       0x2d build/system_stm32f1xx.o
 .ARM.attributes
                0x00000000000003fb       0x21 build/startup_stm32f103xb.o
 .ARM.attributes
                0x000000000000041c       0x2d /home/seradya/toolchains/gcc-arm-none-eabi-10.3-2021.10/bin/../lib/gcc/arm-none-eabi/10.3.1/../../../../arm-none-eabi/lib/thumb/v7-m/nofp/libc_nano.a(lib_a-impure.o)
 .ARM.attributes
                0x0000000000000449       0x2d /home/seradya/toolchains/gcc-arm-none-eabi-10.3-2021.10/bin/../lib/gcc/arm-none-eabi/10.3.1/../../../../arm-none-eabi/lib/thumb/v7-m/nofp/libc_nano.a(lib_a-init.o)
 .ARM.attributes
                0x0000000000000476       0x2d /home/seradya/toolchains/gcc-arm-none-eabi-10.3-2021.10/bin/../lib/gcc/arm-none-eabi/10.3.1/../../../../arm-none-eabi/lib/thumb/v7-m/nofp/libc_nano.a(lib_a-memcpy-stub.o)
 .ARM.attributes
                0x00000000000004a3       0x2d /home/seradya/toolchains/gcc-arm-none-eabi-10.3-2021.10/bin/../lib/gcc/arm-none-eabi/10.3.1/../../../../arm-none-eabi/lib/thumb/v7-m/nofp/libc_nano.a(lib_a-memmove.o)
 .ARM.attributes
                0x00000000000004d0       0x2d /home/seradya/toolchains/gcc-arm-none-eabi-10.3-2021.10/bin/../lib/gcc/arm-none-eabi/10.3.1/../../../../arm-none-eabi/lib/thumb/v7-m/nofp/libc_nano.a(lib_a-memset.o)
 .ARM.attributes
                0x00000000000004fd       0x2d /home/seradya/toolchains/gcc-arm-none-eabi-10.3-2021.10/bin/../lib/gcc/arm-none-eabi/10.3.1/../../../../arm-none-eabi/lib/thumb/v7-m/nofp/libc_nano.a(lib_a-sprintf.o)
 .ARM.attributes
                0x000000000000052a       0x2d /home/seradya/toolchains/gcc-arm-none-eabi-10.3-2021.10/bin/../lib/gcc/arm-none-eabi/10.3.1/../../../../arm-none-eabi/lib/thumb/v7-m/nofp/libc_nano.a(lib_a-nano-svfprintf.o)
 .ARM.attributes
                0x0000000000000557       0x2d /home/seradya/toolchains/gcc-arm-none-eabi-10.3-2021.10/bin/../lib/gcc/arm-none-eabi/10.3.1/../../../../arm-none-eabi/lib/thumb/v7-m/nofp/libc_nano.a(lib_a-nano-vfprintf_i.o)
 .ARM.attributes
                0x0000000000000584       0x2d /home/seradya/toolchains/gcc-arm-none-eabi-10.3-2021.10/bin/../lib/gcc/arm-none-eabi/10.3.1/../../../../arm-none-eabi/lib/thumb/v7-m/nofp/libc_nano.a(lib_a-memchr-stub.o)
 .ARM.attributes
                0x00000000000005b1       0x2d /home/seradya/toolchains/gcc-arm-none-eabi-10.3-2021.10/bin/../lib/gcc/arm-none-eabi/10.3.1/../../../../arm-none-eabi/lib/thumb/v7-m/nofp/libc_nano.a(lib_a-nano-freer.o)
 .ARM.attributes
                0x00000000000005de       0x2d /home/seradya/toolchains/gcc-arm-none-eabi-10.3-2021.10/bin/../lib/gcc/arm-none-eabi/10.3.1/../../../../arm-none-eabi/lib/thumb/v7-m/nofp/libc_nano.a(lib_a-nano-mallocr.o)
 .ARM.attributes
                0x000000000000060b       0x2d /home/seradya/toolchains/gcc-arm-none-eabi-10.3-2021.10/bin/../lib/gcc/arm-none-eabi/10.3.1/../../../../arm-none-eabi/lib/thumb/v7-m/nofp/libc_nano.a(lib_a-nano-reallocr.o)
 .ARM.attributes
                0x0000000000000638       0x2d /home/seradya/toolchains/gcc-arm-none-eabi-10.3-2021.10/bin/../lib/gcc/arm-none-eabi/10.3.1/../../../../arm-none-eabi/lib/thumb/v7-m/nofp/libc_nano.a(lib_a-sbrkr.o)
 .ARM.attributes
                0x0000000000000665       0x2d /home/seradya/toolchains/gcc-arm-none-eabi-10.3-2021.10/bin/../lib/gcc/arm-none-eabi/10.3.1/../../../../arm-none-eabi/lib/thumb/v7-m/nofp/libc_nano.a(lib_a-mlock.o)
 .ARM.attributes
                0x0000000000000692       0x2d /home/seradya/toolchains/gcc-arm-none-eabi-10.3-2021.10/bin/../lib/gcc/arm-none-eabi/10.3.1/../../../../arm-none-eabi/lib/thumb/v7-m/nofp/libc_nano.a(lib_a-nano-msizer.o)
 .ARM.attributes
                0x00000000000006bf       0x2d /home/seradya/toolchains/gcc-arm-none-eabi-10.3-2021.10/bin/../lib/gcc/arm-none-eabi/10.3.1/../../../../arm-none-eabi/lib/thumb/v7-m/nofp/libc_nano.a(lib_a-reent.o)
 .ARM.attributes
                0x00000000000006ec       0x2d /home/seradya/toolchains/gcc-arm-none-eabi-10.3-2021.10/bin/../lib/gcc/arm-none-eabi/10.3.1/../../../../arm-none-eabi/lib/thumb/v7-m/nofp/libc_nano.a(lib_a-lock.o)
 .ARM.attributes
                0x0000000000000719       0x2d /home/seradya/toolchains/gcc-arm-none-eabi-10.3-2021.10/bin/../lib/gcc/arm-none-eabi/10.3.1/../../../../arm-none-eabi/lib/thumb/v7-m/nofp/libnosys.a(sbrk.o)
 .ARM.attributes
                0x0000000000000746       0x1d /home/seradya/toolchains/gcc-arm-none-eabi-10.3-2021.10/bin/../lib/gcc/arm-none-eabi/10.3.1/thumb/v7-m/nofp/libgcc.a(_arm_addsubdf3.o)
 .ARM.attributes
                0x0000000000000763       0x1d /home/seradya/toolchains/gcc-arm-none-eabi-10.3-2021.10/bin/../lib/gcc/arm-none-eabi/10.3.1/thumb/v7-m/nofp/libgcc.a(_arm_muldivdf3.o)
 .ARM.attributes
                0x0000000000000780       0x1d /home/seradya/toolchains/gcc-arm-none-eabi-10.3-2021.10/bin/../lib/gcc/arm-none-eabi/10.3.1/thumb/v7-m/nofp/libgcc.a(_arm_truncdfsf2.o)
 .ARM.attributes
                0x000000000000079d       0x1d /home/seradya/toolchains/gcc-arm-none-eabi-10.3-2021.10/bin/../lib/gcc/arm-none-eabi/10.3.1/thumb/v7-m/nofp/crtn.o
OUTPUT(build/AirController.elf elf32-littlearm)
LOAD linker stubs
LOAD /home/seradya/toolchains/gcc-arm-none-eabi-10.3-2021.10/bin/../lib/gcc/arm-none-eabi/10.3.1/../../../../arm-none-eabi/lib/thumb/v7-m/nofp/libc.a
LOAD /home/seradya/toolchains/gcc-arm-none-eabi-10.3-2021.10/bin/../lib/gcc/arm-none-eabi/10.3.1/../../../../arm-none-eabi/lib/thumb/v7-m/nofp/libm.a
LOAD /home/seradya/toolchains/gcc-arm-none-eabi-10.3-2021.10/bin/../lib/gcc/arm-none-eabi/10.3.1/thumb/v7-m/nofp/libgcc.a

.debug_info     0x0000000000000000    0x12f0a
 .debug_info    0x0000000000000000     0x1067 build/main.o
 .debug_info    0x0000000000001067      0x5d8 build/gpio.o
 .debug_info    0x000000000000163f      0x31c build/dma.o
 .debug_info    0x000000000000195b      0xa68 build/spi.o
 .debug_info    0x00000000000023c3     0x13d7 build/tim.o
 .debug_info    0x000000000000379a      0x569 build/display.o
 .debug_info    0x0000000000003d03      0x73e build/encoder.o
 .debug_info    0x0000000000004441     0x1487 build/NRF24.o
 .debug_info    0x00000000000058c8     0x1a5f build/ssd1306.o
 .debug_info    0x0000000000007327      0x1fc build/ssd1306_fonts.o
 .debug_info    0x0000000000007523      0x8a8 build/stm32f1xx_it.o
 .debug_info    0x0000000000007dcb      0x23f build/stm32f1xx_hal_msp.o
 .debug_info    0x000000000000800a     0x1ee4 build/stm32f1xx_hal_spi.o
 .debug_info    0x0000000000009eee      0x855 build/stm32f1xx_hal.o
 .debug_info    0x000000000000a743      0xaf0 build/stm32f1xx_hal_rcc.o
 .debug_info    0x000000000000b233      0x6d7 build/stm32f1xx_hal_gpio.o
 .debug_info    0x000000000000b90a      0x8c0 build/stm32f1xx_hal_dma.o
 .debug_info    0x000000000000c1ca      0xe2d build/stm32f1xx_hal_cortex.o
 .debug_info    0x000000000000cff7     0x404a build/stm32f1xx_hal_tim.o
 .debug_info    0x0000000000011041     0x1c39 build/stm32f1xx_hal_tim_ex.o
 .debug_info    0x0000000000012c7a      0x26e build/system_stm32f1xx.o
 .debug_info    0x0000000000012ee8       0x22 build/startup_stm32f103xb.o

.debug_abbrev   0x0000000000000000     0x2b6f
 .debug_abbrev  0x0000000000000000      0x274 build/main.o
 .debug_abbrev  0x0000000000000274      0x15c build/gpio.o
 .debug_abbrev  0x00000000000003d0      0x117 build/dma.o
 .debug_abbrev  0x00000000000004e7      0x1cd build/spi.o
 .debug_abbrev  0x00000000000006b4      0x25a build/tim.o
 .debug_abbrev  0x000000000000090e      0x16d build/display.o
 .debug_abbrev  0x0000000000000a7b      0x19b build/encoder.o
 .debug_abbrev  0x0000000000000c16      0x2c9 build/NRF24.o
 .debug_abbrev  0x0000000000000edf      0x39d build/ssd1306.o
 .debug_abbrev  0x000000000000127c       0xbb build/ssd1306_fonts.o
 .debug_abbrev  0x0000000000001337      0x1c3 build/stm32f1xx_it.o
 .debug_abbrev  0x00000000000014fa       0xe7 build/stm32f1xx_hal_msp.o
 .debug_abbrev  0x00000000000015e1      0x292 build/stm32f1xx_hal_spi.o
 .debug_abbrev  0x0000000000001873      0x1f7 build/stm32f1xx_hal.o
 .debug_abbrev  0x0000000000001a6a      0x2b8 build/stm32f1xx_hal_rcc.o
 .debug_abbrev  0x0000000000001d22      0x222 build/stm32f1xx_hal_gpio.o
 .debug_abbrev  0x0000000000001f44      0x244 build/stm32f1xx_hal_dma.o
 .debug_abbrev  0x0000000000002188      0x359 build/stm32f1xx_hal_cortex.o
 .debug_abbrev  0x00000000000024e1      0x29d build/stm32f1xx_hal_tim.o
 .debug_abbrev  0x000000000000277e      0x29f build/stm32f1xx_hal_tim_ex.o
 .debug_abbrev  0x0000000000002a1d      0x140 build/system_stm32f1xx.o
 .debug_abbrev  0x0000000000002b5d       0x12 build/startup_stm32f103xb.o

.debug_loc      0x0000000000000000     0xe2f4
 .debug_loc     0x0000000000000000      0x1ec build/main.o
 .debug_loc     0x00000000000001ec       0x39 build/gpio.o
 .debug_loc     0x0000000000000225       0x38 build/dma.o
 .debug_loc     0x000000000000025d      0x15c build/spi.o
 .debug_loc     0x00000000000003b9      0x40c build/tim.o
 .debug_loc     0x00000000000007c5       0xc6 build/display.o
 .debug_loc     0x000000000000088b       0x20 build/encoder.o
 .debug_loc     0x00000000000008ab      0x673 build/NRF24.o
 .debug_loc     0x0000000000000f1e      0xfe5 build/ssd1306.o
 .debug_loc     0x0000000000001f03       0xc0 build/stm32f1xx_it.o
 .debug_loc     0x0000000000001fc3       0x41 build/stm32f1xx_hal_msp.o
 .debug_loc     0x0000000000002004     0x255b build/stm32f1xx_hal_spi.o
 .debug_loc     0x000000000000455f      0x1e1 build/stm32f1xx_hal.o
 .debug_loc     0x0000000000004740      0x793 build/stm32f1xx_hal_rcc.o
 .debug_loc     0x0000000000004ed3      0x551 build/stm32f1xx_hal_gpio.o
 .debug_loc     0x0000000000005424      0x901 build/stm32f1xx_hal_dma.o
 .debug_loc     0x0000000000005d25      0x77f build/stm32f1xx_hal_cortex.o
 .debug_loc     0x00000000000064a4     0x5c5e build/stm32f1xx_hal_tim.o
 .debug_loc     0x000000000000c102     0x20f3 build/stm32f1xx_hal_tim_ex.o
 .debug_loc     0x000000000000e1f5       0xff build/system_stm32f1xx.o

.debug_aranges  0x0000000000000000      0xdb8
 .debug_aranges
                0x0000000000000000       0x48 build/main.o
 .debug_aranges
                0x0000000000000048       0x20 build/gpio.o
 .debug_aranges
                0x0000000000000068       0x20 build/dma.o
 .debug_aranges
                0x0000000000000088       0x38 build/spi.o
 .debug_aranges
                0x00000000000000c0       0x60 build/tim.o
 .debug_aranges
                0x0000000000000120       0x28 build/display.o
 .debug_aranges
                0x0000000000000148       0x28 build/encoder.o
 .debug_aranges
                0x0000000000000170       0x88 build/NRF24.o
 .debug_aranges
                0x00000000000001f8       0xd0 build/ssd1306.o
 .debug_aranges
                0x00000000000002c8       0x18 build/ssd1306_fonts.o
 .debug_aranges
                0x00000000000002e0       0x88 build/stm32f1xx_it.o
 .debug_aranges
                0x0000000000000368       0x20 build/stm32f1xx_hal_msp.o
 .debug_aranges
                0x0000000000000388      0x1d0 build/stm32f1xx_hal_spi.o
 .debug_aranges
                0x0000000000000558       0xe0 build/stm32f1xx_hal.o
 .debug_aranges
                0x0000000000000638       0x90 build/stm32f1xx_hal_rcc.o
 .debug_aranges
                0x00000000000006c8       0x58 build/stm32f1xx_hal_gpio.o
 .debug_aranges
                0x0000000000000720       0x80 build/stm32f1xx_hal_dma.o
 .debug_aranges
                0x00000000000007a0       0x90 build/stm32f1xx_hal_cortex.o
 .debug_aranges
                0x0000000000000830      0x3d0 build/stm32f1xx_hal_tim.o
 .debug_aranges
                0x0000000000000c00      0x168 build/stm32f1xx_hal_tim_ex.o
 .debug_aranges
                0x0000000000000d68       0x28 build/system_stm32f1xx.o
 .debug_aranges
                0x0000000000000d90       0x28 build/startup_stm32f103xb.o

.debug_ranges   0x0000000000000000      0xd08
 .debug_ranges  0x0000000000000000       0x38 build/main.o
 .debug_ranges  0x0000000000000038       0x10 build/gpio.o
 .debug_ranges  0x0000000000000048       0x10 build/dma.o
 .debug_ranges  0x0000000000000058       0x28 build/spi.o
 .debug_ranges  0x0000000000000080       0x50 build/tim.o
 .debug_ranges  0x00000000000000d0       0x18 build/display.o
 .debug_ranges  0x00000000000000e8       0x18 build/encoder.o
 .debug_ranges  0x0000000000000100       0x78 build/NRF24.o
 .debug_ranges  0x0000000000000178       0xf0 build/ssd1306.o
 .debug_ranges  0x0000000000000268       0x78 build/stm32f1xx_it.o
 .debug_ranges  0x00000000000002e0       0x10 build/stm32f1xx_hal_msp.o
 .debug_ranges  0x00000000000002f0      0x1c0 build/stm32f1xx_hal_spi.o
 .debug_ranges  0x00000000000004b0       0xd0 build/stm32f1xx_hal.o
 .debug_ranges  0x0000000000000580       0xa0 build/stm32f1xx_hal_rcc.o
 .debug_ranges  0x0000000000000620       0x48 build/stm32f1xx_hal_gpio.o
 .debug_ranges  0x0000000000000668       0x70 build/stm32f1xx_hal_dma.o
 .debug_ranges  0x00000000000006d8       0xe0 build/stm32f1xx_hal_cortex.o
 .debug_ranges  0x00000000000007b8      0x3c0 build/stm32f1xx_hal_tim.o
 .debug_ranges  0x0000000000000b78      0x158 build/stm32f1xx_hal_tim_ex.o
 .debug_ranges  0x0000000000000cd0       0x18 build/system_stm32f1xx.o
 .debug_ranges  0x0000000000000ce8       0x20 build/startup_stm32f103xb.o

.debug_line     0x0000000000000000     0xe1b3
 .debug_line    0x0000000000000000      0x467 build/main.o
 .debug_line    0x0000000000000467      0x26b build/gpio.o
 .debug_line    0x00000000000006d2      0x18d build/dma.o
 .debug_line    0x000000000000085f      0x431 build/spi.o
 .debug_line    0x0000000000000c90      0x6d2 build/tim.o
 .debug_line    0x0000000000001362      0x1db build/display.o
 .debug_line    0x000000000000153d      0x21d build/encoder.o
 .debug_line    0x000000000000175a      0x645 build/NRF24.o
 .debug_line    0x0000000000001d9f      0xa3d build/ssd1306.o
 .debug_line    0x00000000000027dc      0x11e build/ssd1306_fonts.o
 .debug_line    0x00000000000028fa      0x343 build/stm32f1xx_it.o
 .debug_line    0x0000000000002c3d      0x16b build/stm32f1xx_hal_msp.o
 .debug_line    0x0000000000002da8     0x24b6 build/stm32f1xx_hal_spi.o
 .debug_line    0x000000000000525e      0x51c build/stm32f1xx_hal.o
 .debug_line    0x000000000000577a      0xc10 build/stm32f1xx_hal_rcc.o
 .debug_line    0x000000000000638a      0x5cf build/stm32f1xx_hal_gpio.o
 .debug_line    0x0000000000006959      0xa48 build/stm32f1xx_hal_dma.o
 .debug_line    0x00000000000073a1      0x627 build/stm32f1xx_hal_cortex.o
 .debug_line    0x00000000000079c8     0x4967 build/stm32f1xx_hal_tim.o
 .debug_line    0x000000000000c32f     0x1bdc build/stm32f1xx_hal_tim_ex.o
 .debug_line    0x000000000000df0b      0x234 build/system_stm32f1xx.o
 .debug_line    0x000000000000e13f       0x74 build/startup_stm32f103xb.o

.debug_str      0x0000000000000000     0x3c43
 .debug_str     0x0000000000000000      0xaf3 build/main.o
                                        0xbec (size before relaxing)
 .debug_str     0x0000000000000af3      0x388 build/gpio.o
                                        0x56a (size before relaxing)
 .debug_str     0x0000000000000e7b        0xf build/dma.o
                                        0x4d0 (size before relaxing)
 .debug_str     0x0000000000000e8a       0x8d build/spi.o
                                        0x6b7 (size before relaxing)
 .debug_str     0x0000000000000f17      0x3c6 build/tim.o
                                        0xe4b (size before relaxing)
 .debug_str     0x00000000000012dd       0xe8 build/display.o
                                        0x2b0 (size before relaxing)
 .debug_str     0x00000000000013c5       0x31 build/encoder.o
                                        0x687 (size before relaxing)
 .debug_str     0x00000000000013f6      0x194 build/NRF24.o
                                        0x753 (size before relaxing)
 .debug_str     0x000000000000158a      0x363 build/ssd1306.o
                                        0xa0d (size before relaxing)
 .debug_str     0x00000000000018ed       0x5c build/ssd1306_fonts.o
                                        0x1fc (size before relaxing)
 .debug_str     0x0000000000001949      0x150 build/stm32f1xx_it.o
                                        0x7a3 (size before relaxing)
 .debug_str     0x0000000000001a99       0x29 build/stm32f1xx_hal_msp.o
                                        0x20f (size before relaxing)
 .debug_str     0x0000000000001ac2      0x50e build/stm32f1xx_hal_spi.o
                                        0xb52 (size before relaxing)
 .debug_str     0x0000000000001fd0      0x2d9 build/stm32f1xx_hal.o
                                        0x80f (size before relaxing)
 .debug_str     0x00000000000022a9      0x202 build/stm32f1xx_hal_rcc.o
                                        0x616 (size before relaxing)
 .debug_str     0x00000000000024ab       0xde build/stm32f1xx_hal_gpio.o
                                        0x3eb (size before relaxing)
 .debug_str     0x0000000000002589      0x1d8 build/stm32f1xx_hal_dma.o
                                        0x5e8 (size before relaxing)
 .debug_str     0x0000000000002761      0x391 build/stm32f1xx_hal_cortex.o
                                        0x8be (size before relaxing)
 .debug_str     0x0000000000002af2      0xc6f build/stm32f1xx_hal_tim.o
                                       0x162a (size before relaxing)
 .debug_str     0x0000000000003761      0x46f build/stm32f1xx_hal_tim_ex.o
                                        0xe2b (size before relaxing)
 .debug_str     0x0000000000003bd0       0x4f build/system_stm32f1xx.o
                                        0x23f (size before relaxing)
 .debug_str     0x0000000000003c1f       0x24 build/startup_stm32f103xb.o
                                         0x5e (size before relaxing)

.comment        0x0000000000000000       0x49
 .comment       0x0000000000000000       0x49 build/main.o
                                         0x4a (size before relaxing)
 .comment       0x0000000000000049       0x4a build/gpio.o
 .comment       0x0000000000000049       0x4a build/dma.o
 .comment       0x0000000000000049       0x4a build/spi.o
 .comment       0x0000000000000049       0x4a build/tim.o
 .comment       0x0000000000000049       0x4a build/display.o
 .comment       0x0000000000000049       0x4a build/encoder.o
 .comment       0x0000000000000049       0x4a build/NRF24.o
 .comment       0x0000000000000049       0x4a build/ssd1306.o
 .comment       0x0000000000000049       0x4a build/ssd1306_fonts.o
 .comment       0x0000000000000049       0x4a build/stm32f1xx_it.o
 .comment       0x0000000000000049       0x4a build/stm32f1xx_hal_msp.o
 .comment       0x0000000000000049       0x4a build/stm32f1xx_hal_spi.o
 .comment       0x0000000000000049       0x4a build/stm32f1xx_hal.o
 .comment       0x0000000000000049       0x4a build/stm32f1xx_hal_rcc.o
 .comment       0x0000000000000049       0x4a build/stm32f1xx_hal_gpio.o
 .comment       0x0000000000000049       0x4a build/stm32f1xx_hal_dma.o
 .comment       0x0000000000000049       0x4a build/stm32f1xx_hal_cortex.o
 .comment       0x0000000000000049       0x4a build/stm32f1xx_hal_tim.o
 .comment       0x0000000000000049       0x4a build/stm32f1xx_hal_tim_ex.o
 .comment       0x0000000000000049       0x4a build/system_stm32f1xx.o

.debug_frame    0x0000000000000000     0x2a00
 .debug_frame   0x0000000000000000       0xa0 build/main.o
 .debug_frame   0x00000000000000a0       0x38 build/gpio.o
 .debug_frame   0x00000000000000d8       0x2c build/dma.o
 .debug_frame   0x0000000000000104       0x78 build/spi.o
 .debug_frame   0x000000000000017c      0x124 build/tim.o
 .debug_frame   0x00000000000002a0       0x4c build/display.o
 .debug_frame   0x00000000000002ec       0x38 build/encoder.o
 .debug_frame   0x0000000000000324      0x19c build/NRF24.o
 .debug_frame   0x00000000000004c0      0x2c0 build/ssd1306.o
 .debug_frame   0x0000000000000780      0x120 build/stm32f1xx_it.o
 .debug_frame   0x00000000000008a0       0x28 build/stm32f1xx_hal_msp.o
 .debug_frame   0x00000000000008c8      0x5ac build/stm32f1xx_hal_spi.o
 .debug_frame   0x0000000000000e74      0x1cc build/stm32f1xx_hal.o
 .debug_frame   0x0000000000001040      0x184 build/stm32f1xx_hal_rcc.o
 .debug_frame   0x00000000000011c4       0xe4 build/stm32f1xx_hal_gpio.o
 .debug_frame   0x00000000000012a8      0x144 build/stm32f1xx_hal_dma.o
 .debug_frame   0x00000000000013ec      0x118 build/stm32f1xx_hal_cortex.o
 .debug_frame   0x0000000000001504      0xb18 build/stm32f1xx_hal_tim.o
 .debug_frame   0x000000000000201c      0x40c build/stm32f1xx_hal_tim_ex.o
 .debug_frame   0x0000000000002428       0x30 build/system_stm32f1xx.o
 .debug_frame   0x0000000000002458       0x2c /home/seradya/toolchains/gcc-arm-none-eabi-10.3-2021.10/bin/../lib/gcc/arm-none-eabi/10.3.1/../../../../arm-none-eabi/lib/thumb/v7-m/nofp/libc_nano.a(lib_a-init.o)
 .debug_frame   0x0000000000002484       0x28 /home/seradya/toolchains/gcc-arm-none-eabi-10.3-2021.10/bin/../lib/gcc/arm-none-eabi/10.3.1/../../../../arm-none-eabi/lib/thumb/v7-m/nofp/libc_nano.a(lib_a-memcpy-stub.o)
 .debug_frame   0x00000000000024ac       0x28 /home/seradya/toolchains/gcc-arm-none-eabi-10.3-2021.10/bin/../lib/gcc/arm-none-eabi/10.3.1/../../../../arm-none-eabi/lib/thumb/v7-m/nofp/libc_nano.a(lib_a-memmove.o)
 .debug_frame   0x00000000000024d4       0x20 /home/seradya/toolchains/gcc-arm-none-eabi-10.3-2021.10/bin/../lib/gcc/arm-none-eabi/10.3.1/../../../../arm-none-eabi/lib/thumb/v7-m/nofp/libc_nano.a(lib_a-memset.o)
 .debug_frame   0x00000000000024f4       0x6c /home/seradya/toolchains/gcc-arm-none-eabi-10.3-2021.10/bin/../lib/gcc/arm-none-eabi/10.3.1/../../../../arm-none-eabi/lib/thumb/v7-m/nofp/libc_nano.a(lib_a-sprintf.o)
 .debug_frame   0x0000000000002560       0x90 /home/seradya/toolchains/gcc-arm-none-eabi-10.3-2021.10/bin/../lib/gcc/arm-none-eabi/10.3.1/../../../../arm-none-eabi/lib/thumb/v7-m/nofp/libc_nano.a(lib_a-nano-svfprintf.o)
 .debug_frame   0x00000000000025f0       0x60 /home/seradya/toolchains/gcc-arm-none-eabi-10.3-2021.10/bin/../lib/gcc/arm-none-eabi/10.3.1/../../../../arm-none-eabi/lib/thumb/v7-m/nofp/libc_nano.a(lib_a-nano-vfprintf_i.o)
 .debug_frame   0x0000000000002650       0x28 /home/seradya/toolchains/gcc-arm-none-eabi-10.3-2021.10/bin/../lib/gcc/arm-none-eabi/10.3.1/../../../../arm-none-eabi/lib/thumb/v7-m/nofp/libc_nano.a(lib_a-memchr-stub.o)
 .debug_frame   0x0000000000002678       0x38 /home/seradya/toolchains/gcc-arm-none-eabi-10.3-2021.10/bin/../lib/gcc/arm-none-eabi/10.3.1/../../../../arm-none-eabi/lib/thumb/v7-m/nofp/libc_nano.a(lib_a-nano-freer.o)
 .debug_frame   0x00000000000026b0       0x4c /home/seradya/toolchains/gcc-arm-none-eabi-10.3-2021.10/bin/../lib/gcc/arm-none-eabi/10.3.1/../../../../arm-none-eabi/lib/thumb/v7-m/nofp/libc_nano.a(lib_a-nano-mallocr.o)
 .debug_frame   0x00000000000026fc       0x3c /home/seradya/toolchains/gcc-arm-none-eabi-10.3-2021.10/bin/../lib/gcc/arm-none-eabi/10.3.1/../../../../arm-none-eabi/lib/thumb/v7-m/nofp/libc_nano.a(lib_a-nano-reallocr.o)
 .debug_frame   0x0000000000002738       0x2c /home/seradya/toolchains/gcc-arm-none-eabi-10.3-2021.10/bin/../lib/gcc/arm-none-eabi/10.3.1/../../../../arm-none-eabi/lib/thumb/v7-m/nofp/libc_nano.a(lib_a-sbrkr.o)
 .debug_frame   0x0000000000002764       0x30 /home/seradya/toolchains/gcc-arm-none-eabi-10.3-2021.10/bin/../lib/gcc/arm-none-eabi/10.3.1/../../../../arm-none-eabi/lib/thumb/v7-m/nofp/libc_nano.a(lib_a-mlock.o)
 .debug_frame   0x0000000000002794       0x20 /home/seradya/toolchains/gcc-arm-none-eabi-10.3-2021.10/bin/../lib/gcc/arm-none-eabi/10.3.1/../../../../arm-none-eabi/lib/thumb/v7-m/nofp/libc_nano.a(lib_a-nano-msizer.o)
 .debug_frame   0x00000000000027b4       0x5c /home/seradya/toolchains/gcc-arm-none-eabi-10.3-2021.10/bin/../lib/gcc/arm-none-eabi/10.3.1/../../../../arm-none-eabi/lib/thumb/v7-m/nofp/libc_nano.a(lib_a-reent.o)
 .debug_frame   0x0000000000002810       0xb0 /home/seradya/toolchains/gcc-arm-none-eabi-10.3-2021.10/bin/../lib/gcc/arm-none-eabi/10.3.1/../../../../arm-none-eabi/lib/thumb/v7-m/nofp/libc_nano.a(lib_a-lock.o)
 .debug_frame   0x00000000000028c0       0x20 /home/seradya/toolchains/gcc-arm-none-eabi-10.3-2021.10/bin/../lib/gcc/arm-none-eabi/10.3.1/../../../../arm-none-eabi/lib/thumb/v7-m/nofp/libnosys.a(sbrk.o)
 .debug_frame   0x00000000000028e0       0xac /home/seradya/toolchains/gcc-arm-none-eabi-10.3-2021.10/bin/../lib/gcc/arm-none-eabi/10.3.1/thumb/v7-m/nofp/libgcc.a(_arm_addsubdf3.o)
 .debug_frame   0x000000000000298c       0x50 /home/seradya/toolchains/gcc-arm-none-eabi-10.3-2021.10/bin/../lib/gcc/arm-none-eabi/10.3.1/thumb/v7-m/nofp/libgcc.a(_arm_muldivdf3.o)
 .debug_frame   0x00000000000029dc       0x24 /home/seradya/toolchains/gcc-arm-none-eabi-10.3-2021.10/bin/../lib/gcc/arm-none-eabi/10.3.1/thumb/v7-m/nofp/libgcc.a(_arm_truncdfsf2.o)

Cross Reference Table

Symbol                                            File
ADC1_2_IRQHandler                                 build/startup_stm32f103xb.o
AHBPrescTable                                     build/system_stm32f1xx.o
                                                  build/stm32f1xx_hal_rcc.o
APBPrescTable                                     build/system_stm32f1xx.o
                                                  build/stm32f1xx_hal_rcc.o
BusFault_Handler                                  build/stm32f1xx_it.o
CAN1_RX1_IRQHandler                               build/startup_stm32f103xb.o
CAN1_SCE_IRQHandler                               build/startup_stm32f103xb.o
DMA1_Channel1_IRQHandler                          build/startup_stm32f103xb.o
DMA1_Channel2_IRQHandler                          build/startup_stm32f103xb.o
DMA1_Channel3_IRQHandler                          build/startup_stm32f103xb.o
DMA1_Channel4_IRQHandler                          build/startup_stm32f103xb.o
DMA1_Channel5_IRQHandler                          build/stm32f1xx_it.o
DMA1_Channel6_IRQHandler                          build/startup_stm32f103xb.o
DMA1_Channel7_IRQHandler                          build/startup_stm32f103xb.o
DebugMon_Handler                                  build/stm32f1xx_it.o
Default_Handler                                   build/startup_stm32f103xb.o
Display_Init                                      build/display.o
                                                  build/main.o
EXTI0_IRQHandler                                  build/startup_stm32f103xb.o
EXTI15_10_IRQHandler                              build/startup_stm32f103xb.o
EXTI1_IRQHandler                                  build/startup_stm32f103xb.o
EXTI2_IRQHandler                                  build/stm32f1xx_it.o
EXTI3_IRQHandler                                  build/startup_stm32f103xb.o
EXTI4_IRQHandler                                  build/startup_stm32f103xb.o
EXTI9_5_IRQHandler                                build/stm32f1xx_it.o
Enc_val                                           build/encoder.o
Encoder_Init                                      build/encoder.o
                                                  build/main.o
ErrCnt_Fl                                         build/NRF24.o
Error_Handler                                     build/main.o
                                                  build/tim.o
                                                  build/spi.o
FLASH_IRQHandler                                  build/startup_stm32f103xb.o
FLASH_PageErase                                   build/stm32f1xx_hal_flash_ex.o
                                                  build/stm32f1xx_hal_flash.o
FLASH_WaitForLastOperation                        build/stm32f1xx_hal_flash.o
                                                  build/stm32f1xx_hal_flash_ex.o
Font_11x18                                        build/ssd1306_fonts.o
                                                  build/ssd1306_tests.o
                                                  build/display.o
Font_16x26                                        build/ssd1306_fonts.o
                                                  build/ssd1306_tests.o
Font_6x8                                          build/ssd1306_fonts.o
                                                  build/ssd1306_tests.o
Font_7x10                                         build/ssd1306_fonts.o
                                                  build/ssd1306_tests.o
HAL_DBGMCU_DisableDBGSleepMode                    build/stm32f1xx_hal.o
HAL_DBGMCU_DisableDBGStandbyMode                  build/stm32f1xx_hal.o
HAL_DBGMCU_DisableDBGStopMode                     build/stm32f1xx_hal.o
HAL_DBGMCU_EnableDBGSleepMode                     build/stm32f1xx_hal.o
HAL_DBGMCU_EnableDBGStandbyMode                   build/stm32f1xx_hal.o
HAL_DBGMCU_EnableDBGStopMode                      build/stm32f1xx_hal.o
HAL_DMA_Abort                                     build/stm32f1xx_hal_dma.o
                                                  build/stm32f1xx_hal_spi.o
HAL_DMA_Abort_IT                                  build/stm32f1xx_hal_dma.o
                                                  build/stm32f1xx_hal_tim_ex.o
                                                  build/stm32f1xx_hal_tim.o
                                                  build/stm32f1xx_hal_spi.o
HAL_DMA_DeInit                                    build/stm32f1xx_hal_dma.o
                                                  build/spi.o
HAL_DMA_GetError                                  build/stm32f1xx_hal_dma.o
HAL_DMA_GetState                                  build/stm32f1xx_hal_dma.o
HAL_DMA_IRQHandler                                build/stm32f1xx_hal_dma.o
                                                  build/stm32f1xx_it.o
HAL_DMA_Init                                      build/stm32f1xx_hal_dma.o
                                                  build/spi.o
HAL_DMA_PollForTransfer                           build/stm32f1xx_hal_dma.o
HAL_DMA_RegisterCallback                          build/stm32f1xx_hal_dma.o
HAL_DMA_Start                                     build/stm32f1xx_hal_dma.o
HAL_DMA_Start_IT                                  build/stm32f1xx_hal_dma.o
                                                  build/stm32f1xx_hal_tim_ex.o
                                                  build/stm32f1xx_hal_tim.o
                                                  build/stm32f1xx_hal_spi.o
HAL_DMA_UnRegisterCallback                        build/stm32f1xx_hal_dma.o
HAL_DeInit                                        build/stm32f1xx_hal.o
HAL_Delay                                         build/stm32f1xx_hal.o
                                                  build/ssd1306_tests.o
                                                  build/ssd1306.o
                                                  build/main.o
HAL_EXTI_ClearConfigLine                          build/stm32f1xx_hal_exti.o
HAL_EXTI_ClearPending                             build/stm32f1xx_hal_exti.o
HAL_EXTI_GenerateSWI                              build/stm32f1xx_hal_exti.o
HAL_EXTI_GetConfigLine                            build/stm32f1xx_hal_exti.o
HAL_EXTI_GetHandle                                build/stm32f1xx_hal_exti.o
HAL_EXTI_GetPending                               build/stm32f1xx_hal_exti.o
HAL_EXTI_IRQHandler                               build/stm32f1xx_hal_exti.o
HAL_EXTI_RegisterCallback                         build/stm32f1xx_hal_exti.o
HAL_EXTI_SetConfigLine                            build/stm32f1xx_hal_exti.o
HAL_FLASHEx_Erase                                 build/stm32f1xx_hal_flash_ex.o
HAL_FLASHEx_Erase_IT                              build/stm32f1xx_hal_flash_ex.o
HAL_FLASHEx_OBErase                               build/stm32f1xx_hal_flash_ex.o
HAL_FLASHEx_OBGetConfig                           build/stm32f1xx_hal_flash_ex.o
HAL_FLASHEx_OBGetUserData                         build/stm32f1xx_hal_flash_ex.o
HAL_FLASHEx_OBProgram                             build/stm32f1xx_hal_flash_ex.o
HAL_FLASH_EndOfOperationCallback                  build/stm32f1xx_hal_flash.o
HAL_FLASH_GetError                                build/stm32f1xx_hal_flash.o
HAL_FLASH_IRQHandler                              build/stm32f1xx_hal_flash.o
HAL_FLASH_Lock                                    build/stm32f1xx_hal_flash.o
HAL_FLASH_OB_Launch                               build/stm32f1xx_hal_flash.o
HAL_FLASH_OB_Lock                                 build/stm32f1xx_hal_flash.o
HAL_FLASH_OB_Unlock                               build/stm32f1xx_hal_flash.o
HAL_FLASH_OperationErrorCallback                  build/stm32f1xx_hal_flash.o
HAL_FLASH_Program                                 build/stm32f1xx_hal_flash.o
HAL_FLASH_Program_IT                              build/stm32f1xx_hal_flash.o
HAL_FLASH_Unlock                                  build/stm32f1xx_hal_flash.o
HAL_GPIOEx_ConfigEventout                         build/stm32f1xx_hal_gpio_ex.o
HAL_GPIOEx_DisableEventout                        build/stm32f1xx_hal_gpio_ex.o
HAL_GPIOEx_EnableEventout                         build/stm32f1xx_hal_gpio_ex.o
HAL_GPIO_DeInit                                   build/stm32f1xx_hal_gpio.o
                                                  build/tim.o
                                                  build/spi.o
HAL_GPIO_EXTI_Callback                            build/main.o
HAL_GPIO_EXTI_IRQHandler                          build/stm32f1xx_hal_gpio.o
                                                  build/stm32f1xx_it.o
HAL_GPIO_Init                                     build/stm32f1xx_hal_gpio.o
                                                  build/stm32f1xx_hal_rcc.o
                                                  build/tim.o
                                                  build/spi.o
                                                  build/gpio.o
HAL_GPIO_LockPin                                  build/stm32f1xx_hal_gpio.o
HAL_GPIO_ReadPin                                  build/stm32f1xx_hal_gpio.o
HAL_GPIO_TogglePin                                build/stm32f1xx_hal_gpio.o
HAL_GPIO_WritePin                                 build/stm32f1xx_hal_gpio.o
                                                  build/ssd1306.o
                                                  build/NRF24.o
                                                  build/gpio.o
                                                  build/main.o
HAL_GetDEVID                                      build/stm32f1xx_hal.o
HAL_GetHalVersion                                 build/stm32f1xx_hal.o
HAL_GetREVID                                      build/stm32f1xx_hal.o
HAL_GetTick                                       build/stm32f1xx_hal.o
                                                  build/stm32f1xx_hal_flash.o
                                                  build/stm32f1xx_hal_dma.o
                                                  build/stm32f1xx_hal_rcc_ex.o
                                                  build/stm32f1xx_hal_rcc.o
                                                  build/stm32f1xx_hal_spi.o
                                                  build/ssd1306_tests.o
HAL_GetTickFreq                                   build/stm32f1xx_hal.o
HAL_GetTickPrio                                   build/stm32f1xx_hal.o
HAL_GetUIDw0                                      build/stm32f1xx_hal.o
HAL_GetUIDw1                                      build/stm32f1xx_hal.o
HAL_GetUIDw2                                      build/stm32f1xx_hal.o
HAL_IncTick                                       build/stm32f1xx_hal.o
                                                  build/stm32f1xx_it.o
HAL_Init                                          build/stm32f1xx_hal.o
                                                  build/main.o
HAL_InitTick                                      build/stm32f1xx_hal.o
                                                  build/stm32f1xx_hal_rcc.o
HAL_MspDeInit                                     build/stm32f1xx_hal.o
HAL_MspInit                                       build/stm32f1xx_hal_msp.o
HAL_NVIC_ClearPendingIRQ                          build/stm32f1xx_hal_cortex.o
HAL_NVIC_DisableIRQ                               build/stm32f1xx_hal_cortex.o
                                                  build/tim.o
HAL_NVIC_EnableIRQ                                build/stm32f1xx_hal_cortex.o
                                                  build/tim.o
                                                  build/dma.o
                                                  build/gpio.o
HAL_NVIC_GetActive                                build/stm32f1xx_hal_cortex.o
HAL_NVIC_GetPendingIRQ                            build/stm32f1xx_hal_cortex.o
HAL_NVIC_GetPriority                              build/stm32f1xx_hal_cortex.o
HAL_NVIC_GetPriorityGrouping                      build/stm32f1xx_hal_cortex.o
HAL_NVIC_SetPendingIRQ                            build/stm32f1xx_hal_cortex.o
HAL_NVIC_SetPriority                              build/stm32f1xx_hal_cortex.o
                                                  build/stm32f1xx_hal.o
                                                  build/tim.o
                                                  build/dma.o
                                                  build/gpio.o
HAL_NVIC_SetPriorityGrouping                      build/stm32f1xx_hal_cortex.o
                                                  build/stm32f1xx_hal.o
HAL_NVIC_SystemReset                              build/stm32f1xx_hal_cortex.o
                                                  build/stm32f1xx_hal_flash.o
HAL_PWR_ConfigPVD                                 build/stm32f1xx_hal_pwr.o
HAL_PWR_DeInit                                    build/stm32f1xx_hal_pwr.o
HAL_PWR_DisableBkUpAccess                         build/stm32f1xx_hal_pwr.o
HAL_PWR_DisablePVD                                build/stm32f1xx_hal_pwr.o
HAL_PWR_DisableSEVOnPend                          build/stm32f1xx_hal_pwr.o
HAL_PWR_DisableSleepOnExit                        build/stm32f1xx_hal_pwr.o
HAL_PWR_DisableWakeUpPin                          build/stm32f1xx_hal_pwr.o
HAL_PWR_EnableBkUpAccess                          build/stm32f1xx_hal_pwr.o
HAL_PWR_EnablePVD                                 build/stm32f1xx_hal_pwr.o
HAL_PWR_EnableSEVOnPend                           build/stm32f1xx_hal_pwr.o
HAL_PWR_EnableSleepOnExit                         build/stm32f1xx_hal_pwr.o
HAL_PWR_EnableWakeUpPin                           build/stm32f1xx_hal_pwr.o
HAL_PWR_EnterSLEEPMode                            build/stm32f1xx_hal_pwr.o
HAL_PWR_EnterSTANDBYMode                          build/stm32f1xx_hal_pwr.o
HAL_PWR_EnterSTOPMode                             build/stm32f1xx_hal_pwr.o
HAL_PWR_PVDCallback                               build/stm32f1xx_hal_pwr.o
HAL_PWR_PVD_IRQHandler                            build/stm32f1xx_hal_pwr.o
HAL_RCCEx_GetPeriphCLKConfig                      build/stm32f1xx_hal_rcc_ex.o
HAL_RCCEx_GetPeriphCLKFreq                        build/stm32f1xx_hal_rcc_ex.o
HAL_RCCEx_PeriphCLKConfig                         build/stm32f1xx_hal_rcc_ex.o
HAL_RCC_CSSCallback                               build/stm32f1xx_hal_rcc.o
HAL_RCC_ClockConfig                               build/stm32f1xx_hal_rcc.o
                                                  build/main.o
HAL_RCC_DeInit                                    build/stm32f1xx_hal_rcc.o
HAL_RCC_DisableCSS                                build/stm32f1xx_hal_rcc.o
HAL_RCC_EnableCSS                                 build/stm32f1xx_hal_rcc.o
HAL_RCC_GetClockConfig                            build/stm32f1xx_hal_rcc.o
HAL_RCC_GetHCLKFreq                               build/stm32f1xx_hal_rcc.o
HAL_RCC_GetOscConfig                              build/stm32f1xx_hal_rcc.o
HAL_RCC_GetPCLK1Freq                              build/stm32f1xx_hal_rcc.o
HAL_RCC_GetPCLK2Freq                              build/stm32f1xx_hal_rcc.o
                                                  build/stm32f1xx_hal_rcc_ex.o
HAL_RCC_GetSysClockFreq                           build/stm32f1xx_hal_rcc.o
HAL_RCC_MCOConfig                                 build/stm32f1xx_hal_rcc.o
HAL_RCC_NMI_IRQHandler                            build/stm32f1xx_hal_rcc.o
HAL_RCC_OscConfig                                 build/stm32f1xx_hal_rcc.o
                                                  build/main.o
HAL_ResumeTick                                    build/stm32f1xx_hal.o
HAL_SPI_Abort                                     build/stm32f1xx_hal_spi.o
HAL_SPI_AbortCpltCallback                         build/stm32f1xx_hal_spi.o
HAL_SPI_Abort_IT                                  build/stm32f1xx_hal_spi.o
HAL_SPI_DMAPause                                  build/stm32f1xx_hal_spi.o
HAL_SPI_DMAResume                                 build/stm32f1xx_hal_spi.o
HAL_SPI_DMAStop                                   build/stm32f1xx_hal_spi.o
HAL_SPI_DeInit                                    build/stm32f1xx_hal_spi.o
HAL_SPI_ErrorCallback                             build/stm32f1xx_hal_spi.o
HAL_SPI_GetError                                  build/stm32f1xx_hal_spi.o
HAL_SPI_GetState                                  build/stm32f1xx_hal_spi.o
HAL_SPI_IRQHandler                                build/stm32f1xx_hal_spi.o
HAL_SPI_Init                                      build/stm32f1xx_hal_spi.o
                                                  build/spi.o
HAL_SPI_MspDeInit                                 build/spi.o
HAL_SPI_MspInit                                   build/spi.o
HAL_SPI_Receive                                   build/stm32f1xx_hal_spi.o
                                                  build/NRF24.o
HAL_SPI_Receive_DMA                               build/stm32f1xx_hal_spi.o
HAL_SPI_Receive_IT                                build/stm32f1xx_hal_spi.o
HAL_SPI_RxCpltCallback                            build/stm32f1xx_hal_spi.o
HAL_SPI_RxHalfCpltCallback                        build/stm32f1xx_hal_spi.o
HAL_SPI_Transmit                                  build/stm32f1xx_hal_spi.o
                                                  build/ssd1306.o
                                                  build/NRF24.o
HAL_SPI_TransmitReceive                           build/stm32f1xx_hal_spi.o
                                                  build/NRF24.o
HAL_SPI_TransmitReceive_DMA                       build/stm32f1xx_hal_spi.o
HAL_SPI_TransmitReceive_IT                        build/stm32f1xx_hal_spi.o
HAL_SPI_Transmit_DMA                              build/stm32f1xx_hal_spi.o
                                                  build/ssd1306.o
HAL_SPI_Transmit_IT                               build/stm32f1xx_hal_spi.o
HAL_SPI_TxCpltCallback                            build/main.o
HAL_SPI_TxHalfCpltCallback                        build/stm32f1xx_hal_spi.o
HAL_SPI_TxRxCpltCallback                          build/stm32f1xx_hal_spi.o
HAL_SPI_TxRxHalfCpltCallback                      build/stm32f1xx_hal_spi.o
HAL_SYSTICK_CLKSourceConfig                       build/stm32f1xx_hal_cortex.o
HAL_SYSTICK_Callback                              build/stm32f1xx_hal_cortex.o
HAL_SYSTICK_Config                                build/stm32f1xx_hal_cortex.o
                                                  build/stm32f1xx_hal.o
HAL_SYSTICK_IRQHandler                            build/stm32f1xx_hal_cortex.o
HAL_SetTickFreq                                   build/stm32f1xx_hal.o
HAL_SuspendTick                                   build/stm32f1xx_hal.o
HAL_TIMEx_BreakCallback                           build/stm32f1xx_hal_tim_ex.o
                                                  build/stm32f1xx_hal_tim.o
HAL_TIMEx_CommutCallback                          build/stm32f1xx_hal_tim_ex.o
                                                  build/stm32f1xx_hal_tim.o
HAL_TIMEx_CommutHalfCpltCallback                  build/stm32f1xx_hal_tim_ex.o
HAL_TIMEx_ConfigBreakDeadTime                     build/stm32f1xx_hal_tim_ex.o
                                                  build/tim.o
HAL_TIMEx_ConfigCommutEvent                       build/stm32f1xx_hal_tim_ex.o
HAL_TIMEx_ConfigCommutEvent_DMA                   build/stm32f1xx_hal_tim_ex.o
HAL_TIMEx_ConfigCommutEvent_IT                    build/stm32f1xx_hal_tim_ex.o
HAL_TIMEx_GetChannelNState                        build/stm32f1xx_hal_tim_ex.o
HAL_TIMEx_HallSensor_DeInit                       build/stm32f1xx_hal_tim_ex.o
HAL_TIMEx_HallSensor_GetState                     build/stm32f1xx_hal_tim_ex.o
HAL_TIMEx_HallSensor_Init                         build/stm32f1xx_hal_tim_ex.o
HAL_TIMEx_HallSensor_MspDeInit                    build/stm32f1xx_hal_tim_ex.o
HAL_TIMEx_HallSensor_MspInit                      build/stm32f1xx_hal_tim_ex.o
HAL_TIMEx_HallSensor_Start                        build/stm32f1xx_hal_tim_ex.o
HAL_TIMEx_HallSensor_Start_DMA                    build/stm32f1xx_hal_tim_ex.o
HAL_TIMEx_HallSensor_Start_IT                     build/stm32f1xx_hal_tim_ex.o
HAL_TIMEx_HallSensor_Stop                         build/stm32f1xx_hal_tim_ex.o
HAL_TIMEx_HallSensor_Stop_DMA                     build/stm32f1xx_hal_tim_ex.o
HAL_TIMEx_HallSensor_Stop_IT                      build/stm32f1xx_hal_tim_ex.o
HAL_TIMEx_MasterConfigSynchronization             build/stm32f1xx_hal_tim_ex.o
                                                  build/tim.o
HAL_TIMEx_OCN_Start                               build/stm32f1xx_hal_tim_ex.o
HAL_TIMEx_OCN_Start_DMA                           build/stm32f1xx_hal_tim_ex.o
HAL_TIMEx_OCN_Start_IT                            build/stm32f1xx_hal_tim_ex.o
HAL_TIMEx_OCN_Stop                                build/stm32f1xx_hal_tim_ex.o
HAL_TIMEx_OCN_Stop_DMA                            build/stm32f1xx_hal_tim_ex.o
HAL_TIMEx_OCN_Stop_IT                             build/stm32f1xx_hal_tim_ex.o
HAL_TIMEx_OnePulseN_Start                         build/stm32f1xx_hal_tim_ex.o
HAL_TIMEx_OnePulseN_Start_IT                      build/stm32f1xx_hal_tim_ex.o
HAL_TIMEx_OnePulseN_Stop                          build/stm32f1xx_hal_tim_ex.o
HAL_TIMEx_OnePulseN_Stop_IT                       build/stm32f1xx_hal_tim_ex.o
HAL_TIMEx_PWMN_Start                              build/stm32f1xx_hal_tim_ex.o