Archive member included to satisfy reference by file (symbol)

/home/seradya/toolchains/gcc-arm-none-eabi-10.3-2021.10/bin/../lib/gcc/arm-none-eabi/10.3.1/../../../../arm-none-eabi/lib/thumb/v7-m/nofp/libc_nano.a(lib_a-exit.o)
                              /home/seradya/toolchains/gcc-arm-none-eabi-10.3-2021.10/bin/../lib/gcc/arm-none-eabi/10.3.1/../../../../arm-none-eabi/lib/thumb/v7-m/nofp/crt0.o (exit)
/home/seradya/toolchains/gcc-arm-none-eabi-10.3-2021.10/bin/../lib/gcc/arm-none-eabi/10.3.1/../../../../arm-none-eabi/lib/thumb/v7-m/nofp/libc_nano.a(lib_a-impure.o)
                              /home/seradya/toolchains/gcc-arm-none-eabi-10.3-2021.10/bin/../lib/gcc/arm-none-eabi/10.3.1/../../../../arm-none-eabi/lib/thumb/v7-m/nofp/libc_nano.a(lib_a-exit.o) (_global_impure_ptr)
/home/seradya/toolchains/gcc-arm-none-eabi-10.3-2021.10/bin/../lib/gcc/arm-none-eabi/10.3.1/../../../../arm-none-eabi/lib/thumb/v7-m/nofp/libc_nano.a(lib_a-init.o)
                              /home/seradya/toolchains/gcc-arm-none-eabi-10.3-2021.10/bin/../lib/gcc/arm-none-eabi/10.3.1/../../../../arm-none-eabi/lib/thumb/v7-m/nofp/crt0.o (__libc_init_array)
/home/seradya/toolchains/gcc-arm-none-eabi-10.3-2021.10/bin/../lib/gcc/arm-none-eabi/10.3.1/../../../../arm-none-eabi/lib/thumb/v7-m/nofp/libc_nano.a(lib_a-memcpy-stub.o)
                              build/ssd1306.o (memcpy)
/home/seradya/toolchains/gcc-arm-none-eabi-10.3-2021.10/bin/../lib/gcc/arm-none-eabi/10.3.1/../../../../arm-none-eabi/lib/thumb/v7-m/nofp/libc_nano.a(lib_a-memmove.o)
                              build/ssd1306_tests.o (memmove)
/home/seradya/toolchains/gcc-arm-none-eabi-10.3-2021.10/bin/../lib/gcc/arm-none-eabi/10.3.1/../../../../arm-none-eabi/lib/thumb/v7-m/nofp/libc_nano.a(lib_a-memset.o)
                              /home/seradya/toolchains/gcc-arm-none-eabi-10.3-2021.10/bin/../lib/gcc/arm-none-eabi/10.3.1/../../../../arm-none-eabi/lib/thumb/v7-m/nofp/crt0.o (memset)
/home/seradya/toolchains/gcc-arm-none-eabi-10.3-2021.10/bin/../lib/gcc/arm-none-eabi/10.3.1/../../../../arm-none-eabi/lib/thumb/v7-m/nofp/libc_nano.a(lib_a-snprintf.o)
                              build/ssd1306_tests.o (snprintf)
/home/seradya/toolchains/gcc-arm-none-eabi-10.3-2021.10/bin/../lib/gcc/arm-none-eabi/10.3.1/../../../../arm-none-eabi/lib/thumb/v7-m/nofp/libc_nano.a(lib_a-sprintf.o)
                              build/display.o (sprintf)
/home/seradya/toolchains/gcc-arm-none-eabi-10.3-2021.10/bin/../lib/gcc/arm-none-eabi/10.3.1/../../../../arm-none-eabi/lib/thumb/v7-m/nofp/libc_nano.a(lib_a-nano-svfprintf.o)
                              /home/seradya/toolchains/gcc-arm-none-eabi-10.3-2021.10/bin/../lib/gcc/arm-none-eabi/10.3.1/../../../../arm-none-eabi/lib/thumb/v7-m/nofp/libc_nano.a(lib_a-snprintf.o) (_svfprintf_r)
/home/seradya/toolchains/gcc-arm-none-eabi-10.3-2021.10/bin/../lib/gcc/arm-none-eabi/10.3.1/../../../../arm-none-eabi/lib/thumb/v7-m/nofp/libc_nano.a(lib_a-nano-vfprintf_i.o)
                              /home/seradya/toolchains/gcc-arm-none-eabi-10.3-2021.10/bin/../lib/gcc/arm-none-eabi/10.3.1/../../../../arm-none-eabi/lib/thumb/v7-m/nofp/libc_nano.a(lib_a-nano-svfprintf.o) (_printf_i)
/home/seradya/toolchains/gcc-arm-none-eabi-10.3-2021.10/bin/../lib/gcc/arm-none-eabi/10.3.1/../../../../arm-none-eabi/lib/thumb/v7-m/nofp/libc_nano.a(lib_a-memchr-stub.o)
                              /home/seradya/toolchains/gcc-arm-none-eabi-10.3-2021.10/bin/../lib/gcc/arm-none-eabi/10.3.1/../../../../arm-none-eabi/lib/thumb/v7-m/nofp/libc_nano.a(lib_a-nano-svfprintf.o) (memchr)
/home/seradya/toolchains/gcc-arm-none-eabi-10.3-2021.10/bin/../lib/gcc/arm-none-eabi/10.3.1/../../../../arm-none-eabi/lib/thumb/v7-m/nofp/libc_nano.a(lib_a-nano-freer.o)
                              /home/seradya/toolchains/gcc-arm-none-eabi-10.3-2021.10/bin/../lib/gcc/arm-none-eabi/10.3.1/../../../../arm-none-eabi/lib/thumb/v7-m/nofp/libc_nano.a(lib_a-nano-svfprintf.o) (_free_r)
/home/seradya/toolchains/gcc-arm-none-eabi-10.3-2021.10/bin/../lib/gcc/arm-none-eabi/10.3.1/../../../../arm-none-eabi/lib/thumb/v7-m/nofp/libc_nano.a(lib_a-nano-mallocr.o)
                              /home/seradya/toolchains/gcc-arm-none-eabi-10.3-2021.10/bin/../lib/gcc/arm-none-eabi/10.3.1/../../../../arm-none-eabi/lib/thumb/v7-m/nofp/libc_nano.a(lib_a-nano-svfprintf.o) (_malloc_r)
/home/seradya/toolchains/gcc-arm-none-eabi-10.3-2021.10/bin/../lib/gcc/arm-none-eabi/10.3.1/../../../../arm-none-eabi/lib/thumb/v7-m/nofp/libc_nano.a(lib_a-nano-reallocr.o)
                              /home/seradya/toolchains/gcc-arm-none-eabi-10.3-2021.10/bin/../lib/gcc/arm-none-eabi/10.3.1/../../../../arm-none-eabi/lib/thumb/v7-m/nofp/libc_nano.a(lib_a-nano-svfprintf.o) (_realloc_r)
/home/seradya/toolchains/gcc-arm-none-eabi-10.3-2021.10/bin/../lib/gcc/arm-none-eabi/10.3.1/../../../../arm-none-eabi/lib/thumb/v7-m/nofp/libc_nano.a(lib_a-sbrkr.o)
[...]
Memory Configuration

Name             Origin             Length             Attributes
RAM              0x0000000020000000 0x0000000000005000 xrw
FLASH            0x0000000008000000 0x0000000000010000 xr
*default*        0x0000000000000000 0xffffffffffffffff

Linker script and memory map

LOAD /home/seradya/toolchains/gcc-arm-none-eabi-10.3-2021.10/bin/../lib/gcc/arm-none-eabi/10.3.1/thumb/v7-m/nofp/crti.o
LOAD /home/seradya/toolchains/gcc-arm-none-eabi-10.3-2021.10/bin/../lib/gcc/arm-none-eabi/10.3.1/thumb/v7-m/nofp/crtbegin.o
LOAD /home/seradya/toolchains/gcc-arm-none-eabi-10.3-2021.10/bin/../lib/gcc/arm-none-eabi/10.3.1/../../../../arm-none-eabi/lib/thumb/v7-m/nofp/crt0.o
LOAD build/main.o
LOAD build/gpio.o
LOAD build/dma.o
LOAD build/spi.o
LOAD build/tim.o
LOAD build/display.o
LOAD build/encoder.o
LOAD build/NRF24.o
LOAD build/ssd1306.o
LOAD build/ssd1306_fonts.o
LOAD build/ssd1306_tests.o
LOAD build/stm32f1xx_it.o
LOAD build/stm32f1xx_hal_msp.o
LOAD build/stm32f1xx_hal_gpio_ex.o
LOAD build/stm32f1xx_hal_spi.o
LOAD build/stm32f1xx_hal.o
LOAD build/stm32f1xx_hal_rcc.o
LOAD build/stm32f1xx_hal_rcc_ex.o
LOAD build/stm32f1xx_hal_gpio.o
LOAD build/stm32f1xx_hal_dma.o
LOAD build/stm32f1xx_hal_cortex.o
LOAD build/stm32f1xx_hal_pwr.o
LOAD build/stm32f1xx_hal_flash.o
LOAD build/stm32f1xx_hal_flash_ex.o
LOAD build/stm32f1xx_hal_exti.o
LOAD build/stm32f1xx_hal_tim.o
LOAD build/stm32f1xx_hal_tim_ex.o
LOAD build/system_stm32f1xx.o
LOAD build/startup_stm32f103xb.o
LOAD /home/seradya/toolchains/gcc-arm-none-eabi-10.3-2021.10/bin/../lib/gcc/arm-none-eabi/10.3.1/../../../../arm-none-eabi/lib/thumb/v7-m/nofp/libc_nano.a
LOAD /home/seradya/toolchains/gcc-arm-none-eabi-10.3-2021.10/bin/../lib/gcc/arm-none-eabi/10.3.1/../../../../arm-none-eabi/lib/thumb/v7-m/nofp/libm.a
LOAD /home/seradya/toolchains/gcc-arm-none-eabi-10.3-2021.10/bin/../lib/gcc/arm-none-eabi/10.3.1/../../../../arm-none-eabi/lib/thumb/v7-m/nofp/libnosys.a
START GROUP
LOAD /home/seradya/toolchains/gcc-arm-none-eabi-10.3-2021.10/bin/../lib/gcc/arm-none-eabi/10.3.1/thumb/v7-m/nofp/libgcc.a
LOAD /home/seradya/toolchains/gcc-arm-none-eabi-10.3-2021.10/bin/../lib/gcc/arm-none-eabi/10.3.1/../../../../arm-none-eabi/lib/thumb/v7-m/nofp/libc_nano.a
END GROUP
START GROUP
LOAD /home/seradya/toolchains/gcc-arm-none-eabi-10.3-2021.10/bin/../lib/gcc/arm-none-eabi/10.3.1/thumb/v7-m/nofp/libgcc.a
LOAD /home/seradya/toolchains/gcc-arm-none-eabi-10.3-2021.10/bin/../lib/gcc/arm-none-eabi/10.3.1/../../../../arm-none-eabi/lib/thumb/v7-m/nofp/libc_nano.a
END GROUP
LOAD /home/seradya/toolchains/gcc-arm-none-eabi-10.3-2021.10/bin/../lib/gcc/arm-none-eabi/10.3.1/thumb/v7-m/nofp/crtend.o
LOAD /home/seradya/toolchains/gcc-arm-none-eabi-10.3-2021.10/bin/../lib/gcc/arm-none-eabi/10.3.1/thumb/v7-m/nofp/crtn.o
                0x0000000020005000                _estack = (ORIGIN (RAM) + LENGTH (RAM))
                0x0000000000000200                _Min_Heap_Size = 0x200
                0x0000000000000400                _Min_Stack_Size = 0x400

.isr_vector     0x0000000008000000      0x10c
                0x0000000008000000                . = ALIGN (0x4)
 *(.isr_vector)
 .isr_vector    0x0000000008000000      0x10c build/startup_stm32f103xb.o
                0x0000000008000000                g_pfnVectors
                0x000000000800010c                . = ALIGN (0x4)

.text           0x0000000008000110     0x3810
                0x0000000008000110                . = ALIGN (0x4)
 *(.text)
 .text          0x0000000008000110       0x40 /home/seradya/toolchains/gcc-arm-none-eabi-10.3-2021.10/bin/../lib/gcc/arm-none-eabi/10.3.1/thumb/v7-m/nofp/crtbegin.o
 .text          0x0000000008000150      0x378 /home/seradya/toolchains/gcc-arm-none-eabi-10.3-2021.10/bin/../lib/gcc/arm-none-eabi/10.3.1/thumb/v7-m/nofp/libgcc.a(_arm_addsubdf3.o)
                0x0000000008000150                __aeabi_drsub
                0x0000000008000158                __aeabi_dsub
                0x0000000008000158                __subdf3
                0x000000000800015c                __adddf3
                0x000000000800015c                __aeabi_dadd
                0x00000000080003d4                __aeabi_ui2d
                0x00000000080003d4                __floatunsidf
                0x00000000080003f4                __floatsidf
                0x00000000080003f4                __aeabi_i2d
                0x0000000008000418                __extendsfdf2
                0x0000000008000418                __aeabi_f2d
                0x000000000800045c                __aeabi_ul2d
                0x000000000800045c                __floatundidf
                0x000000000800046c                __floatdidf
                0x000000000800046c                __aeabi_l2d
 .text          0x00000000080004c8      0x424 /home/seradya/toolchains/gcc-arm-none-eabi-10.3-2021.10/bin/../lib/gcc/arm-none-eabi/10.3.1/thumb/v7-m/nofp/libgcc.a(_arm_muldivdf3.o)
                0x00000000080004c8                __aeabi_dmul
                0x00000000080004c8                __muldf3
                0x000000000800071c                __aeabi_ddiv
                0x000000000800071c                __divdf3
 .text          0x00000000080008ec       0xa0 /home/seradya/toolchains/gcc-arm-none-eabi-10.3-2021.10/bin/../lib/gcc/arm-none-eabi/10.3.1/thumb/v7-m/nofp/libgcc.a(_arm_truncdfsf2.o)
                0x00000000080008ec                __aeabi_d2f
                0x00000000080008ec                __truncdfsf2
 *(.text*)
 .text.SystemClock_Config
                0x000000000800098c       0x54 build/main.o
                0x000000000800098c                SystemClock_Config
 .text.main     0x00000000080009e0       0x74 build/main.o
                0x00000000080009e0                main
 .text.HAL_GPIO_EXTI_Callback
                0x0000000008000a54        0xe build/main.o
                0x0000000008000a54                HAL_GPIO_EXTI_Callback
 .text.Error_Handler
                0x0000000008000a62        0x2 build/main.o
                0x0000000008000a62                Error_Handler
 .text.MX_GPIO_Init
                0x0000000008000a64      0x11c build/gpio.o
                0x0000000008000a64                MX_GPIO_Init
 .text.MX_DMA_Init
                0x0000000008000b80       0x34 build/dma.o
                0x0000000008000b80                MX_DMA_Init
 .text.MX_SPI1_Init
                0x0000000008000bb4       0x44 build/spi.o
                0x0000000008000bb4                MX_SPI1_Init
 .text.MX_SPI2_Init
                0x0000000008000bf8       0x48 build/spi.o
                0x0000000008000bf8                MX_SPI2_Init
 .text.HAL_SPI_MspInit
                0x0000000008000c40       0xf8 build/spi.o
                0x0000000008000c40                HAL_SPI_MspInit
 .text.MX_TIM3_Init
                0x0000000008000d38       0x64 build/tim.o
                0x0000000008000d38                MX_TIM3_Init
 .text.HAL_TIM_Encoder_MspInit
                0x0000000008000d9c       0x70 build/tim.o
                0x0000000008000d9c                HAL_TIM_Encoder_MspInit
 .text.Display_Init
                0x0000000008000e0c        0x8 build/display.o
                0x0000000008000e0c                Display_Init
 *fill*         0x0000000008000e14        0x4 
 .text.Main_Screen
                0x0000000008000e18      0x140 build/display.o
                0x0000000008000e18                Main_Screen
 .text.Encoder_Init
                0x0000000008000f58       0x34 build/encoder.o
                0x0000000008000f58                Encoder_Init
 .text.NRF24_ReadReg
                0x0000000008000f8c       0x70 build/NRF24.o
                0x0000000008000f8c                NRF24_ReadReg
 .text.NRF24_WriteReg
                0x0000000008000ffc       0x5c build/NRF24.o
                0x0000000008000ffc                NRF24_WriteReg
 .text.NRF24_ToggleFeatures
                0x0000000008001058       0x6c build/NRF24.o
                0x0000000008001058                NRF24_ToggleFeatures
 .text.NRF24_Read_Buf
                0x00000000080010c4       0x50 build/NRF24.o
                0x00000000080010c4                NRF24_Read_Buf
 .text.NRF24_Write_Buf
                0x0000000008001114       0x70 build/NRF24.o
                0x0000000008001114                NRF24_Write_Buf
 .text.NRF24_FlushRX
                0x0000000008001184       0x58 build/NRF24.o
                0x0000000008001184                NRF24_FlushRX
 .text.NRF24_FlushTX
                0x00000000080011dc       0x58 build/NRF24.o
                0x00000000080011dc                NRF24_FlushTX
 .text.NRF24L01_RX_Mode
                0x0000000008001234       0x50 build/NRF24.o
                0x0000000008001234                NRF24L01_RX_Mode
 .text.NRF24L01_TX_Mode
                0x0000000008001284       0x28 build/NRF24.o
                0x0000000008001284                NRF24L01_TX_Mode
 .text.NRF24_Transmit
                0x00000000080012ac       0x80 build/NRF24.o
                0x00000000080012ac                NRF24_Transmit
 .text.NRF24L01_Send
                0x000000000800132c       0x7c build/NRF24.o
                0x000000000800132c                NRF24L01_Send
 .text.NRF24L01_Receive
                0x00000000080013a8       0x34 build/NRF24.o
                0x00000000080013a8                NRF24L01_Receive
 .text.NRF24L01_IT
                0x00000000080013dc       0x98 build/NRF24.o
                0x00000000080013dc                NRF24L01_IT
 .text.NRF24_ini
                0x0000000008001474       0xcc build/NRF24.o
                0x0000000008001474                NRF24_ini
 .text.ssd1306_Reset
                0x0000000008001540       0x3c build/ssd1306.o
                0x0000000008001540                ssd1306_Reset
 .text.ssd1306_WriteCommand
                0x000000000800157c       0x4c build/ssd1306.o
                0x000000000800157c                ssd1306_WriteCommand
 .text.ssd1306_WriteData
                0x00000000080015c8       0x44 build/ssd1306.o
                0x00000000080015c8                ssd1306_WriteData
 .text.ssd1306_Fill
                0x000000000800160c       0x20 build/ssd1306.o
                0x000000000800160c                ssd1306_Fill
 .text.ssd1306_UpdateScreen
                0x000000000800162c       0x38 build/ssd1306.o
                0x000000000800162c                ssd1306_UpdateScreen
 .text.ssd1306_DrawPixel
                0x0000000008001664       0x44 build/ssd1306.o
                0x0000000008001664                ssd1306_DrawPixel
 .text.ssd1306_WriteChar
                0x00000000080016a8       0xb0 build/ssd1306.o
                0x00000000080016a8                ssd1306_WriteChar
 .text.ssd1306_WriteString
                0x0000000008001758       0x2e build/ssd1306.o
                0x0000000008001758                ssd1306_WriteString
 *fill*         0x0000000008001786        0x2 
 .text.ssd1306_SetCursor
                0x0000000008001788        0xc build/ssd1306.o
                0x0000000008001788                ssd1306_SetCursor
 .text.ssd1306_Line
                0x0000000008001794       0x8e build/ssd1306.o
                0x0000000008001794                ssd1306_Line
 .text.ssd1306_SetContrast
                0x0000000008001822       0x12 build/ssd1306.o
                0x0000000008001822                ssd1306_SetContrast
 .text.ssd1306_SetDisplayOn
                0x0000000008001834       0x20 build/ssd1306.o
                0x0000000008001834                ssd1306_SetDisplayOn
 .text.ssd1306_Init
                0x0000000008001854       0xcc build/ssd1306.o
                0x0000000008001854                ssd1306_Init
 .text.NMI_Handler
                0x0000000008001920        0x2 build/stm32f1xx_it.o
                0x0000000008001920                NMI_Handler
 .text.HardFault_Handler
                0x0000000008001922        0x2 build/stm32f1xx_it.o
                0x0000000008001922                HardFault_Handler
 .text.MemManage_Handler
                0x0000000008001924        0x2 build/stm32f1xx_it.o
                0x0000000008001924                MemManage_Handler
 .text.BusFault_Handler
                0x0000000008001926        0x2 build/stm32f1xx_it.o
                0x0000000008001926                BusFault_Handler
 .text.UsageFault_Handler
                0x0000000008001928        0x2 build/stm32f1xx_it.o
                0x0000000008001928                UsageFault_Handler
 .text.SVC_Handler
                0x000000000800192a        0x2 build/stm32f1xx_it.o
                0x000000000800192a                SVC_Handler
 .text.DebugMon_Handler
                0x000000000800192c        0x2 build/stm32f1xx_it.o
                0x000000000800192c                DebugMon_Handler
 .text.PendSV_Handler
                0x000000000800192e        0x2 build/stm32f1xx_it.o
                0x000000000800192e                PendSV_Handler
 .text.SysTick_Handler
                0x0000000008001930        0x8 build/stm32f1xx_it.o
                0x0000000008001930                SysTick_Handler
 .text.EXTI2_IRQHandler
                0x0000000008001938        0xa build/stm32f1xx_it.o
                0x0000000008001938                EXTI2_IRQHandler
 *fill*         0x0000000008001942        0x2 
 .text.DMA1_Channel5_IRQHandler
                0x0000000008001944       0x10 build/stm32f1xx_it.o
                0x0000000008001944                DMA1_Channel5_IRQHandler
 .text.HAL_MspInit
                0x0000000008001954       0x44 build/stm32f1xx_hal_msp.o
                0x0000000008001954                HAL_MspInit
 .text.SPI_WaitFlagStateUntilTimeout
                0x0000000008001998       0xd4 build/stm32f1xx_hal_spi.o
 .text.SPI_EndRxTxTransaction
                0x0000000008001a6c       0x24 build/stm32f1xx_hal_spi.o
 .text.SPI_EndRxTransaction
                0x0000000008001a90       0x74 build/stm32f1xx_hal_spi.o
 .text.HAL_SPI_Init
                0x0000000008001b04       0xb6 build/stm32f1xx_hal_spi.o
                0x0000000008001b04                HAL_SPI_Init
 .text.HAL_SPI_Transmit
                0x0000000008001bba      0x1b8 build/stm32f1xx_hal_spi.o
                0x0000000008001bba                HAL_SPI_Transmit
 .text.HAL_SPI_TransmitReceive
                0x0000000008001d72      0x244 build/stm32f1xx_hal_spi.o
                0x0000000008001d72                HAL_SPI_TransmitReceive
 .text.HAL_SPI_Receive
                0x0000000008001fb6      0x17e build/stm32f1xx_hal_spi.o
                0x0000000008001fb6                HAL_SPI_Receive
 .text.HAL_InitTick
                0x0000000008002134       0x4c build/stm32f1xx_hal.o
                0x0000000008002134                HAL_InitTick
 .text.HAL_Init
                0x0000000008002180       0x24 build/stm32f1xx_hal.o
                0x0000000008002180                HAL_Init
 .text.HAL_IncTick
                0x00000000080021a4       0x18 build/stm32f1xx_hal.o
                0x00000000080021a4                HAL_IncTick
 .text.HAL_GetTick
                0x00000000080021bc        0xc build/stm32f1xx_hal.o
                0x00000000080021bc                HAL_GetTick
 .text.HAL_Delay
                0x00000000080021c8       0x28 build/stm32f1xx_hal.o
                0x00000000080021c8                HAL_Delay
 .text.RCC_Delay
                0x00000000080021f0       0x2c build/stm32f1xx_hal_rcc.o
 .text.HAL_RCC_OscConfig
                0x000000000800221c      0x410 build/stm32f1xx_hal_rcc.o
                0x000000000800221c                HAL_RCC_OscConfig
 .text.HAL_RCC_GetSysClockFreq
                0x000000000800262c       0x60 build/stm32f1xx_hal_rcc.o
                0x000000000800262c                HAL_RCC_GetSysClockFreq
 .text.HAL_RCC_ClockConfig
                0x000000000800268c      0x16c build/stm32f1xx_hal_rcc.o
                0x000000000800268c                HAL_RCC_ClockConfig
 .text.HAL_GPIO_Init
                0x00000000080027f8      0x224 build/stm32f1xx_hal_gpio.o
                0x00000000080027f8                HAL_GPIO_Init
 .text.HAL_GPIO_WritePin
                0x0000000008002a1c        0xc build/stm32f1xx_hal_gpio.o
                0x0000000008002a1c                HAL_GPIO_WritePin
 .text.HAL_GPIO_EXTI_IRQHandler
                0x0000000008002a28       0x1c build/stm32f1xx_hal_gpio.o
                0x0000000008002a28                HAL_GPIO_EXTI_IRQHandler
 .text.HAL_DMA_Init
                0x0000000008002a44       0x6c build/stm32f1xx_hal_dma.o
                0x0000000008002a44                HAL_DMA_Init
 .text.HAL_DMA_IRQHandler
                0x0000000008002ab0      0x144 build/stm32f1xx_hal_dma.o
                0x0000000008002ab0                HAL_DMA_IRQHandler
 .text.HAL_NVIC_SetPriorityGrouping
                0x0000000008002bf4       0x24 build/stm32f1xx_hal_cortex.o
                0x0000000008002bf4                HAL_NVIC_SetPriorityGrouping
 .text.HAL_NVIC_SetPriority
                0x0000000008002c18       0x70 build/stm32f1xx_hal_cortex.o
                0x0000000008002c18                HAL_NVIC_SetPriority
 .text.HAL_NVIC_EnableIRQ
                0x0000000008002c88       0x1c build/stm32f1xx_hal_cortex.o
                0x0000000008002c88                HAL_NVIC_EnableIRQ
 .text.HAL_SYSTICK_Config
                0x0000000008002ca4       0x28 build/stm32f1xx_hal_cortex.o
                0x0000000008002ca4                HAL_SYSTICK_Config
 .text.TIM_Base_SetConfig
                0x0000000008002ccc       0x74 build/stm32f1xx_hal_tim.o
                0x0000000008002ccc                TIM_Base_SetConfig
 .text.HAL_TIM_Encoder_Init
                0x0000000008002d40       0xb8 build/stm32f1xx_hal_tim.o
                0x0000000008002d40                HAL_TIM_Encoder_Init
 .text.TIM_CCxChannelCmd
                0x0000000008002df8       0x1e build/stm32f1xx_hal_tim.o
                0x0000000008002df8                TIM_CCxChannelCmd
 .text.HAL_TIM_Encoder_Start
                0x0000000008002e16       0xcc build/stm32f1xx_hal_tim.o
                0x0000000008002e16                HAL_TIM_Encoder_Start
 *fill*         0x0000000008002ee2        0x2 
 .text.HAL_TIMEx_MasterConfigSynchronization
                0x0000000008002ee4       0x6c build/stm32f1xx_hal_tim_ex.o
                0x0000000008002ee4                HAL_TIMEx_MasterConfigSynchronization
 .text.SystemInit
                0x0000000008002f50        0x2 build/system_stm32f1xx.o
                0x0000000008002f50                SystemInit
 *fill*         0x0000000008002f52        0x2 
 .text.Reset_Handler
                0x0000000008002f54       0x48 build/startup_stm32f103xb.o
                0x0000000008002f54                Reset_Handler
 .text.Default_Handler
                0x0000000008002f9c        0x2 build/startup_stm32f103xb.o
                0x0000000008002f9c                RTC_Alarm_IRQHandler
                0x0000000008002f9c                TIM1_CC_IRQHandler
                0x0000000008002f9c                PVD_IRQHandler
                0x0000000008002f9c                EXTI3_IRQHandler
                0x0000000008002f9c                EXTI0_IRQHandler
                0x0000000008002f9c                I2C2_EV_IRQHandler
                0x0000000008002f9c                ADC1_2_IRQHandler
                0x0000000008002f9c                SPI1_IRQHandler
                0x0000000008002f9c                TAMPER_IRQHandler
                0x0000000008002f9c                DMA1_Channel4_IRQHandler
                0x0000000008002f9c                USART3_IRQHandler
                0x0000000008002f9c                RTC_IRQHandler
                0x0000000008002f9c                DMA1_Channel7_IRQHandler
                0x0000000008002f9c                CAN1_RX1_IRQHandler
                0x0000000008002f9c                TIM4_IRQHandler
                0x0000000008002f9c                I2C1_EV_IRQHandler
                0x0000000008002f9c                DMA1_Channel6_IRQHandler
                0x0000000008002f9c                TIM3_IRQHandler
                0x0000000008002f9c                RCC_IRQHandler
                0x0000000008002f9c                TIM1_TRG_COM_IRQHandler
                0x0000000008002f9c                DMA1_Channel1_IRQHandler
                0x0000000008002f9c                Default_Handler
                0x0000000008002f9c                EXTI15_10_IRQHandler
                0x0000000008002f9c                EXTI9_5_IRQHandler
                0x0000000008002f9c                SPI2_IRQHandler
                0x0000000008002f9c                EXTI4_IRQHandler
                0x0000000008002f9c                USB_LP_CAN1_RX0_IRQHandler
                0x0000000008002f9c                USB_HP_CAN1_TX_IRQHandler
                0x0000000008002f9c                DMA1_Channel3_IRQHandler
                0x0000000008002f9c                TIM1_UP_IRQHandler
                0x0000000008002f9c                WWDG_IRQHandler
                0x0000000008002f9c                TIM2_IRQHandler
                0x0000000008002f9c                TIM1_BRK_IRQHandler
                0x0000000008002f9c                EXTI1_IRQHandler
                0x0000000008002f9c                USART2_IRQHandler
                0x0000000008002f9c                I2C2_ER_IRQHandler
                0x0000000008002f9c                DMA1_Channel2_IRQHandler
                0x0000000008002f9c                CAN1_SCE_IRQHandler
                0x0000000008002f9c                FLASH_IRQHandler
                0x0000000008002f9c                USART1_IRQHandler
                0x0000000008002f9c                I2C1_ER_IRQHandler
                0x0000000008002f9c                USBWakeUp_IRQHandler
 *fill*         0x0000000008002f9e        0x2 
 .text.__libc_init_array
                0x0000000008002fa0       0x48 /home/seradya/toolchains/gcc-arm-none-eabi-10.3-2021.10/bin/../lib/gcc/arm-none-eabi/10.3.1/../../../../arm-none-eabi/lib/thumb/v7-m/nofp/libc_nano.a(lib_a-init.o)
                0x0000000008002fa0                __libc_init_array
 .text.memcpy   0x0000000008002fe8       0x1c /home/seradya/toolchains/gcc-arm-none-eabi-10.3-2021.10/bin/../lib/gcc/arm-none-eabi/10.3.1/../../../../arm-none-eabi/lib/thumb/v7-m/nofp/libc_nano.a(lib_a-memcpy-stub.o)
                0x0000000008002fe8                memcpy
 .text.memmove  0x0000000008003004       0x34 /home/seradya/toolchains/gcc-arm-none-eabi-10.3-2021.10/bin/../lib/gcc/arm-none-eabi/10.3.1/../../../../arm-none-eabi/lib/thumb/v7-m/nofp/libc_nano.a(lib_a-memmove.o)
                0x0000000008003004                memmove
 .text.memset   0x0000000008003038       0x10 /home/seradya/toolchains/gcc-arm-none-eabi-10.3-2021.10/bin/../lib/gcc/arm-none-eabi/10.3.1/../../../../arm-none-eabi/lib/thumb/v7-m/nofp/libc_nano.a(lib_a-memset.o)
                0x0000000008003038                memset
 .text.sprintf  0x0000000008003048       0x40 /home/seradya/toolchains/gcc-arm-none-eabi-10.3-2021.10/bin/../lib/gcc/arm-none-eabi/10.3.1/../../../../arm-none-eabi/lib/thumb/v7-m/nofp/libc_nano.a(lib_a-sprintf.o)
                0x0000000008003048                sprintf
                0x0000000008003048                siprintf
 .text.__ssputs_r
                0x0000000008003088       0xb6 /home/seradya/toolchains/gcc-arm-none-eabi-10.3-2021.10/bin/../lib/gcc/arm-none-eabi/10.3.1/../../../../arm-none-eabi/lib/thumb/v7-m/nofp/libc_nano.a(lib_a-nano-svfprintf.o)
                0x0000000008003088                __ssputs_r
 *fill*         0x000000000800313e        0x2 
 .text._svfprintf_r
                0x0000000008003140      0x200 /home/seradya/toolchains/gcc-arm-none-eabi-10.3-2021.10/bin/../lib/gcc/arm-none-eabi/10.3.1/../../../../arm-none-eabi/lib/thumb/v7-m/nofp/libc_nano.a(lib_a-nano-svfprintf.o)
                0x0000000008003140                _svfprintf_r
                0x0000000008003140                _svfiprintf_r
 .text._printf_common
                0x0000000008003340       0xde /home/seradya/toolchains/gcc-arm-none-eabi-10.3-2021.10/bin/../lib/gcc/arm-none-eabi/10.3.1/../../../../arm-none-eabi/lib/thumb/v7-m/nofp/libc_nano.a(lib_a-nano-vfprintf_i.o)
                0x0000000008003340                _printf_common
 *fill*         0x000000000800341e        0x2 
 .text._printf_i
                0x0000000008003420      0x24c /home/seradya/toolchains/gcc-arm-none-eabi-10.3-2021.10/bin/../lib/gcc/arm-none-eabi/10.3.1/../../../../arm-none-eabi/lib/thumb/v7-m/nofp/libc_nano.a(lib_a-nano-vfprintf_i.o)
                0x0000000008003420                _printf_i
 .text.memchr   0x000000000800366c       0x1c /home/seradya/toolchains/gcc-arm-none-eabi-10.3-2021.10/bin/../lib/gcc/arm-none-eabi/10.3.1/../../../../arm-none-eabi/lib/thumb/v7-m/nofp/libc_nano.a(lib_a-memchr-stub.o)
                0x000000000800366c                memchr
 .text._free_r  0x0000000008003688       0x90 /home/seradya/toolchains/gcc-arm-none-eabi-10.3-2021.10/bin/../lib/gcc/arm-none-eabi/10.3.1/../../../../arm-none-eabi/lib/thumb/v7-m/nofp/libc_nano.a(lib_a-nano-freer.o)
                0x0000000008003688                _free_r
 .text.sbrk_aligned
                0x0000000008003718       0x40 /home/seradya/toolchains/gcc-arm-none-eabi-10.3-2021.10/bin/../lib/gcc/arm-none-eabi/10.3.1/../../../../arm-none-eabi/lib/thumb/v7-m/nofp/libc_nano.a(lib_a-nano-mallocr.o)
 .text._malloc_r
                0x0000000008003758       0xe8 /home/seradya/toolchains/gcc-arm-none-eabi-10.3-2021.10/bin/../lib/gcc/arm-none-eabi/10.3.1/../../../../arm-none-eabi/lib/thumb/v7-m/nofp/libc_nano.a(lib_a-nano-mallocr.o)
                0x0000000008003758                _malloc_r
 .text._realloc_r
                0x0000000008003840       0x5e /home/seradya/toolchains/gcc-arm-none-eabi-10.3-2021.10/bin/../lib/gcc/arm-none-eabi/10.3.1/../../../../arm-none-eabi/lib/thumb/v7-m/nofp/libc_nano.a(lib_a-nano-reallocr.o)
                0x0000000008003840                _realloc_r
 *fill*         0x000000000800389e        0x2 
 .text._sbrk_r  0x00000000080038a0       0x20 /home/seradya/toolchains/gcc-arm-none-eabi-10.3-2021.10/bin/../lib/gcc/arm-none-eabi/10.3.1/../../../../arm-none-eabi/lib/thumb/v7-m/nofp/libc_nano.a(lib_a-sbrkr.o)
                0x00000000080038a0                _sbrk_r
 .text.__malloc_lock
                0x00000000080038c0        0xc /home/seradya/toolchains/gcc-arm-none-eabi-10.3-2021.10/bin/../lib/gcc/arm-none-eabi/10.3.1/../../../../arm-none-eabi/lib/thumb/v7-m/nofp/libc_nano.a(lib_a-mlock.o)
                0x00000000080038c0                __malloc_lock
 .text.__malloc_unlock
                0x00000000080038cc        0xc /home/seradya/toolchains/gcc-arm-none-eabi-10.3-2021.10/bin/../lib/gcc/arm-none-eabi/10.3.1/../../../../arm-none-eabi/lib/thumb/v7-m/nofp/libc_nano.a(lib_a-mlock.o)
                0x00000000080038cc                __malloc_unlock
 .text._malloc_usable_size_r
                0x00000000080038d8       0x10 /home/seradya/toolchains/gcc-arm-none-eabi-10.3-2021.10/bin/../lib/gcc/arm-none-eabi/10.3.1/../../../../arm-none-eabi/lib/thumb/v7-m/nofp/libc_nano.a(lib_a-nano-msizer.o)
                0x00000000080038d8                _malloc_usable_size_r
 .text.__retarget_lock_acquire_recursive
                0x00000000080038e8        0x2 /home/seradya/toolchains/gcc-arm-none-eabi-10.3-2021.10/bin/../lib/gcc/arm-none-eabi/10.3.1/../../../../arm-none-eabi/lib/thumb/v7-m/nofp/libc_nano.a(lib_a-lock.o)
                0x00000000080038e8                __retarget_lock_acquire_recursive
 .text.__retarget_lock_release_recursive
                0x00000000080038ea        0x2 /home/seradya/toolchains/gcc-arm-none-eabi-10.3-2021.10/bin/../lib/gcc/arm-none-eabi/10.3.1/../../../../arm-none-eabi/lib/thumb/v7-m/nofp/libc_nano.a(lib_a-lock.o)
                0x00000000080038ea                __retarget_lock_release_recursive
 .text._sbrk    0x00000000080038ec       0x1c /home/seradya/toolchains/gcc-arm-none-eabi-10.3-2021.10/bin/../lib/gcc/arm-none-eabi/10.3.1/../../../../arm-none-eabi/lib/thumb/v7-m/nofp/libnosys.a(sbrk.o)
                0x00000000080038ec                _sbrk
 *(.glue_7)
 .glue_7        0x0000000008003908        0x0 linker stubs
 *(.glue_7t)
 .glue_7t       0x0000000008003908        0x0 linker stubs
 *(.eh_frame)
 .eh_frame      0x0000000008003908        0x0 /home/seradya/toolchains/gcc-arm-none-eabi-10.3-2021.10/bin/../lib/gcc/arm-none-eabi/10.3.1/thumb/v7-m/nofp/crtbegin.o
 *(.init)
 .init          0x0000000008003908        0x4 /home/seradya/toolchains/gcc-arm-none-eabi-10.3-2021.10/bin/../lib/gcc/arm-none-eabi/10.3.1/thumb/v7-m/nofp/crti.o
                0x0000000008003908                _init
 .init          0x000000000800390c        0x8 /home/seradya/toolchains/gcc-arm-none-eabi-10.3-2021.10/bin/../lib/gcc/arm-none-eabi/10.3.1/thumb/v7-m/nofp/crtn.o
 *(.fini)
 .fini          0x0000000008003914        0x4 /home/seradya/toolchains/gcc-arm-none-eabi-10.3-2021.10/bin/../lib/gcc/arm-none-eabi/10.3.1/thumb/v7-m/nofp/crti.o
                0x0000000008003914                _fini
 .fini          0x0000000008003918        0x8 /home/seradya/toolchains/gcc-arm-none-eabi-10.3-2021.10/bin/../lib/gcc/arm-none-eabi/10.3.1/thumb/v7-m/nofp/crtn.o
                0x0000000008003920                . = ALIGN (0x4)
                0x0000000008003920                _etext = .

.vfp11_veneer   0x0000000008003920        0x0
 .vfp11_veneer  0x0000000008003920        0x0 linker stubs

.v4_bx          0x0000000008003920        0x0
 .v4_bx         0x0000000008003920        0x0 linker stubs

.iplt           0x0000000008003920        0x0
 .iplt          0x0000000008003920        0x0 /home/seradya/toolchains/gcc-arm-none-eabi-10.3-2021.10/bin/../lib/gcc/arm-none-eabi/10.3.1/thumb/v7-m/nofp/crtbegin.o

.rodata         0x0000000008003920      0xdd0
                0x0000000008003920                . = ALIGN (0x4)
 *(.rodata)
 *(.rodata*)
 .rodata.Main_Screen.str1.4
                0x0000000008003920       0x1a build/display.o
                                         0x22 (size before relaxing)
 *fill*         0x000000000800393a        0x2 
 .rodata.Font11x18
                0x000000000800393c      0xd5c build/ssd1306_fonts.o
 .rodata.aPLLMULFactorTable.1
                0x0000000008004698       0x10 build/stm32f1xx_hal_rcc.o
 .rodata.aPredivFactorTable.0
                0x00000000080046a8        0x2 build/stm32f1xx_hal_rcc.o
 *fill*         0x00000000080046aa        0x2 
 .rodata.AHBPrescTable
                0x00000000080046ac       0x10 build/system_stm32f1xx.o
                0x00000000080046ac                AHBPrescTable
 .rodata._svfprintf_r.str1.1
                0x00000000080046bc       0x11 /home/seradya/toolchains/gcc-arm-none-eabi-10.3-2021.10/bin/../lib/gcc/arm-none-eabi/10.3.1/../../../../arm-none-eabi/lib/thumb/v7-m/nofp/libc_nano.a(lib_a-nano-svfprintf.o)
 .rodata._printf_i.str1.1
                0x00000000080046cd       0x22 /home/seradya/toolchains/gcc-arm-none-eabi-10.3-2021.10/bin/../lib/gcc/arm-none-eabi/10.3.1/../../../../arm-none-eabi/lib/thumb/v7-m/nofp/libc_nano.a(lib_a-nano-vfprintf_i.o)
                0x00000000080046f0                . = ALIGN (0x4)
 *fill*         0x00000000080046ef        0x1 

.rel.dyn        0x00000000080046f0        0x0
 .rel.iplt      0x00000000080046f0        0x0 /home/seradya/toolchains/gcc-arm-none-eabi-10.3-2021.10/bin/../lib/gcc/arm-none-eabi/10.3.1/thumb/v7-m/nofp/crtbegin.o

.ARM.extab
 *(.ARM.extab* .gnu.linkonce.armextab.*)

.ARM            0x00000000080046f0        0x0
                0x00000000080046f0                __exidx_start = .
 *(.ARM.exidx*)
                0x00000000080046f0                __exidx_end = .

.preinit_array  0x00000000080046f0        0x0
                0x00000000080046f0                PROVIDE (__preinit_array_start = .)
 *(.preinit_array*)
                0x00000000080046f0                PROVIDE (__preinit_array_end = .)

.init_array     0x00000000080046f0        0x4
                0x00000000080046f0                PROVIDE (__init_array_start = .)
 *(SORT_BY_NAME(.init_array.*))
 *(.init_array*)
 .init_array    0x00000000080046f0        0x4 /home/seradya/toolchains/gcc-arm-none-eabi-10.3-2021.10/bin/../lib/gcc/arm-none-eabi/10.3.1/thumb/v7-m/nofp/crtbegin.o
                0x00000000080046f4                PROVIDE (__init_array_end = .)

.fini_array     0x00000000080046f4        0x4
                [!provide]                        PROVIDE (__fini_array_start = .)
 *(SORT_BY_NAME(.fini_array.*))
 *(.fini_array*)
 .fini_array    0x00000000080046f4        0x4 /home/seradya/toolchains/gcc-arm-none-eabi-10.3-2021.10/bin/../lib/gcc/arm-none-eabi/10.3.1/thumb/v7-m/nofp/crtbegin.o
                [!provide]                        PROVIDE (__fini_array_end = .)
                0x00000000080046f8                _sidata = LOADADDR (.data)

.data           0x0000000020000000       0x80 load address 0x00000000080046f8
                0x0000000020000000                . = ALIGN (0x4)
                0x0000000020000000                _sdata = .
 *(.data)
 *(.data*)
 .data.i        0x0000000020000000        0x2 build/display.o
                0x0000000020000000                i
 *fill*         0x0000000020000002        0x2 
 .data.TX_ADDRESS
                0x0000000020000004        0x3 build/NRF24.o
                0x0000000020000004                TX_ADDRESS
 *fill*         0x0000000020000007        0x1 
 .data.Font_11x18
                0x0000000020000008        0x8 build/ssd1306_fonts.o
                0x0000000020000008                Font_11x18
 .data.uwTickFreq
                0x0000000020000010        0x1 build/stm32f1xx_hal.o
                0x0000000020000010                uwTickFreq
 *fill*         0x0000000020000011        0x3 
 .data.uwTickPrio
                0x0000000020000014        0x4 build/stm32f1xx_hal.o
                0x0000000020000014                uwTickPrio
 .data.SystemCoreClock
                0x0000000020000018        0x4 build/system_stm32f1xx.o
                0x0000000020000018                SystemCoreClock
 .data._impure_ptr
                0x000000002000001c        0x4 /home/seradya/toolchains/gcc-arm-none-eabi-10.3-2021.10/bin/../lib/gcc/arm-none-eabi/10.3.1/../../../../arm-none-eabi/lib/thumb/v7-m/nofp/libc_nano.a(lib_a-impure.o)
                0x000000002000001c                _impure_ptr
 .data.impure_data
                0x0000000020000020       0x60 /home/seradya/toolchains/gcc-arm-none-eabi-10.3-2021.10/bin/../lib/gcc/arm-none-eabi/10.3.1/../../../../arm-none-eabi/lib/thumb/v7-m/nofp/libc_nano.a(lib_a-impure.o)
                0x0000000020000080                . = ALIGN (0x4)
                0x0000000020000080                _edata = .

.igot.plt       0x0000000020000080        0x0 load address 0x0000000008004778
 .igot.plt      0x0000000020000080        0x0 /home/seradya/toolchains/gcc-arm-none-eabi-10.3-2021.10/bin/../lib/gcc/arm-none-eabi/10.3.1/thumb/v7-m/nofp/crtbegin.o
                0x0000000020000080                . = ALIGN (0x4)

.bss            0x0000000020000080      0x5a4 load address 0x0000000008004778
                0x0000000020000080                _sbss = .
                0x0000000020000080                __bss_start__ = _sbss
 *(.bss)
 .bss           0x0000000020000080       0x1c /home/seradya/toolchains/gcc-arm-none-eabi-10.3-2021.10/bin/../lib/gcc/arm-none-eabi/10.3.1/thumb/v7-m/nofp/crtbegin.o
 *(.bss*)
 .bss.buf1      0x000000002000009c        0x5 build/main.o
                0x000000002000009c                buf1
 *fill*         0x00000000200000a1        0x3 
 .bss.pressure  0x00000000200000a4       0x10 build/main.o
                0x00000000200000a4                pressure
 .bss.hdma_spi2_tx
                0x00000000200000b4       0x44 build/spi.o
                0x00000000200000b4                hdma_spi2_tx
 .bss.hspi1     0x00000000200000f8       0x58 build/spi.o
                0x00000000200000f8                hspi1
 .bss.hspi2     0x0000000020000150       0x58 build/spi.o
                0x0000000020000150                hspi2
 .bss.htim3     0x00000000200001a8       0x48 build/tim.o
                0x00000000200001a8                htim3
 .bss.retr_cnt_full
                0x00000000200001f0        0x2 build/display.o
                0x00000000200001f0                retr_cnt_full
 *fill*         0x00000000200001f2        0x2 
 .bss.cnt1      0x00000000200001f4        0x4 build/encoder.o
 .bss.cnt2      0x00000000200001f8        0x4 build/encoder.o
 .bss.RX_BUF    0x00000000200001fc        0x5 build/NRF24.o
                0x00000000200001fc                RX_BUF
 *fill*         0x0000000020000201        0x3 
 .bss.SSD1306   0x0000000020000204        0x6 build/ssd1306.o
 *fill*         0x000000002000020a        0x2 
 .bss.SSD1306_Buffer
                0x000000002000020c      0x400 build/ssd1306.o
 .bss.uwTick    0x000000002000060c        0x4 build/stm32f1xx_hal.o
                0x000000002000060c                uwTick
 .bss.__malloc_free_list
                0x0000000020000610        0x4 /home/seradya/toolchains/gcc-arm-none-eabi-10.3-2021.10/bin/../lib/gcc/arm-none-eabi/10.3.1/../../../../arm-none-eabi/lib/thumb/v7-m/nofp/libc_nano.a(lib_a-nano-mallocr.o)
                0x0000000020000610                __malloc_free_list
 .bss.__malloc_sbrk_start
                0x0000000020000614        0x4 /home/seradya/toolchains/gcc-arm-none-eabi-10.3-2021.10/bin/../lib/gcc/arm-none-eabi/10.3.1/../../../../arm-none-eabi/lib/thumb/v7-m/nofp/libc_nano.a(lib_a-nano-mallocr.o)
                0x0000000020000614                __malloc_sbrk_start
 .bss.errno     0x0000000020000618        0x4 /home/seradya/toolchains/gcc-arm-none-eabi-10.3-2021.10/bin/../lib/gcc/arm-none-eabi/10.3.1/../../../../arm-none-eabi/lib/thumb/v7-m/nofp/libc_nano.a(lib_a-reent.o)
                0x0000000020000618                errno
 .bss.__lock___malloc_recursive_mutex
                0x000000002000061c        0x1 /home/seradya/toolchains/gcc-arm-none-eabi-10.3-2021.10/bin/../lib/gcc/arm-none-eabi/10.3.1/../../../../arm-none-eabi/lib/thumb/v7-m/nofp/libc_nano.a(lib_a-lock.o)
                0x000000002000061c                __lock___malloc_recursive_mutex
 *fill*         0x000000002000061d        0x3 
 .bss.heap_end.0
                0x0000000020000620        0x4 /home/seradya/toolchains/gcc-arm-none-eabi-10.3-2021.10/bin/../lib/gcc/arm-none-eabi/10.3.1/../../../../arm-none-eabi/lib/thumb/v7-m/nofp/libnosys.a(sbrk.o)
 *(COMMON)
                0x0000000020000624                . = ALIGN (0x4)
                0x0000000020000624                _ebss = .
                0x0000000020000624                __bss_end__ = _ebss

._user_heap_stack
                0x0000000020000624      0x604 load address 0x0000000008004778
                0x0000000020000628                . = ALIGN (0x8)
 *fill*         0x0000000020000624        0x4 
                0x0000000020000628                PROVIDE (end = .)
                [!provide]                        PROVIDE (_end = .)
                0x0000000020000828                . = (. + _Min_Heap_Size)
 *fill*         0x0000000020000628      0x200 
                0x0000000020000c28                . = (. + _Min_Stack_Size)
 *fill*         0x0000000020000828      0x400 
                0x0000000020000c28                . = ALIGN (0x8)

/DISCARD/
 libc.a(*)
 libm.a(*)
 libgcc.a(*)

.ARM.attributes
                0x0000000000000000       0x29
 *(.ARM.attributes)
 .ARM.attributes
                0x0000000000000000       0x1d /home/seradya/toolchains/gcc-arm-none-eabi-10.3-2021.10/bin/../lib/gcc/arm-none-eabi/10.3.1/thumb/v7-m/nofp/crti.o
 .ARM.attributes
                0x000000000000001d       0x2d /home/seradya/toolchains/gcc-arm-none-eabi-10.3-2021.10/bin/../lib/gcc/arm-none-eabi/10.3.1/thumb/v7-m/nofp/crtbegin.o
 .ARM.attributes
                0x000000000000004a       0x2d build/main.o
 .ARM.attributes
                0x0000000000000077       0x2d build/gpio.o
 .ARM.attributes
                0x00000000000000a4       0x2d build/dma.o
 .ARM.attributes
                0x00000000000000d1       0x2d build/spi.o
 .ARM.attributes
                0x00000000000000fe       0x2d build/tim.o
 .ARM.attributes
                0x000000000000012b       0x2d build/display.o
 .ARM.attributes
                0x0000000000000158       0x2d build/encoder.o
 .ARM.attributes
                0x0000000000000185       0x2d build/NRF24.o
 .ARM.attributes
                0x00000000000001b2       0x2d build/ssd1306.o
 .ARM.attributes
                0x00000000000001df       0x2d build/ssd1306_fonts.o
 .ARM.attributes
                0x000000000000020c       0x2d build/stm32f1xx_it.o
 .ARM.attributes
                0x0000000000000239       0x2d build/stm32f1xx_hal_msp.o
 .ARM.attributes
                0x0000000000000266       0x2d build/stm32f1xx_hal_spi.o
 .ARM.attributes
                0x0000000000000293       0x2d build/stm32f1xx_hal.o
 .ARM.attributes
                0x00000000000002c0       0x2d build/stm32f1xx_hal_rcc.o
 .ARM.attributes
                0x00000000000002ed       0x2d build/stm32f1xx_hal_gpio.o
 .ARM.attributes
                0x000000000000031a       0x2d build/stm32f1xx_hal_dma.o
 .ARM.attributes
                0x0000000000000347       0x2d build/stm32f1xx_hal_cortex.o
 .ARM.attributes
                0x0000000000000374       0x2d build/stm32f1xx_hal_tim.o
 .ARM.attributes
                0x00000000000003a1       0x2d build/stm32f1xx_hal_tim_ex.o
 .ARM.attributes
                0x00000000000003ce       0x2d build/system_stm32f1xx.o
 .ARM.attributes
                0x00000000000003fb       0x21 build/startup_stm32f103xb.o
 .ARM.attributes
                0x000000000000041c       0x2d /home/seradya/toolchains/gcc-arm-none-eabi-10.3-2021.10/bin/../lib/gcc/arm-none-eabi/10.3.1/../../../../arm-none-eabi/lib/thumb/v7-m/nofp/libc_nano.a(lib_a-impure.o)
 .ARM.attributes
                0x0000000000000449       0x2d /home/seradya/toolchains/gcc-arm-none-eabi-10.3-2021.10/bin/../lib/gcc/arm-none-eabi/10.3.1/../../../../arm-none-eabi/lib/thumb/v7-m/nofp/libc_nano.a(lib_a-init.o)
 .ARM.attributes
                0x0000000000000476       0x2d /home/seradya/toolchains/gcc-arm-none-eabi-10.3-2021.10/bin/../lib/gcc/arm-none-eabi/10.3.1/../../../../arm-none-eabi/lib/thumb/v7-m/nofp/libc_nano.a(lib_a-memcpy-stub.o)
 .ARM.attributes
                0x00000000000004a3       0x2d /home/seradya/toolchains/gcc-arm-none-eabi-10.3-2021.10/bin/../lib/gcc/arm-none-eabi/10.3.1/../../../../arm-none-eabi/lib/thumb/v7-m/nofp/libc_nano.a(lib_a-memmove.o)
 .ARM.attributes
                0x00000000000004d0       0x2d /home/seradya/toolchains/gcc-arm-none-eabi-10.3-2021.10/bin/../lib/gcc/arm-none-eabi/10.3.1/../../../../arm-none-eabi/lib/thumb/v7-m/nofp/libc_nano.a(lib_a-memset.o)
 .ARM.attributes
                0x00000000000004fd       0x2d /home/seradya/toolchains/gcc-arm-none-eabi-10.3-2021.10/bin/../lib/gcc/arm-none-eabi/10.3.1/../../../../arm-none-eabi/lib/thumb/v7-m/nofp/libc_nano.a(lib_a-sprintf.o)
 .ARM.attributes
                0x000000000000052a       0x2d /home/seradya/toolchains/gcc-arm-none-eabi-10.3-2021.10/bin/../lib/gcc/arm-none-eabi/10.3.1/../../../../arm-none-eabi/lib/thumb/v7-m/nofp/libc_nano.a(lib_a-nano-svfprintf.o)
 .ARM.attributes
                0x0000000000000557       0x2d /home/seradya/toolchains/gcc-arm-none-eabi-10.3-2021.10/bin/../lib/gcc/arm-none-eabi/10.3.1/../../../../arm-none-eabi/lib/thumb/v7-m/nofp/libc_nano.a(lib_a-nano-vfprintf_i.o)
 .ARM.attributes
                0x0000000000000584       0x2d /home/seradya/toolchains/gcc-arm-none-eabi-10.3-2021.10/bin/../lib/gcc/arm-none-eabi/10.3.1/../../../../arm-none-eabi/lib/thumb/v7-m/nofp/libc_nano.a(lib_a-memchr-stub.o)
 .ARM.attributes
                0x00000000000005b1       0x2d /home/seradya/toolchains/gcc-arm-none-eabi-10.3-2021.10/bin/../lib/gcc/arm-none-eabi/10.3.1/../../../../arm-none-eabi/lib/thumb/v7-m/nofp/libc_nano.a(lib_a-nano-freer.o)
 .ARM.attributes
                0x00000000000005de       0x2d /home/seradya/toolchains/gcc-arm-none-eabi-10.3-2021.10/bin/../lib/gcc/arm-none-eabi/10.3.1/../../../../arm-none-eabi/lib/thumb/v7-m/nofp/libc_nano.a(lib_a-nano-mallocr.o)
 .ARM.attributes
                0x000000000000060b       0x2d /home/seradya/toolchains/gcc-arm-none-eabi-10.3-2021.10/bin/../lib/gcc/arm-none-eabi/10.3.1/../../../../arm-none-eabi/lib/thumb/v7-m/nofp/libc_nano.a(lib_a-nano-reallocr.o)
 .ARM.attributes
                0x0000000000000638       0x2d /home/seradya/toolchains/gcc-arm-none-eabi-10.3-2021.10/bin/../lib/gcc/arm-none-eabi/10.3.1/../../../../arm-none-eabi/lib/thumb/v7-m/nofp/libc_nano.a(lib_a-sbrkr.o)
 .ARM.attributes
                0x0000000000000665       0x2d /home/seradya/toolchains/gcc-arm-none-eabi-10.3-2021.10/bin/../lib/gcc/arm-none-eabi/10.3.1/../../../../arm-none-eabi/lib/thumb/v7-m/nofp/libc_nano.a(lib_a-mlock.o)
 .ARM.attributes
                0x0000000000000692       0x2d /home/seradya/toolchains/gcc-arm-none-eabi-10.3-2021.10/bin/../lib/gcc/arm-none-eabi/10.3.1/../../../../arm-none-eabi/lib/thumb/v7-m/nofp/libc_nano.a(lib_a-nano-msizer.o)
 .ARM.attributes
                0x00000000000006bf       0x2d /home/seradya/toolchains/gcc-arm-none-eabi-10.3-2021.10/bin/../lib/gcc/arm-none-eabi/10.3.1/../../../../arm-none-eabi/lib/thumb/v7-m/nofp/libc_nano.a(lib_a-reent.o)
 .ARM.attributes
                0x00000000000006ec       0x2d /home/seradya/toolchains/gcc-arm-none-eabi-10.3-2021.10/bin/../lib/gcc/arm-none-eabi/10.3.1/../../../../arm-none-eabi/lib/thumb/v7-m/nofp/libc_nano.a(lib_a-lock.o)
 .ARM.attributes
                0x0000000000000719       0x2d /home/seradya/toolchains/gcc-arm-none-eabi-10.3-2021.10/bin/../lib/gcc/arm-none-eabi/10.3.1/../../../../arm-none-eabi/lib/thumb/v7-m/nofp/libnosys.a(sbrk.o)
 .ARM.attributes
                0x0000000000000746       0x1d /home/seradya/toolchains/gcc-arm-none-eabi-10.3-2021.10/bin/../lib/gcc/arm-none-eabi/10.3.1/thumb/v7-m/nofp/libgcc.a(_arm_addsubdf3.o)
 .ARM.attributes
                0x0000000000000763       0x1d /home/seradya/toolchains/gcc-arm-none-eabi-10.3-2021.10/bin/../lib/gcc/arm-none-eabi/10.3.1/thumb/v7-m/nofp/libgcc.a(_arm_muldivdf3.o)
 .ARM.attributes
                0x0000000000000780       0x1d /home/seradya/toolchains/gcc-arm-none-eabi-10.3-2021.10/bin/../lib/gcc/arm-none-eabi/10.3.1/thumb/v7-m/nofp/libgcc.a(_arm_truncdfsf2.o)
 .ARM.attributes
                0x000000000000079d       0x1d /home/seradya/toolchains/gcc-arm-none-eabi-10.3-2021.10/bin/../lib/gcc/arm-none-eabi/10.3.1/thumb/v7-m/nofp/crtn.o
OUTPUT(build/AirController.elf elf32-littlearm)
LOAD linker stubs
LOAD /home/seradya/toolchains/gcc-arm-none-eabi-10.3-2021.10/bin/../lib/gcc/arm-none-eabi/10.3.1/../../../../arm-none-eabi/lib/thumb/v7-m/nofp/libc.a
LOAD /home/seradya/toolchains/gcc-arm-none-eabi-10.3-2021.10/bin/../lib/gcc/arm-none-eabi/10.3.1/../../../../arm-none-eabi/lib/thumb/v7-m/nofp/libm.a
LOAD /home/seradya/toolchains/gcc-arm-none-eabi-10.3-2021.10/bin/../lib/gcc/arm-none-eabi/10.3.1/thumb/v7-m/nofp/libgcc.a

.debug_info     0x0000000000000000    0x116ca
 .debug_info    0x0000000000000000      0x540 build/main.o
 .debug_info    0x0000000000000540      0x58c build/gpio.o
 .debug_info    0x0000000000000acc      0x31c build/dma.o
 .debug_info    0x0000000000000de8      0xa68 build/spi.o
 .debug_info    0x0000000000001850      0xbc5 build/tim.o
 .debug_info    0x0000000000002415      0x569 build/display.o
 .debug_info    0x000000000000297e      0x73f build/encoder.o
 .debug_info    0x00000000000030bd     0x1487 build/NRF24.o
 .debug_info    0x0000000000004544     0x19d7 build/ssd1306.o
 .debug_info    0x0000000000005f1b      0x1fc build/ssd1306_fonts.o
 .debug_info    0x0000000000006117      0x474 build/stm32f1xx_it.o
 .debug_info    0x000000000000658b      0x23f build/stm32f1xx_hal_msp.o
 .debug_info    0x00000000000067ca     0x1ee4 build/stm32f1xx_hal_spi.o
 .debug_info    0x00000000000086ae      0x855 build/stm32f1xx_hal.o
 .debug_info    0x0000000000008f03      0xaf0 build/stm32f1xx_hal_rcc.o
 .debug_info    0x00000000000099f3      0x6d7 build/stm32f1xx_hal_gpio.o
 .debug_info    0x000000000000a0ca      0x8c0 build/stm32f1xx_hal_dma.o
 .debug_info    0x000000000000a98a      0xe2d build/stm32f1xx_hal_cortex.o
 .debug_info    0x000000000000b7b7     0x404a build/stm32f1xx_hal_tim.o
 .debug_info    0x000000000000f801     0x1c39 build/stm32f1xx_hal_tim_ex.o
 .debug_info    0x000000000001143a      0x26e build/system_stm32f1xx.o
 .debug_info    0x00000000000116a8       0x22 build/startup_stm32f103xb.o

.debug_abbrev   0x0000000000000000     0x2a71
 .debug_abbrev  0x0000000000000000      0x1f8 build/main.o
 .debug_abbrev  0x00000000000001f8      0x15c build/gpio.o
 .debug_abbrev  0x0000000000000354      0x117 build/dma.o
 .debug_abbrev  0x000000000000046b      0x1cd build/spi.o
 .debug_abbrev  0x0000000000000638      0x210 build/tim.o
 .debug_abbrev  0x0000000000000848      0x16d build/display.o
 .debug_abbrev  0x00000000000009b5      0x19b build/encoder.o
 .debug_abbrev  0x0000000000000b50      0x2c9 build/NRF24.o
 .debug_abbrev  0x0000000000000e19      0x3a6 build/ssd1306.o
 .debug_abbrev  0x00000000000011bf       0xbb build/ssd1306_fonts.o
 .debug_abbrev  0x000000000000127a      0x182 build/stm32f1xx_it.o
 .debug_abbrev  0x00000000000013fc       0xe7 build/stm32f1xx_hal_msp.o
 .debug_abbrev  0x00000000000014e3      0x292 build/stm32f1xx_hal_spi.o
 .debug_abbrev  0x0000000000001775      0x1f7 build/stm32f1xx_hal.o
 .debug_abbrev  0x000000000000196c      0x2b8 build/stm32f1xx_hal_rcc.o
 .debug_abbrev  0x0000000000001c24      0x222 build/stm32f1xx_hal_gpio.o
 .debug_abbrev  0x0000000000001e46      0x244 build/stm32f1xx_hal_dma.o
 .debug_abbrev  0x000000000000208a      0x359 build/stm32f1xx_hal_cortex.o
 .debug_abbrev  0x00000000000023e3      0x29d build/stm32f1xx_hal_tim.o
 .debug_abbrev  0x0000000000002680      0x29f build/stm32f1xx_hal_tim_ex.o
 .debug_abbrev  0x000000000000291f      0x140 build/system_stm32f1xx.o
 .debug_abbrev  0x0000000000002a5f       0x12 build/startup_stm32f103xb.o

.debug_loc      0x0000000000000000     0xde5d
 .debug_loc     0x0000000000000000       0xb4 build/main.o
 .debug_loc     0x00000000000000b4       0x39 build/gpio.o
 .debug_loc     0x00000000000000ed       0x38 build/dma.o
 .debug_loc     0x0000000000000125      0x15c build/spi.o
 .debug_loc     0x0000000000000281      0x161 build/tim.o
 .debug_loc     0x00000000000003e2       0xc6 build/display.o
 .debug_loc     0x00000000000004a8       0x20 build/encoder.o
 .debug_loc     0x00000000000004c8      0x673 build/NRF24.o
 .debug_loc     0x0000000000000b3b      0xf91 build/ssd1306.o
 .debug_loc     0x0000000000001acc       0x60 build/stm32f1xx_it.o
 .debug_loc     0x0000000000001b2c       0x41 build/stm32f1xx_hal_msp.o
 .debug_loc     0x0000000000001b6d     0x255b build/stm32f1xx_hal_spi.o
 .debug_loc     0x00000000000040c8      0x1e1 build/stm32f1xx_hal.o
 .debug_loc     0x00000000000042a9      0x793 build/stm32f1xx_hal_rcc.o
 .debug_loc     0x0000000000004a3c      0x551 build/stm32f1xx_hal_gpio.o
 .debug_loc     0x0000000000004f8d      0x901 build/stm32f1xx_hal_dma.o
 .debug_loc     0x000000000000588e      0x77f build/stm32f1xx_hal_cortex.o
 .debug_loc     0x000000000000600d     0x5c5e build/stm32f1xx_hal_tim.o
 .debug_loc     0x000000000000bc6b     0x20f3 build/stm32f1xx_hal_tim_ex.o
 .debug_loc     0x000000000000dd5e       0xff build/system_stm32f1xx.o

.debug_aranges  0x0000000000000000      0xd58
 .debug_aranges
                0x0000000000000000       0x38 build/main.o
 .debug_aranges
                0x0000000000000038       0x20 build/gpio.o
 .debug_aranges
                0x0000000000000058       0x20 build/dma.o
 .debug_aranges
                0x0000000000000078       0x38 build/spi.o
 .debug_aranges
                0x00000000000000b0       0x30 build/tim.o
 .debug_aranges
                0x00000000000000e0       0x28 build/display.o
 .debug_aranges
                0x0000000000000108       0x28 build/encoder.o
 .debug_aranges
                0x0000000000000130       0x88 build/NRF24.o
 .debug_aranges
                0x00000000000001b8       0xc8 build/ssd1306.o
 .debug_aranges
                0x0000000000000280       0x18 build/ssd1306_fonts.o
 .debug_aranges
                0x0000000000000298       0x70 build/stm32f1xx_it.o
 .debug_aranges
                0x0000000000000308       0x20 build/stm32f1xx_hal_msp.o
 .debug_aranges
                0x0000000000000328      0x1d0 build/stm32f1xx_hal_spi.o
 .debug_aranges
                0x00000000000004f8       0xe0 build/stm32f1xx_hal.o
 .debug_aranges
                0x00000000000005d8       0x90 build/stm32f1xx_hal_rcc.o
 .debug_aranges
                0x0000000000000668       0x58 build/stm32f1xx_hal_gpio.o
 .debug_aranges
                0x00000000000006c0       0x80 build/stm32f1xx_hal_dma.o
 .debug_aranges
                0x0000000000000740       0x90 build/stm32f1xx_hal_cortex.o
 .debug_aranges
                0x00000000000007d0      0x3d0 build/stm32f1xx_hal_tim.o
 .debug_aranges
                0x0000000000000ba0      0x168 build/stm32f1xx_hal_tim_ex.o
 .debug_aranges
                0x0000000000000d08       0x28 build/system_stm32f1xx.o
 .debug_aranges
                0x0000000000000d30       0x28 build/startup_stm32f103xb.o

.debug_ranges   0x0000000000000000      0xca8
 .debug_ranges  0x0000000000000000       0x28 build/main.o
 .debug_ranges  0x0000000000000028       0x10 build/gpio.o
 .debug_ranges  0x0000000000000038       0x10 build/dma.o
 .debug_ranges  0x0000000000000048       0x28 build/spi.o
 .debug_ranges  0x0000000000000070       0x20 build/tim.o
 .debug_ranges  0x0000000000000090       0x18 build/display.o
 .debug_ranges  0x00000000000000a8       0x18 build/encoder.o
 .debug_ranges  0x00000000000000c0       0x78 build/NRF24.o
 .debug_ranges  0x0000000000000138       0xe8 build/ssd1306.o
 .debug_ranges  0x0000000000000220       0x60 build/stm32f1xx_it.o
 .debug_ranges  0x0000000000000280       0x10 build/stm32f1xx_hal_msp.o
 .debug_ranges  0x0000000000000290      0x1c0 build/stm32f1xx_hal_spi.o
 .debug_ranges  0x0000000000000450       0xd0 build/stm32f1xx_hal.o
 .debug_ranges  0x0000000000000520       0xa0 build/stm32f1xx_hal_rcc.o
 .debug_ranges  0x00000000000005c0       0x48 build/stm32f1xx_hal_gpio.o
 .debug_ranges  0x0000000000000608       0x70 build/stm32f1xx_hal_dma.o
 .debug_ranges  0x0000000000000678       0xe0 build/stm32f1xx_hal_cortex.o
 .debug_ranges  0x0000000000000758      0x3c0 build/stm32f1xx_hal_tim.o
 .debug_ranges  0x0000000000000b18      0x158 build/stm32f1xx_hal_tim_ex.o
 .debug_ranges  0x0000000000000c70       0x18 build/system_stm32f1xx.o
 .debug_ranges  0x0000000000000c88       0x20 build/startup_stm32f103xb.o

.debug_line     0x0000000000000000     0xdc2d
 .debug_line    0x0000000000000000      0x2f1 build/main.o
 .debug_line    0x00000000000002f1      0x250 build/gpio.o
 .debug_line    0x0000000000000541      0x18d build/dma.o
 .debug_line    0x00000000000006ce      0x431 build/spi.o
 .debug_line    0x0000000000000aff      0x320 build/tim.o
 .debug_line    0x0000000000000e1f      0x1db build/display.o
 .debug_line    0x0000000000000ffa      0x21d build/encoder.o
 .debug_line    0x0000000000001217      0x645 build/NRF24.o
 .debug_line    0x000000000000185c      0xa5c build/ssd1306.o
 .debug_line    0x00000000000022b8      0x11e build/ssd1306_fonts.o
 .debug_line    0x00000000000023d6      0x2e1 build/stm32f1xx_it.o
 .debug_line    0x00000000000026b7      0x16b build/stm32f1xx_hal_msp.o
 .debug_line    0x0000000000002822     0x24b6 build/stm32f1xx_hal_spi.o
 .debug_line    0x0000000000004cd8      0x51c build/stm32f1xx_hal.o
 .debug_line    0x00000000000051f4      0xc10 build/stm32f1xx_hal_rcc.o
 .debug_line    0x0000000000005e04      0x5cf build/stm32f1xx_hal_gpio.o
 .debug_line    0x00000000000063d3      0xa48 build/stm32f1xx_hal_dma.o
 .debug_line    0x0000000000006e1b      0x627 build/stm32f1xx_hal_cortex.o
 .debug_line    0x0000000000007442     0x4967 build/stm32f1xx_hal_tim.o
 .debug_line    0x000000000000bda9     0x1bdc build/stm32f1xx_hal_tim_ex.o
 .debug_line    0x000000000000d985      0x234 build/system_stm32f1xx.o
 .debug_line    0x000000000000dbb9       0x74 build/startup_stm32f103xb.o

.debug_str      0x0000000000000000     0x3b68
 .debug_str     0x0000000000000000      0x3d1 build/main.o
                                        0x446 (size before relaxing)
 .debug_str     0x00000000000003d1      0x3cd build/gpio.o
                                        0x56a (size before relaxing)
 .debug_str     0x000000000000079e        0xf build/dma.o
                                        0x4d0 (size before relaxing)
 .debug_str     0x00000000000007ad      0x3f1 build/spi.o
                                        0x6b7 (size before relaxing)
 .debug_str     0x0000000000000b9e      0x43a build/tim.o
                                        0x8d2 (size before relaxing)
 .debug_str     0x0000000000000fd8       0xe8 build/display.o
                                        0x2b0 (size before relaxing)
 .debug_str     0x00000000000010c0       0x31 build/encoder.o
                                        0x687 (size before relaxing)
 .debug_str     0x00000000000010f1      0x194 build/NRF24.o
                                        0x753 (size before relaxing)
 .debug_str     0x0000000000001285      0x338 build/ssd1306.o
                                        0x9e2 (size before relaxing)
 .debug_str     0x00000000000015bd       0x5c build/ssd1306_fonts.o
                                        0x1fc (size before relaxing)
 .debug_str     0x0000000000001619      0x10a build/stm32f1xx_it.o
                                        0x474 (size before relaxing)
 .debug_str     0x0000000000001723       0x29 build/stm32f1xx_hal_msp.o
                                        0x20f (size before relaxing)
 .debug_str     0x000000000000174c      0x53f build/stm32f1xx_hal_spi.o
                                        0xb52 (size before relaxing)
 .debug_str     0x0000000000001c8b      0x2d9 build/stm32f1xx_hal.o
                                        0x80f (size before relaxing)
 .debug_str     0x0000000000001f64      0x202 build/stm32f1xx_hal_rcc.o
                                        0x616 (size before relaxing)
 .debug_str     0x0000000000002166       0xde build/stm32f1xx_hal_gpio.o
                                        0x3eb (size before relaxing)
 .debug_str     0x0000000000002244      0x1d8 build/stm32f1xx_hal_dma.o
                                        0x5e8 (size before relaxing)
 .debug_str     0x000000000000241c      0x3a5 build/stm32f1xx_hal_cortex.o
                                        0x8be (size before relaxing)
 .debug_str     0x00000000000027c1      0xe13 build/stm32f1xx_hal_tim.o
                                       0x162a (size before relaxing)
 .debug_str     0x00000000000035d4      0x521 build/stm32f1xx_hal_tim_ex.o
                                        0xe2b (size before relaxing)
 .debug_str     0x0000000000003af5       0x4f build/system_stm32f1xx.o
                                        0x23f (size before relaxing)
 .debug_str     0x0000000000003b44       0x24 build/startup_stm32f103xb.o
                                         0x5e (size before relaxing)

.comment        0x0000000000000000       0x49
 .comment       0x0000000000000000       0x49 build/main.o
                                         0x4a (size before relaxing)
 .comment       0x0000000000000049       0x4a build/gpio.o
 .comment       0x0000000000000049       0x4a build/dma.o
 .comment       0x0000000000000049       0x4a build/spi.o
 .comment       0x0000000000000049       0x4a build/tim.o
 .comment       0x0000000000000049       0x4a build/display.o
 .comment       0x0000000000000049       0x4a build/encoder.o
 .comment       0x0000000000000049       0x4a build/NRF24.o
 .comment       0x0000000000000049       0x4a build/ssd1306.o
 .comment       0x0000000000000049       0x4a build/ssd1306_fonts.o
 .comment       0x0000000000000049       0x4a build/stm32f1xx_it.o
 .comment       0x0000000000000049       0x4a build/stm32f1xx_hal_msp.o
 .comment       0x0000000000000049       0x4a build/stm32f1xx_hal_spi.o
 .comment       0x0000000000000049       0x4a build/stm32f1xx_hal.o
 .comment       0x0000000000000049       0x4a build/stm32f1xx_hal_rcc.o
 .comment       0x0000000000000049       0x4a build/stm32f1xx_hal_gpio.o
 .comment       0x0000000000000049       0x4a build/stm32f1xx_hal_dma.o
 .comment       0x0000000000000049       0x4a build/stm32f1xx_hal_cortex.o
 .comment       0x0000000000000049       0x4a build/stm32f1xx_hal_tim.o
 .comment       0x0000000000000049       0x4a build/stm32f1xx_hal_tim_ex.o
 .comment       0x0000000000000049       0x4a build/system_stm32f1xx.o

.debug_frame    0x0000000000000000     0x28b0
 .debug_frame   0x0000000000000000       0x70 build/main.o
 .debug_frame   0x0000000000000070       0x38 build/gpio.o
 .debug_frame   0x00000000000000a8       0x2c build/dma.o
 .debug_frame   0x00000000000000d4       0x78 build/spi.o
 .debug_frame   0x000000000000014c       0x68 build/tim.o
 .debug_frame   0x00000000000001b4       0x4c build/display.o
 .debug_frame   0x0000000000000200       0x38 build/encoder.o
 .debug_frame   0x0000000000000238      0x19c build/NRF24.o
 .debug_frame   0x00000000000003d4      0x2a4 build/ssd1306.o
 .debug_frame   0x0000000000000678       0xd8 build/stm32f1xx_it.o
 .debug_frame   0x0000000000000750       0x28 build/stm32f1xx_hal_msp.o
 .debug_frame   0x0000000000000778      0x5ac build/stm32f1xx_hal_spi.o
 .debug_frame   0x0000000000000d24      0x1cc build/stm32f1xx_hal.o
 .debug_frame   0x0000000000000ef0      0x184 build/stm32f1xx_hal_rcc.o
 .debug_frame   0x0000000000001074       0xe4 build/stm32f1xx_hal_gpio.o
 .debug_frame   0x0000000000001158      0x144 build/stm32f1xx_hal_dma.o
 .debug_frame   0x000000000000129c      0x118 build/stm32f1xx_hal_cortex.o
 .debug_frame   0x00000000000013b4      0xb18 build/stm32f1xx_hal_tim.o
 .debug_frame   0x0000000000001ecc      0x40c build/stm32f1xx_hal_tim_ex.o
 .debug_frame   0x00000000000022d8       0x30 build/system_stm32f1xx.o
 .debug_frame   0x0000000000002308       0x2c /home/seradya/toolchains/gcc-arm-none-eabi-10.3-2021.10/bin/../lib/gcc/arm-none-eabi/10.3.1/../../../../arm-none-eabi/lib/thumb/v7-m/nofp/libc_nano.a(lib_a-init.o)
 .debug_frame   0x0000000000002334       0x28 /home/seradya/toolchains/gcc-arm-none-eabi-10.3-2021.10/bin/../lib/gcc/arm-none-eabi/10.3.1/../../../../arm-none-eabi/lib/thumb/v7-m/nofp/libc_nano.a(lib_a-memcpy-stub.o)
 .debug_frame   0x000000000000235c       0x28 /home/seradya/toolchains/gcc-arm-none-eabi-10.3-2021.10/bin/../lib/gcc/arm-none-eabi/10.3.1/../../../../arm-none-eabi/lib/thumb/v7-m/nofp/libc_nano.a(lib_a-memmove.o)
 .debug_frame   0x0000000000002384       0x20 /home/seradya/toolchains/gcc-arm-none-eabi-10.3-2021.10/bin/../lib/gcc/arm-none-eabi/10.3.1/../../../../arm-none-eabi/lib/thumb/v7-m/nofp/libc_nano.a(lib_a-memset.o)
 .debug_frame   0x00000000000023a4       0x6c /home/seradya/toolchains/gcc-arm-none-eabi-10.3-2021.10/bin/../lib/gcc/arm-none-eabi/10.3.1/../../../../arm-none-eabi/lib/thumb/v7-m/nofp/libc_nano.a(lib_a-sprintf.o)
 .debug_frame   0x0000000000002410       0x90 /home/seradya/toolchains/gcc-arm-none-eabi-10.3-2021.10/bin/../lib/gcc/arm-none-eabi/10.3.1/../../../../arm-none-eabi/lib/thumb/v7-m/nofp/libc_nano.a(lib_a-nano-svfprintf.o)
 .debug_frame   0x00000000000024a0       0x60 /home/seradya/toolchains/gcc-arm-none-eabi-10.3-2021.10/bin/../lib/gcc/arm-none-eabi/10.3.1/../../../../arm-none-eabi/lib/thumb/v7-m/nofp/libc_nano.a(lib_a-nano-vfprintf_i.o)
 .debug_frame   0x0000000000002500       0x28 /home/seradya/toolchains/gcc-arm-none-eabi-10.3-2021.10/bin/../lib/gcc/arm-none-eabi/10.3.1/../../../../arm-none-eabi/lib/thumb/v7-m/nofp/libc_nano.a(lib_a-memchr-stub.o)
 .debug_frame   0x0000000000002528       0x38 /home/seradya/toolchains/gcc-arm-none-eabi-10.3-2021.10/bin/../lib/gcc/arm-none-eabi/10.3.1/../../../../arm-none-eabi/lib/thumb/v7-m/nofp/libc_nano.a(lib_a-nano-freer.o)
 .debug_frame   0x0000000000002560       0x4c /home/seradya/toolchains/gcc-arm-none-eabi-10.3-2021.10/bin/../lib/gcc/arm-none-eabi/10.3.1/../../../../arm-none-eabi/lib/thumb/v7-m/nofp/libc_nano.a(lib_a-nano-mallocr.o)
 .debug_frame   0x00000000000025ac       0x3c /home/seradya/toolchains/gcc-arm-none-eabi-10.3-2021.10/bin/../lib/gcc/arm-none-eabi/10.3.1/../../../../arm-none-eabi/lib/thumb/v7-m/nofp/libc_nano.a(lib_a-nano-reallocr.o)
 .debug_frame   0x00000000000025e8       0x2c /home/seradya/toolchains/gcc-arm-none-eabi-10.3-2021.10/bin/../lib/gcc/arm-none-eabi/10.3.1/../../../../arm-none-eabi/lib/thumb/v7-m/nofp/libc_nano.a(lib_a-sbrkr.o)
 .debug_frame   0x0000000000002614       0x30 /home/seradya/toolchains/gcc-arm-none-eabi-10.3-2021.10/bin/../lib/gcc/arm-none-eabi/10.3.1/../../../../arm-none-eabi/lib/thumb/v7-m/nofp/libc_nano.a(lib_a-mlock.o)
 .debug_frame   0x0000000000002644       0x20 /home/seradya/toolchains/gcc-arm-none-eabi-10.3-2021.10/bin/../lib/gcc/arm-none-eabi/10.3.1/../../../../arm-none-eabi/lib/thumb/v7-m/nofp/libc_nano.a(lib_a-nano-msizer.o)
 .debug_frame   0x0000000000002664       0x5c /home/seradya/toolchains/gcc-arm-none-eabi-10.3-2021.10/bin/../lib/gcc/arm-none-eabi/10.3.1/../../../../arm-none-eabi/lib/thumb/v7-m/nofp/libc_nano.a(lib_a-reent.o)
 .debug_frame   0x00000000000026c0       0xb0 /home/seradya/toolchains/gcc-arm-none-eabi-10.3-2021.10/bin/../lib/gcc/arm-none-eabi/10.3.1/../../../../arm-none-eabi/lib/thumb/v7-m/nofp/libc_nano.a(lib_a-lock.o)
 .debug_frame   0x0000000000002770       0x20 /home/seradya/toolchains/gcc-arm-none-eabi-10.3-2021.10/bin/../lib/gcc/arm-none-eabi/10.3.1/../../../../arm-none-eabi/lib/thumb/v7-m/nofp/libnosys.a(sbrk.o)
 .debug_frame   0x0000000000002790       0xac /home/seradya/toolchains/gcc-arm-none-eabi-10.3-2021.10/bin/../lib/gcc/arm-none-eabi/10.3.1/thumb/v7-m/nofp/libgcc.a(_arm_addsubdf3.o)
 .debug_frame   0x000000000000283c       0x50 /home/seradya/toolchains/gcc-arm-none-eabi-10.3-2021.10/bin/../lib/gcc/arm-none-eabi/10.3.1/thumb/v7-m/nofp/libgcc.a(_arm_muldivdf3.o)
 .debug_frame   0x000000000000288c       0x24 /home/seradya/toolchains/gcc-arm-none-eabi-10.3-2021.10/bin/../lib/gcc/arm-none-eabi/10.3.1/thumb/v7-m/nofp/libgcc.a(_arm_truncdfsf2.o)

Cross Reference Table

Symbol                                            File
ADC1_2_IRQHandler                                 build/startup_stm32f103xb.o
AHBPrescTable                                     build/system_stm32f1xx.o
                                                  build/stm32f1xx_hal_rcc.o
APBPrescTable                                     build/system_stm32f1xx.o
                                                  build/stm32f1xx_hal_rcc.o
BusFault_Handler                                  build/stm32f1xx_it.o
CAN1_RX1_IRQHandler                               build/startup_stm32f103xb.o
CAN1_SCE_IRQHandler                               build/startup_stm32f103xb.o
DMA1_Channel1_IRQHandler                          build/startup_stm32f103xb.o
DMA1_Channel2_IRQHandler                          build/startup_stm32f103xb.o
DMA1_Channel3_IRQHandler                          build/startup_stm32f103xb.o
DMA1_Channel4_IRQHandler                          build/startup_stm32f103xb.o
DMA1_Channel5_IRQHandler                          build/stm32f1xx_it.o
DMA1_Channel6_IRQHandler                          build/startup_stm32f103xb.o
DMA1_Channel7_IRQHandler                          build/startup_stm32f103xb.o
DebugMon_Handler                                  build/stm32f1xx_it.o
Default_Handler                                   build/startup_stm32f103xb.o
Display_Init                                      build/display.o
                                                  build/main.o
EXTI0_IRQHandler                                  build/startup_stm32f103xb.o
EXTI15_10_IRQHandler                              build/startup_stm32f103xb.o
EXTI1_IRQHandler                                  build/startup_stm32f103xb.o
EXTI2_IRQHandler                                  build/stm32f1xx_it.o
EXTI3_IRQHandler                                  build/startup_stm32f103xb.o
EXTI4_IRQHandler                                  build/startup_stm32f103xb.o
EXTI9_5_IRQHandler                                build/startup_stm32f103xb.o
Enc_val                                           build/encoder.o
Encoder_Init                                      build/encoder.o
                                                  build/main.o
ErrCnt_Fl                                         build/NRF24.o
Error_Handler                                     build/main.o
                                                  build/tim.o
                                                  build/spi.o
FLASH_IRQHandler                                  build/startup_stm32f103xb.o
FLASH_PageErase                                   build/stm32f1xx_hal_flash_ex.o
                                                  build/stm32f1xx_hal_flash.o
FLASH_WaitForLastOperation                        build/stm32f1xx_hal_flash.o
                                                  build/stm32f1xx_hal_flash_ex.o
Font_11x18                                        build/ssd1306_fonts.o
                                                  build/ssd1306_tests.o
                                                  build/display.o
Font_16x26                                        build/ssd1306_fonts.o
                                                  build/ssd1306_tests.o
Font_6x8                                          build/ssd1306_fonts.o
                                                  build/ssd1306_tests.o
Font_7x10                                         build/ssd1306_fonts.o
                                                  build/ssd1306_tests.o
HAL_DBGMCU_DisableDBGSleepMode                    build/stm32f1xx_hal.o
HAL_DBGMCU_DisableDBGStandbyMode                  build/stm32f1xx_hal.o
HAL_DBGMCU_DisableDBGStopMode                     build/stm32f1xx_hal.o
HAL_DBGMCU_EnableDBGSleepMode                     build/stm32f1xx_hal.o
HAL_DBGMCU_EnableDBGStandbyMode                   build/stm32f1xx_hal.o
HAL_DBGMCU_EnableDBGStopMode                      build/stm32f1xx_hal.o
HAL_DMA_Abort                                     build/stm32f1xx_hal_dma.o
                                                  build/stm32f1xx_hal_spi.o
HAL_DMA_Abort_IT                                  build/stm32f1xx_hal_dma.o
                                                  build/stm32f1xx_hal_tim_ex.o
                                                  build/stm32f1xx_hal_tim.o
                                                  build/stm32f1xx_hal_spi.o
HAL_DMA_DeInit                                    build/stm32f1xx_hal_dma.o
                                                  build/spi.o
HAL_DMA_GetError                                  build/stm32f1xx_hal_dma.o
HAL_DMA_GetState                                  build/stm32f1xx_hal_dma.o
HAL_DMA_IRQHandler                                build/stm32f1xx_hal_dma.o
                                                  build/stm32f1xx_it.o
HAL_DMA_Init                                      build/stm32f1xx_hal_dma.o
                                                  build/spi.o
HAL_DMA_PollForTransfer                           build/stm32f1xx_hal_dma.o
HAL_DMA_RegisterCallback                          build/stm32f1xx_hal_dma.o
HAL_DMA_Start                                     build/stm32f1xx_hal_dma.o
HAL_DMA_Start_IT                                  build/stm32f1xx_hal_dma.o
                                                  build/stm32f1xx_hal_tim_ex.o
                                                  build/stm32f1xx_hal_tim.o
                                                  build/stm32f1xx_hal_spi.o
HAL_DMA_UnRegisterCallback                        build/stm32f1xx_hal_dma.o
HAL_DeInit                                        build/stm32f1xx_hal.o
HAL_Delay                                         build/stm32f1xx_hal.o
                                                  build/ssd1306_tests.o
                                                  build/ssd1306.o
                                                  build/main.o
HAL_EXTI_ClearConfigLine                          build/stm32f1xx_hal_exti.o
HAL_EXTI_ClearPending                             build/stm32f1xx_hal_exti.o
HAL_EXTI_GenerateSWI                              build/stm32f1xx_hal_exti.o
HAL_EXTI_GetConfigLine                            build/stm32f1xx_hal_exti.o
HAL_EXTI_GetHandle                                build/stm32f1xx_hal_exti.o
HAL_EXTI_GetPending                               build/stm32f1xx_hal_exti.o
HAL_EXTI_IRQHandler                               build/stm32f1xx_hal_exti.o
HAL_EXTI_RegisterCallback                         build/stm32f1xx_hal_exti.o
HAL_EXTI_SetConfigLine                            build/stm32f1xx_hal_exti.o
HAL_FLASHEx_Erase                                 build/stm32f1xx_hal_flash_ex.o
HAL_FLASHEx_Erase_IT                              build/stm32f1xx_hal_flash_ex.o
HAL_FLASHEx_OBErase                               build/stm32f1xx_hal_flash_ex.o
HAL_FLASHEx_OBGetConfig                           build/stm32f1xx_hal_flash_ex.o
HAL_FLASHEx_OBGetUserData                         build/stm32f1xx_hal_flash_ex.o
HAL_FLASHEx_OBProgram                             build/stm32f1xx_hal_flash_ex.o
HAL_FLASH_EndOfOperationCallback                  build/stm32f1xx_hal_flash.o
HAL_FLASH_GetError                                build/stm32f1xx_hal_flash.o
HAL_FLASH_IRQHandler                              build/stm32f1xx_hal_flash.o
HAL_FLASH_Lock                                    build/stm32f1xx_hal_flash.o
HAL_FLASH_OB_Launch                               build/stm32f1xx_hal_flash.o
HAL_FLASH_OB_Lock                                 build/stm32f1xx_hal_flash.o
HAL_FLASH_OB_Unlock                               build/stm32f1xx_hal_flash.o
HAL_FLASH_OperationErrorCallback                  build/stm32f1xx_hal_flash.o
HAL_FLASH_Program                                 build/stm32f1xx_hal_flash.o
HAL_FLASH_Program_IT                              build/stm32f1xx_hal_flash.o
HAL_FLASH_Unlock                                  build/stm32f1xx_hal_flash.o
HAL_GPIOEx_ConfigEventout                         build/stm32f1xx_hal_gpio_ex.o
HAL_GPIOEx_DisableEventout                        build/stm32f1xx_hal_gpio_ex.o
HAL_GPIOEx_EnableEventout                         build/stm32f1xx_hal_gpio_ex.o
HAL_GPIO_DeInit                                   build/stm32f1xx_hal_gpio.o
                                                  build/tim.o
                                                  build/spi.o
HAL_GPIO_EXTI_Callback                            build/main.o
HAL_GPIO_EXTI_IRQHandler                          build/stm32f1xx_hal_gpio.o
                                                  build/stm32f1xx_it.o
HAL_GPIO_Init                                     build/stm32f1xx_hal_gpio.o
                                                  build/stm32f1xx_hal_rcc.o
                                                  build/tim.o
                                                  build/spi.o
                                                  build/gpio.o
HAL_GPIO_LockPin                                  build/stm32f1xx_hal_gpio.o
HAL_GPIO_ReadPin                                  build/stm32f1xx_hal_gpio.o
HAL_GPIO_TogglePin                                build/stm32f1xx_hal_gpio.o
HAL_GPIO_WritePin                                 build/stm32f1xx_hal_gpio.o
                                                  build/ssd1306.o
                                                  build/NRF24.o
                                                  build/gpio.o
HAL_GetDEVID                                      build/stm32f1xx_hal.o
HAL_GetHalVersion                                 build/stm32f1xx_hal.o
HAL_GetREVID                                      build/stm32f1xx_hal.o
HAL_GetTick                                       build/stm32f1xx_hal.o
                                                  build/stm32f1xx_hal_flash.o
                                                  build/stm32f1xx_hal_dma.o
                                                  build/stm32f1xx_hal_rcc_ex.o
                                                  build/stm32f1xx_hal_rcc.o
                                                  build/stm32f1xx_hal_spi.o
                                                  build/ssd1306_tests.o
HAL_GetTickFreq                                   build/stm32f1xx_hal.o
HAL_GetTickPrio                                   build/stm32f1xx_hal.o
HAL_GetUIDw0                                      build/stm32f1xx_hal.o
HAL_GetUIDw1                                      build/stm32f1xx_hal.o
HAL_GetUIDw2                                      build/stm32f1xx_hal.o
HAL_IncTick                                       build/stm32f1xx_hal.o
                                                  build/stm32f1xx_it.o
HAL_Init                                          build/stm32f1xx_hal.o
                                                  build/main.o
HAL_InitTick                                      build/stm32f1xx_hal.o
                                                  build/stm32f1xx_hal_rcc.o
HAL_MspDeInit                                     build/stm32f1xx_hal.o
HAL_MspInit                                       build/stm32f1xx_hal_msp.o
HAL_NVIC_ClearPendingIRQ                          build/stm32f1xx_hal_cortex.o
HAL_NVIC_DisableIRQ                               build/stm32f1xx_hal_cortex.o
HAL_NVIC_EnableIRQ                                build/stm32f1xx_hal_cortex.o
                                                  build/dma.o
                                                  build/gpio.o
HAL_NVIC_GetActive                                build/stm32f1xx_hal_cortex.o
HAL_NVIC_GetPendingIRQ                            build/stm32f1xx_hal_cortex.o
HAL_NVIC_GetPriority                              build/stm32f1xx_hal_cortex.o
HAL_NVIC_GetPriorityGrouping                      build/stm32f1xx_hal_cortex.o
HAL_NVIC_SetPendingIRQ                            build/stm32f1xx_hal_cortex.o
HAL_NVIC_SetPriority                              build/stm32f1xx_hal_cortex.o
                                                  build/stm32f1xx_hal.o
                                                  build/dma.o
                                                  build/gpio.o
HAL_NVIC_SetPriorityGrouping                      build/stm32f1xx_hal_cortex.o
                                                  build/stm32f1xx_hal.o
HAL_NVIC_SystemReset                              build/stm32f1xx_hal_cortex.o
                                                  build/stm32f1xx_hal_flash.o
HAL_PWR_ConfigPVD                                 build/stm32f1xx_hal_pwr.o
HAL_PWR_DeInit                                    build/stm32f1xx_hal_pwr.o
HAL_PWR_DisableBkUpAccess                         build/stm32f1xx_hal_pwr.o
HAL_PWR_DisablePVD                                build/stm32f1xx_hal_pwr.o
HAL_PWR_DisableSEVOnPend                          build/stm32f1xx_hal_pwr.o
HAL_PWR_DisableSleepOnExit                        build/stm32f1xx_hal_pwr.o
HAL_PWR_DisableWakeUpPin                          build/stm32f1xx_hal_pwr.o
HAL_PWR_EnableBkUpAccess                          build/stm32f1xx_hal_pwr.o
HAL_PWR_EnablePVD                                 build/stm32f1xx_hal_pwr.o
HAL_PWR_EnableSEVOnPend                           build/stm32f1xx_hal_pwr.o
HAL_PWR_EnableSleepOnExit                         build/stm32f1xx_hal_pwr.o
HAL_PWR_EnableWakeUpPin                           build/stm32f1xx_hal_pwr.o
HAL_PWR_EnterSLEEPMode                            build/stm32f1xx_hal_pwr.o
HAL_PWR_EnterSTANDBYMode                          build/stm32f1xx_hal_pwr.o
HAL_PWR_EnterSTOPMode                             build/stm32f1xx_hal_pwr.o
HAL_PWR_PVDCallback                               build/stm32f1xx_hal_pwr.o
HAL_PWR_PVD_IRQHandler                            build/stm32f1xx_hal_pwr.o
HAL_RCCEx_GetPeriphCLKConfig                      build/stm32f1xx_hal_rcc_ex.o
HAL_RCCEx_GetPeriphCLKFreq                        build/stm32f1xx_hal_rcc_ex.o
HAL_RCCEx_PeriphCLKConfig                         build/stm32f1xx_hal_rcc_ex.o
HAL_RCC_CSSCallback                               build/stm32f1xx_hal_rcc.o
HAL_RCC_ClockConfig                               build/stm32f1xx_hal_rcc.o
                                                  build/main.o
HAL_RCC_DeInit                                    build/stm32f1xx_hal_rcc.o
HAL_RCC_DisableCSS                                build/stm32f1xx_hal_rcc.o
HAL_RCC_EnableCSS                                 build/stm32f1xx_hal_rcc.o
HAL_RCC_GetClockConfig                            build/stm32f1xx_hal_rcc.o
HAL_RCC_GetHCLKFreq                               build/stm32f1xx_hal_rcc.o
HAL_RCC_GetOscConfig                              build/stm32f1xx_hal_rcc.o
HAL_RCC_GetPCLK1Freq                              build/stm32f1xx_hal_rcc.o
HAL_RCC_GetPCLK2Freq                              build/stm32f1xx_hal_rcc.o
                                                  build/stm32f1xx_hal_rcc_ex.o
HAL_RCC_GetSysClockFreq                           build/stm32f1xx_hal_rcc.o
HAL_RCC_MCOConfig                                 build/stm32f1xx_hal_rcc.o
HAL_RCC_NMI_IRQHandler                            build/stm32f1xx_hal_rcc.o
HAL_RCC_OscConfig                                 build/stm32f1xx_hal_rcc.o
                                                  build/main.o
HAL_ResumeTick                                    build/stm32f1xx_hal.o
HAL_SPI_Abort                                     build/stm32f1xx_hal_spi.o
HAL_SPI_AbortCpltCallback                         build/stm32f1xx_hal_spi.o
HAL_SPI_Abort_IT                                  build/stm32f1xx_hal_spi.o
HAL_SPI_DMAPause                                  build/stm32f1xx_hal_spi.o
HAL_SPI_DMAResume                                 build/stm32f1xx_hal_spi.o
HAL_SPI_DMAStop                                   build/stm32f1xx_hal_spi.o
HAL_SPI_DeInit                                    build/stm32f1xx_hal_spi.o
HAL_SPI_ErrorCallback                             build/stm32f1xx_hal_spi.o
HAL_SPI_GetError                                  build/stm32f1xx_hal_spi.o
HAL_SPI_GetState                                  build/stm32f1xx_hal_spi.o
HAL_SPI_IRQHandler                                build/stm32f1xx_hal_spi.o
HAL_SPI_Init                                      build/stm32f1xx_hal_spi.o
                                                  build/spi.o
HAL_SPI_MspDeInit                                 build/spi.o
HAL_SPI_MspInit                                   build/spi.o
HAL_SPI_Receive                                   build/stm32f1xx_hal_spi.o
                                                  build/NRF24.o
HAL_SPI_Receive_DMA                               build/stm32f1xx_hal_spi.o
HAL_SPI_Receive_IT                                build/stm32f1xx_hal_spi.o
HAL_SPI_RxCpltCallback                            build/stm32f1xx_hal_spi.o
HAL_SPI_RxHalfCpltCallback                        build/stm32f1xx_hal_spi.o
HAL_SPI_Transmit                                  build/stm32f1xx_hal_spi.o
                                                  build/ssd1306.o
                                                  build/NRF24.o
HAL_SPI_TransmitReceive                           build/stm32f1xx_hal_spi.o
                                                  build/NRF24.o
HAL_SPI_TransmitReceive_DMA                       build/stm32f1xx_hal_spi.o
HAL_SPI_TransmitReceive_IT                        build/stm32f1xx_hal_spi.o
HAL_SPI_Transmit_DMA                              build/stm32f1xx_hal_spi.o
HAL_SPI_Transmit_IT                               build/stm32f1xx_hal_spi.o
HAL_SPI_TxCpltCallback                            build/stm32f1xx_hal_spi.o
HAL_SPI_TxHalfCpltCallback                        build/stm32f1xx_hal_spi.o
HAL_SPI_TxRxCpltCallback                          build/stm32f1xx_hal_spi.o
HAL_SPI_TxRxHalfCpltCallback                      build/stm32f1xx_hal_spi.o
HAL_SYSTICK_CLKSourceConfig                       build/stm32f1xx_hal_cortex.o
HAL_SYSTICK_Callback                              build/stm32f1xx_hal_cortex.o
HAL_SYSTICK_Config                                build/stm32f1xx_hal_cortex.o
                                                  build/stm32f1xx_hal.o
HAL_SYSTICK_IRQHandler                            build/stm32f1xx_hal_cortex.o
HAL_SetTickFreq                                   build/stm32f1xx_hal.o
HAL_SuspendTick                                   build/stm32f1xx_hal.o
HAL_TIMEx_BreakCallback                           build/stm32f1xx_hal_tim_ex.o
                                                  build/stm32f1xx_hal_tim.o
HAL_TIMEx_CommutCallback                          build/stm32f1xx_hal_tim_ex.o
                                                  build/stm32f1xx_hal_tim.o
HAL_TIMEx_CommutHalfCpltCallback                  build/stm32f1xx_hal_tim_ex.o
HAL_TIMEx_ConfigBreakDeadTime                     build/stm32f1xx_hal_tim_ex.o
HAL_TIMEx_ConfigCommutEvent                       build/stm32f1xx_hal_tim_ex.o
HAL_TIMEx_ConfigCommutEvent_DMA                   build/stm32f1xx_hal_tim_ex.o
HAL_TIMEx_ConfigCommutEvent_IT                    build/stm32f1xx_hal_tim_ex.o
HAL_TIMEx_GetChannelNState                        build/stm32f1xx_hal_tim_ex.o
HAL_TIMEx_HallSensor_DeInit                       build/stm32f1xx_hal_tim_ex.o
HAL_TIMEx_HallSensor_GetState                     build/stm32f1xx_hal_tim_ex.o
HAL_TIMEx_HallSensor_Init                         build/stm32f1xx_hal_tim_ex.o
HAL_TIMEx_HallSensor_MspDeInit                    build/stm32f1xx_hal_tim_ex.o
HAL_TIMEx_HallSensor_MspInit                      build/stm32f1xx_hal_tim_ex.o
HAL_TIMEx_HallSensor_Start                        build/stm32f1xx_hal_tim_ex.o
HAL_TIMEx_HallSensor_Start_DMA                    build/stm32f1xx_hal_tim_ex.o
HAL_TIMEx_HallSensor_Start_IT                     build/stm32f1xx_hal_tim_ex.o
HAL_TIMEx_HallSensor_Stop                         build/stm32f1xx_hal_tim_ex.o
HAL_TIMEx_HallSensor_Stop_DMA                     build/stm32f1xx_hal_tim_ex.o
HAL_TIMEx_HallSensor_Stop_IT                      build/stm32f1xx_hal_tim_ex.o
HAL_TIMEx_MasterConfigSynchronization             build/stm32f1xx_hal_tim_ex.o
                                                  build/tim.o
HAL_TIMEx_OCN_Start                               build/stm32f1xx_hal_tim_ex.o
HAL_TIMEx_OCN_Start_DMA                           build/stm32f1xx_hal_tim_ex.o
HAL_TIMEx_OCN_Start_IT                            build/stm32f1xx_hal_tim_ex.o
HAL_TIMEx_OCN_Stop                                build/stm32f1xx_hal_tim_ex.o
HAL_TIMEx_OCN_Stop_DMA                            build/stm32f1xx_hal_tim_ex.o
HAL_TIMEx_OCN_Stop_IT                             build/stm32f1xx_hal_tim_ex.o
HAL_TIMEx_OnePulseN_Start                         build/stm32f1xx_hal_tim_ex.o
HAL_TIMEx_OnePulseN_Start_IT                      build/stm32f1xx_hal_tim_ex.o
HAL_TIMEx_OnePulseN_Stop                          build/stm32f1xx_hal_tim_ex.o
HAL_TIMEx_OnePulseN_Stop_IT                       build/stm32f1xx_hal_tim_ex.o
HAL_TIMEx_PWMN_Start                              build/stm32f1xx_hal_tim_ex.o
HAL_TIMEx_PWMN_Start_DMA                          build/stm32f1xx_hal_tim_ex.o
HAL_TIMEx_PWMN_Start_IT                           build/stm32f1xx_hal_tim_ex.o
HAL_TIMEx_PWMN_Stop                               build/stm32f1xx_hal_tim_ex.o
HAL_TIMEx_PWMN_Stop_DMA                           build/stm32f1xx_hal_tim_ex.o
HAL_TIMEx_PWMN_Stop_IT                            build/stm32f1xx_hal_tim_ex.o
HAL_TIMEx_RemapConfig                             build/stm32f1xx_hal_tim_ex.o
HAL_TIM_Base_DeInit                               build/stm32f1xx_hal_tim.o
HAL_TIM_Base_GetState                             build/stm32f1xx_hal_tim.o
HAL_TIM_Base_Init                                 build/stm32f1xx_hal_tim.o
HAL_TIM_Base_MspDeInit                            build/stm32f1xx_hal_tim.o
HAL_TIM_Base_MspInit                              build/stm32f1xx_hal_tim.o
HAL_TIM_Base_Start                                build/stm32f1xx_hal_tim.o
HAL_TIM_Base_Start_DMA                            build/stm32f1xx_hal_tim.o
HAL_TIM_Base_Start_IT                             build/stm32f1xx_hal_tim.o
HAL_TIM_Base_Stop                                 build/stm32f1xx_hal_tim.o
HAL_TIM_Base_Stop_DMA                             build/stm32f1xx_hal_tim.o
HAL_TIM_Base_Stop_IT                              build/stm32f1xx_hal_tim.o
HAL_TIM_ConfigClockSource                         build/stm32f1xx_hal_tim.o
HAL_TIM_ConfigOCrefClear                          build/stm32f1xx_hal_tim.o
HAL_TIM_ConfigTI1Input                            build/stm32f1xx_hal_tim.o
HAL_TIM_DMABurstState                             build/stm32f1xx_hal_tim.o
HAL_TIM_DMABurst_MultiReadStart                   build/stm32f1xx_hal_tim.o
HAL_TIM_DMABurst_MultiWriteStart                  build/stm32f1xx_hal_tim.o
HAL_TIM_DMABurst_ReadStart                        build/stm32f1xx_hal_tim.o
HAL_TIM_DMABurst_ReadStop                         build/stm32f1xx_hal_tim.o
HAL_TIM_DMABurst_WriteStart                       build/stm32f1xx_hal_tim.o
HAL_TIM_DMABurst_WriteStop                        build/stm32f1xx_hal_tim.o
HAL_TIM_Encoder_DeInit                            build/stm32f1xx_hal_tim.o
HAL_TIM_Encoder_GetState                          build/stm32f1xx_hal_tim.o
HAL_TIM_Encoder_Init                              build/stm32f1xx_hal_tim.o
                                                  build/tim.o
HAL_TIM_Encoder_MspDeInit                         build/tim.o
HAL_TIM_Encoder_MspInit                           build/tim.o
HAL_TIM_Encoder_Start                             build/stm32f1xx_hal_tim.o
                                                  build/encoder.o
HAL_TIM_Encoder_Start_DMA                         build/stm32f1xx_hal_tim.o
HAL_TIM_Encoder_Start_IT                          build/stm32f1xx_hal_tim.o
HAL_TIM_Encoder_Stop                              build/stm32f1xx_hal_tim.o
HAL_TIM_Encoder_Stop_DMA                          build/stm32f1xx_hal_tim.o
HAL_TIM_Encoder_Stop_IT                           build/stm32f1xx_hal_tim.o
HAL_TIM_ErrorCallback                             build/stm32f1xx_hal_tim.o
                                                  build/stm32f1xx_hal_tim_ex.o
HAL_TIM_GenerateEvent                             build/stm32f1xx_hal_tim.o
HAL_TIM_GetActiveChannel                          build/stm32f1xx_hal_tim.o
HAL_TIM_GetChannelState                           build/stm32f1xx_hal_tim.o
HAL_TIM_IC_CaptureCallback                        build/stm32f1xx_hal_tim.o
HAL_TIM_IC_CaptureHalfCpltCallback                build/stm32f1xx_hal_tim.o
HAL_TIM_IC_ConfigChannel                          build/stm32f1xx_hal_tim.o
HAL_TIM_IC_DeInit                                 build/stm32f1xx_hal_tim.o
HAL_TIM_IC_GetState                               build/stm32f1xx_hal_tim.o
HAL_TIM_IC_Init                                   build/stm32f1xx_hal_tim.o
HAL_TIM_IC_MspDeInit                              build/stm32f1xx_hal_tim.o
HAL_TIM_IC_MspInit                                build/stm32f1xx_hal_tim.o
HAL_TIM_IC_Start                                  build/stm32f1xx_hal_tim.o
HAL_TIM_IC_Start_DMA                              build/stm32f1xx_hal_tim.o
HAL_TIM_IC_Start_IT                               build/stm32f1xx_hal_tim.o
HAL_TIM_IC_Stop                                   build/stm32f1xx_hal_tim.o
HAL_TIM_IC_Stop_DMA                               build/stm32f1xx_hal_tim.o
HAL_TIM_IC_Stop_IT                                build/stm32f1xx_hal_tim.o
HAL_TIM_IRQHandler                                build/stm32f1xx_hal_tim.o
HAL_TIM_OC_ConfigChannel                          build/stm32f1xx_hal_tim.o
HAL_TIM_OC_DeInit                                 build/stm32f1xx_hal_tim.o
HAL_TIM_OC_DelayElapsedCallback                   build/stm32f1xx_hal_tim.o
HAL_TIM_OC_GetState                               build/stm32f1xx_hal_tim.o
HAL_TIM_OC_Init                                   build/stm32f1xx_hal_tim.o
HAL_TIM_OC_MspDeInit                              build/stm32f1xx_hal_tim.o
HAL_TIM_OC_MspInit                                build/stm32f1xx_hal_tim.o
HAL_TIM_OC_Start                                  build/stm32f1xx_hal_tim.o
HAL_TIM_OC_Start_DMA                              build/stm32f1xx_hal_tim.o
HAL_TIM_OC_Start_IT                               build/stm32f1xx_hal_tim.o
HAL_TIM_OC_Stop                                   build/stm32f1xx_hal_tim.o
HAL_TIM_OC_Stop_DMA                               build/stm32f1xx_hal_tim.o
HAL_TIM_OC_Stop_IT                                build/stm32f1xx_hal_tim.o
HAL_TIM_OnePulse_ConfigChannel                    build/stm32f1xx_hal_tim.o
HAL_TIM_OnePulse_DeInit                           build/stm32f1xx_hal_tim.o
HAL_TIM_OnePulse_GetState                         build/stm32f1xx_hal_tim.o
HAL_TIM_OnePulse_Init                             build/stm32f1xx_hal_tim.o
HAL_TIM_OnePulse_MspDeInit                        build/stm32f1xx_hal_tim.o
HAL_TIM_OnePulse_MspInit                          build/stm32f1xx_hal_tim.o
HAL_TIM_OnePulse_Start                            build/stm32f1xx_hal_tim.o
HAL_TIM_OnePulse_Start_IT                         build/stm32f1xx_hal_tim.o
HAL_TIM_OnePulse_Stop                             build/stm32f1xx_hal_tim.o
HAL_TIM_OnePulse_Stop_IT                          build/stm32f1xx_hal_tim.o
HAL_TIM_PWM_ConfigChannel                         build/stm32f1xx_hal_tim.o
HAL_TIM_PWM_DeInit                                build/stm32f1xx_hal_tim.o
HAL_TIM_PWM_GetState                              build/stm32f1xx_hal_tim.o
HAL_TIM_PWM_Init                                  build/stm32f1xx_hal_tim.o
HAL_TIM_PWM_MspDeInit                             build/stm32f1xx_hal_tim.o
HAL_TIM_PWM_MspInit                               build/stm32f1xx_hal_tim.o
HAL_TIM_PWM_PulseFinishedCallback                 build/stm32f1xx_hal_tim.o
                                                  build/stm32f1xx_hal_tim_ex.o
HAL_TIM_PWM_PulseFinishedHalfCpltCallback         build/stm32f1xx_hal_tim.o
HAL_TIM_PWM_Start                                 build/stm32f1xx_hal_tim.o
HAL_TIM_PWM_Start_DMA                             build/stm32f1xx_hal_tim.o
HAL_TIM_PWM_Start_IT                              build/stm32f1xx_hal_tim.o
HAL_TIM_PWM_Stop                                  build/stm32f1xx_hal_tim.o
HAL_TIM_PWM_Stop_DMA                              build/stm32f1xx_hal_tim.o
HAL_TIM_PWM_Stop_IT                               build/stm32f1xx_hal_tim.o